Archive member included to satisfy reference by file (symbol)

d:/produktivni programy/mplab/xc8/v3.0/avr/bin/../lib/gcc/avr/5.4.0/avrxmega2/memx-const\libgcc.a(_mulsi3.o)
                              build/default/debug/src/main.o (__mulsi3)
d:/produktivni programy/mplab/xc8/v3.0/avr/bin/../lib/gcc/avr/5.4.0/avrxmega2/memx-const\libgcc.a(_udivmodsi4.o)
                              build/default/debug/src/main.o (__udivmodsi4)
d:/produktivni programy/mplab/xc8/v3.0/avr/bin/../lib/gcc/avr/5.4.0/avrxmega2/memx-const\libgcc.a(_copy_data.o)
                              build/default/debug/src/main.o (__do_copy_data)
d:/produktivni programy/mplab/xc8/v3.0/avr/bin/../lib/gcc/avr/5.4.0/avrxmega2/memx-const\libgcc.a(_muluhisi3.o)
                              build/default/debug/src/main.o (__muluhisi3)
d:/produktivni programy/mplab/xc8/v3.0/avr/bin/../lib/gcc/avr/5.4.0/avrxmega2/memx-const\libgcc.a(_umulhisi3.o)
                              d:/produktivni programy/mplab/xc8/v3.0/avr/bin/../lib/gcc/avr/5.4.0/avrxmega2/memx-const\libgcc.a(_muluhisi3.o) (__umulhisi3)
d:/produktivni programy/mplab/xc8/v3.0/avr/bin/../lib/gcc/avr/5.4.0/../../../../avr/lib/avrxmega2/memx-const\libc.a(exit.o)
                              D:/Produktivni programy/MPLab/v610/packs/Microchip/AVR-Dx_DFP/2.3.272/xc8/avr/lib/avrxmega2/memx-const/crtavr64da28.o (exit)
d:/produktivni programy/mplab/xc8/v3.0/avr/bin/../lib/gcc/avr/5.4.0/../../../../avr/lib/avrxmega2/memx-const\libc.a(__sio_sprintf_doux.o)
                              build/default/debug/src/main.o (_sprintf_cdopuxX)
d:/produktivni programy/mplab/xc8/v3.0/avr/bin/../lib/gcc/avr/5.4.0/../../../../avr/lib/avrxmega2/memx-const\libc.a(__fmt_d.o)
                              d:/produktivni programy/mplab/xc8/v3.0/avr/bin/../lib/gcc/avr/5.4.0/../../../../avr/lib/avrxmega2/memx-const\libc.a(__sio_sprintf_doux.o) (__fmt_d_needed)
d:/produktivni programy/mplab/xc8/v3.0/avr/bin/../lib/gcc/avr/5.4.0/../../../../avr/lib/avrxmega2/memx-const\libc.a(__fmt_o.o)
                              d:/produktivni programy/mplab/xc8/v3.0/avr/bin/../lib/gcc/avr/5.4.0/../../../../avr/lib/avrxmega2/memx-const\libc.a(__sio_sprintf_doux.o) (__fmt_o_needed)
d:/produktivni programy/mplab/xc8/v3.0/avr/bin/../lib/gcc/avr/5.4.0/../../../../avr/lib/avrxmega2/memx-const\libc.a(__fmt_s.o)
                              d:/produktivni programy/mplab/xc8/v3.0/avr/bin/../lib/gcc/avr/5.4.0/../../../../avr/lib/avrxmega2/memx-const\libc.a(__sio_sprintf_doux.o) (__fmt_s_needed)
d:/produktivni programy/mplab/xc8/v3.0/avr/bin/../lib/gcc/avr/5.4.0/../../../../avr/lib/avrxmega2/memx-const\libc.a(__fmt_u.o)
                              d:/produktivni programy/mplab/xc8/v3.0/avr/bin/../lib/gcc/avr/5.4.0/../../../../avr/lib/avrxmega2/memx-const\libc.a(__fmt_d.o) (__cvt_u)
d:/produktivni programy/mplab/xc8/v3.0/avr/bin/../lib/gcc/avr/5.4.0/../../../../avr/lib/avrxmega2/memx-const\libc.a(__fmt_x.o)
                              d:/produktivni programy/mplab/xc8/v3.0/avr/bin/../lib/gcc/avr/5.4.0/../../../../avr/lib/avrxmega2/memx-const\libc.a(__sio_sprintf_doux.o) (__fmt_x_needed)
d:/produktivni programy/mplab/xc8/v3.0/avr/bin/../lib/gcc/avr/5.4.0/../../../../avr/lib/avrxmega2/memx-const\libc.a(__pop_int.o)
                              d:/produktivni programy/mplab/xc8/v3.0/avr/bin/../lib/gcc/avr/5.4.0/../../../../avr/lib/avrxmega2/memx-const\libc.a(__sio_sprintf_doux.o) (__pop_int_needed)
d:/produktivni programy/mplab/xc8/v3.0/avr/bin/../lib/gcc/avr/5.4.0/../../../../avr/lib/avrxmega2/memx-const\libc.a(__printf_core.o)
                              d:/produktivni programy/mplab/xc8/v3.0/avr/bin/../lib/gcc/avr/5.4.0/../../../../avr/lib/avrxmega2/memx-const\libc.a(__fmt_d.o) (__pad)
d:/produktivni programy/mplab/xc8/v3.0/avr/bin/../lib/gcc/avr/5.4.0/../../../../avr/lib/avrxmega2/memx-const\libc.a(fputc.o)
                              d:/produktivni programy/mplab/xc8/v3.0/avr/bin/../lib/gcc/avr/5.4.0/../../../../avr/lib/avrxmega2/memx-const\libc.a(__printf_core.o) (fputc)
d:/produktivni programy/mplab/xc8/v3.0/avr/bin/../lib/gcc/avr/5.4.0/../../../../avr/lib/avrxmega2/memx-const\libc.a(strcmp.o)
                              build/default/debug/src/main.o (strcmp)
d:/produktivni programy/mplab/xc8/v3.0/avr/bin/../lib/gcc/avr/5.4.0/../../../../avr/lib/avrxmega2/memx-const\libc.a(strlen.o)
                              d:/produktivni programy/mplab/xc8/v3.0/avr/bin/../lib/gcc/avr/5.4.0/../../../../avr/lib/avrxmega2/memx-const\libc.a(__fmt_s.o) (strlen)
d:/produktivni programy/mplab/xc8/v3.0/avr/bin/../lib/gcc/avr/5.4.0/../../../../avr/lib/avrxmega2/memx-const\libc.a(tolower.o)
                              d:/produktivni programy/mplab/xc8/v3.0/avr/bin/../lib/gcc/avr/5.4.0/../../../../avr/lib/avrxmega2/memx-const\libc.a(__printf_core.o) (tolower)
d:/produktivni programy/mplab/xc8/v3.0/avr/bin/../lib/gcc/avr/5.4.0/../../../../avr/lib/avrxmega2/memx-const\libc.a(toupper.o)
                              d:/produktivni programy/mplab/xc8/v3.0/avr/bin/../lib/gcc/avr/5.4.0/../../../../avr/lib/avrxmega2/memx-const\libc.a(__fmt_x.o) (toupper)
d:/produktivni programy/mplab/xc8/v3.0/avr/bin/../lib/gcc/avr/5.4.0/../../../../avr/lib/avrxmega2/memx-const\libc.a(errno.o)
                              d:/produktivni programy/mplab/xc8/v3.0/avr/bin/../lib/gcc/avr/5.4.0/../../../../avr/lib/avrxmega2/memx-const\libc.a(__printf_core.o) (__errno_val)
d:/produktivni programy/mplab/xc8/v3.0/avr/bin/../lib/gcc/avr/5.4.0/../../../../avr/lib/avrxmega2/memx-const\libc.a(_Exit.o)
                              d:/produktivni programy/mplab/xc8/v3.0/avr/bin/../lib/gcc/avr/5.4.0/../../../../avr/lib/avrxmega2/memx-const\libc.a(exit.o) (_Exit)
d:/produktivni programy/mplab/xc8/v3.0/avr/bin/../lib/gcc/avr/5.4.0/../../../../avr/lib/avrxmega2/memx-const\libc.a(__int_vsprintf.o)
                              d:/produktivni programy/mplab/xc8/v3.0/avr/bin/../lib/gcc/avr/5.4.0/../../../../avr/lib/avrxmega2/memx-const\libc.a(__sio_sprintf_doux.o) (__vsprintf)
d:/produktivni programy/mplab/xc8/v3.0/avr/bin/../lib/gcc/avr/5.4.0/../../../../avr/lib/avrxmega2/memx-const\libc.a(__int_vsnprintf.o)
                              d:/produktivni programy/mplab/xc8/v3.0/avr/bin/../lib/gcc/avr/5.4.0/../../../../avr/lib/avrxmega2/memx-const\libc.a(__int_vsprintf.o) (__vsnprintf)
d:/produktivni programy/mplab/xc8/v3.0/avr/bin/../lib/gcc/avr/5.4.0/../../../../avr/lib/avrxmega2/memx-const\libc.a(__int_vfprintf.o)
                              d:/produktivni programy/mplab/xc8/v3.0/avr/bin/../lib/gcc/avr/5.4.0/../../../../avr/lib/avrxmega2/memx-const\libc.a(__int_vsnprintf.o) (__vfprintf)
d:/produktivni programy/mplab/xc8/v3.0/avr/bin/../lib/gcc/avr/5.4.0/avrxmega2/memx-const\libgcc.a(_exit.o)
                              d:/produktivni programy/mplab/xc8/v3.0/avr/bin/../lib/gcc/avr/5.4.0/../../../../avr/lib/avrxmega2/memx-const\libc.a(_Exit.o) (_exit)
d:/produktivni programy/mplab/xc8/v3.0/avr/bin/../lib/gcc/avr/5.4.0/avrxmega2/memx-const\libgcc.a(_prologue.o)
                              d:/produktivni programy/mplab/xc8/v3.0/avr/bin/../lib/gcc/avr/5.4.0/../../../../avr/lib/avrxmega2/memx-const\libc.a(__sio_sprintf_doux.o) (__prologue_saves__)
d:/produktivni programy/mplab/xc8/v3.0/avr/bin/../lib/gcc/avr/5.4.0/avrxmega2/memx-const\libgcc.a(_epilogue.o)
                              d:/produktivni programy/mplab/xc8/v3.0/avr/bin/../lib/gcc/avr/5.4.0/../../../../avr/lib/avrxmega2/memx-const\libc.a(__sio_sprintf_doux.o) (__epilogue_restores__)

Allocating common symbols
Common symbol       size              file

__errno_val         0x2               d:/produktivni programy/mplab/xc8/v3.0/avr/bin/../lib/gcc/avr/5.4.0/../../../../avr/lib/avrxmega2/memx-const\libc.a(errno.o)

Discarded input sections

 .data          0x0000000000000000        0x0 D:/Produktivni programy/MPLab/v610/packs/Microchip/AVR-Dx_DFP/2.3.272/xc8/avr/lib/avrxmega2/memx-const/crtavr64da28.o
 .bss           0x0000000000000000        0x0 D:/Produktivni programy/MPLab/v610/packs/Microchip/AVR-Dx_DFP/2.3.272/xc8/avr/lib/avrxmega2/memx-const/crtavr64da28.o
 .text          0x0000000000000000        0x0 build/default/debug/src/main.o
 .data          0x0000000000000000        0x0 build/default/debug/src/main.o
 .bss           0x0000000000000000        0x0 build/default/debug/src/main.o
 .text.measure_I_uA
                0x0000000000000000       0xea build/default/debug/src/main.o
 .text.measure_I_mA
                0x0000000000000000       0x72 build/default/debug/src/main.o
 .text          0x0000000000000000        0x0 build/default/debug/lib/i2c/i2c.o
 .data          0x0000000000000000        0x0 build/default/debug/lib/i2c/i2c.o
 .bss           0x0000000000000000        0x0 build/default/debug/lib/i2c/i2c.o
 .text.i2c_read
                0x0000000000000000       0xa2 build/default/debug/lib/i2c/i2c.o
 .text.i2c_scan
                0x0000000000000000       0x40 build/default/debug/lib/i2c/i2c.o
 .text          0x0000000000000000        0x0 build/default/debug/lib/DA_converter_MCP4728A1/mcp4728a1.o
 .data          0x0000000000000000        0x0 build/default/debug/lib/DA_converter_MCP4728A1/mcp4728a1.o
 .bss           0x0000000000000000        0x0 build/default/debug/lib/DA_converter_MCP4728A1/mcp4728a1.o
 .text.mcp4728_fast_write
                0x0000000000000000       0x54 build/default/debug/lib/DA_converter_MCP4728A1/mcp4728a1.o
 .text.mcp4728_set_all_channels
                0x0000000000000000       0xa6 build/default/debug/lib/DA_converter_MCP4728A1/mcp4728a1.o
 .text.mcp4728_general_reset
                0x0000000000000000       0x26 build/default/debug/lib/DA_converter_MCP4728A1/mcp4728a1.o
 .text.mcp4728_wakeup
                0x0000000000000000       0x26 build/default/debug/lib/DA_converter_MCP4728A1/mcp4728a1.o
 .text          0x0000000000000000        0x0 build/default/debug/lib/uart/uart.o
 .data          0x0000000000000000        0x0 build/default/debug/lib/uart/uart.o
 .bss           0x0000000000000000        0x0 build/default/debug/lib/uart/uart.o
 .text.uart0_init
                0x0000000000000000       0x22 build/default/debug/lib/uart/uart.o
 .text.uart0_send_byte
                0x0000000000000000        0xe build/default/debug/lib/uart/uart.o
 .text.uart0_send_string
                0x0000000000000000       0x2c build/default/debug/lib/uart/uart.o
 .text.uart0_receive_byte
                0x0000000000000000        0xe build/default/debug/lib/uart/uart.o
 .text.uart0_data_available
                0x0000000000000000        0xc build/default/debug/lib/uart/uart.o
 .text.uart0_receive_string
                0x0000000000000000       0x4e build/default/debug/lib/uart/uart.o
 .text          0x0000000000000000        0x0 build/default/debug/lib/adc/adc.o
 .data          0x0000000000000000        0x0 build/default/debug/lib/adc/adc.o
 .bss           0x0000000000000000        0x0 build/default/debug/lib/adc/adc.o
 .text.ADC_init
                0x0000000000000000       0x18 build/default/debug/lib/adc/adc.o
 .text.ADC_read
                0x0000000000000000       0x1c build/default/debug/lib/adc/adc.o
 .debug_info    0x0000000000000000      0x7af build/default/debug/lib/adc/adc.o
 .debug_abbrev  0x0000000000000000      0x140 build/default/debug/lib/adc/adc.o
 .debug_loc     0x0000000000000000       0x2d build/default/debug/lib/adc/adc.o
 .debug_aranges
                0x0000000000000000       0x28 build/default/debug/lib/adc/adc.o
 .debug_ranges  0x0000000000000000       0x18 build/default/debug/lib/adc/adc.o
 .debug_line    0x0000000000000000      0x138 build/default/debug/lib/adc/adc.o
 .debug_str     0x0000000000000000       0x16 build/default/debug/lib/adc/adc.o
 .comment       0x0000000000000000       0x30 build/default/debug/lib/adc/adc.o
 .debug_frame   0x0000000000000000       0x34 build/default/debug/lib/adc/adc.o
 .text          0x0000000000000000        0x0 d:/produktivni programy/mplab/xc8/v3.0/avr/bin/../lib/gcc/avr/5.4.0/avrxmega2/memx-const\libgcc.a(_mulsi3.o)
 .data          0x0000000000000000        0x0 d:/produktivni programy/mplab/xc8/v3.0/avr/bin/../lib/gcc/avr/5.4.0/avrxmega2/memx-const\libgcc.a(_mulsi3.o)
 .bss           0x0000000000000000        0x0 d:/produktivni programy/mplab/xc8/v3.0/avr/bin/../lib/gcc/avr/5.4.0/avrxmega2/memx-const\libgcc.a(_mulsi3.o)
 .text.libgcc.mul
                0x0000000000000000       0x20 d:/produktivni programy/mplab/xc8/v3.0/avr/bin/../lib/gcc/avr/5.4.0/avrxmega2/memx-const\libgcc.a(_mulsi3.o)
 .stack.descriptors.hdr
                0x0000000000000000        0xe d:/produktivni programy/mplab/xc8/v3.0/avr/bin/../lib/gcc/avr/5.4.0/avrxmega2/memx-const\libgcc.a(_mulsi3.o)
 .stack.descriptors
                0x0000000000000000       0x16 d:/produktivni programy/mplab/xc8/v3.0/avr/bin/../lib/gcc/avr/5.4.0/avrxmega2/memx-const\libgcc.a(_mulsi3.o)
 .text.libgcc.div
                0x0000000000000000        0x0 d:/produktivni programy/mplab/xc8/v3.0/avr/bin/../lib/gcc/avr/5.4.0/avrxmega2/memx-const\libgcc.a(_mulsi3.o)
 .text.libgcc   0x0000000000000000        0x0 d:/produktivni programy/mplab/xc8/v3.0/avr/bin/../lib/gcc/avr/5.4.0/avrxmega2/memx-const\libgcc.a(_mulsi3.o)
 .text.libgcc.prologue
                0x0000000000000000        0x0 d:/produktivni programy/mplab/xc8/v3.0/avr/bin/../lib/gcc/avr/5.4.0/avrxmega2/memx-const\libgcc.a(_mulsi3.o)
 .text.libgcc.builtins
                0x0000000000000000        0x0 d:/produktivni programy/mplab/xc8/v3.0/avr/bin/../lib/gcc/avr/5.4.0/avrxmega2/memx-const\libgcc.a(_mulsi3.o)
 .text.libgcc.fmul
                0x0000000000000000        0x0 d:/produktivni programy/mplab/xc8/v3.0/avr/bin/../lib/gcc/avr/5.4.0/avrxmega2/memx-const\libgcc.a(_mulsi3.o)
 .text.libgcc.fixed
                0x0000000000000000        0x0 d:/produktivni programy/mplab/xc8/v3.0/avr/bin/../lib/gcc/avr/5.4.0/avrxmega2/memx-const\libgcc.a(_mulsi3.o)
 .text          0x0000000000000000        0x0 d:/produktivni programy/mplab/xc8/v3.0/avr/bin/../lib/gcc/avr/5.4.0/avrxmega2/memx-const\libgcc.a(_udivmodsi4.o)
 .data          0x0000000000000000        0x0 d:/produktivni programy/mplab/xc8/v3.0/avr/bin/../lib/gcc/avr/5.4.0/avrxmega2/memx-const\libgcc.a(_udivmodsi4.o)
 .bss           0x0000000000000000        0x0 d:/produktivni programy/mplab/xc8/v3.0/avr/bin/../lib/gcc/avr/5.4.0/avrxmega2/memx-const\libgcc.a(_udivmodsi4.o)
 .text.libgcc.mul
                0x0000000000000000        0x0 d:/produktivni programy/mplab/xc8/v3.0/avr/bin/../lib/gcc/avr/5.4.0/avrxmega2/memx-const\libgcc.a(_udivmodsi4.o)
 .stack.descriptors
                0x0000000000000000       0x1a d:/produktivni programy/mplab/xc8/v3.0/avr/bin/../lib/gcc/avr/5.4.0/avrxmega2/memx-const\libgcc.a(_udivmodsi4.o)
 .text.libgcc   0x0000000000000000        0x0 d:/produktivni programy/mplab/xc8/v3.0/avr/bin/../lib/gcc/avr/5.4.0/avrxmega2/memx-const\libgcc.a(_udivmodsi4.o)
 .text.libgcc.prologue
                0x0000000000000000        0x0 d:/produktivni programy/mplab/xc8/v3.0/avr/bin/../lib/gcc/avr/5.4.0/avrxmega2/memx-const\libgcc.a(_udivmodsi4.o)
 .text.libgcc.builtins
                0x0000000000000000        0x0 d:/produktivni programy/mplab/xc8/v3.0/avr/bin/../lib/gcc/avr/5.4.0/avrxmega2/memx-const\libgcc.a(_udivmodsi4.o)
 .text.libgcc.fmul
                0x0000000000000000        0x0 d:/produktivni programy/mplab/xc8/v3.0/avr/bin/../lib/gcc/avr/5.4.0/avrxmega2/memx-const\libgcc.a(_udivmodsi4.o)
 .text.libgcc.fixed
                0x0000000000000000        0x0 d:/produktivni programy/mplab/xc8/v3.0/avr/bin/../lib/gcc/avr/5.4.0/avrxmega2/memx-const\libgcc.a(_udivmodsi4.o)
 .text          0x0000000000000000        0x0 d:/produktivni programy/mplab/xc8/v3.0/avr/bin/../lib/gcc/avr/5.4.0/avrxmega2/memx-const\libgcc.a(_copy_data.o)
 .data          0x0000000000000000        0x0 d:/produktivni programy/mplab/xc8/v3.0/avr/bin/../lib/gcc/avr/5.4.0/avrxmega2/memx-const\libgcc.a(_copy_data.o)
 .bss           0x0000000000000000        0x0 d:/produktivni programy/mplab/xc8/v3.0/avr/bin/../lib/gcc/avr/5.4.0/avrxmega2/memx-const\libgcc.a(_copy_data.o)
 .text.libgcc.mul
                0x0000000000000000        0x0 d:/produktivni programy/mplab/xc8/v3.0/avr/bin/../lib/gcc/avr/5.4.0/avrxmega2/memx-const\libgcc.a(_copy_data.o)
 .text.libgcc.div
                0x0000000000000000        0x0 d:/produktivni programy/mplab/xc8/v3.0/avr/bin/../lib/gcc/avr/5.4.0/avrxmega2/memx-const\libgcc.a(_copy_data.o)
 .text.libgcc   0x0000000000000000        0x0 d:/produktivni programy/mplab/xc8/v3.0/avr/bin/../lib/gcc/avr/5.4.0/avrxmega2/memx-const\libgcc.a(_copy_data.o)
 .text.libgcc.prologue
                0x0000000000000000        0x0 d:/produktivni programy/mplab/xc8/v3.0/avr/bin/../lib/gcc/avr/5.4.0/avrxmega2/memx-const\libgcc.a(_copy_data.o)
 .text.libgcc.builtins
                0x0000000000000000        0x0 d:/produktivni programy/mplab/xc8/v3.0/avr/bin/../lib/gcc/avr/5.4.0/avrxmega2/memx-const\libgcc.a(_copy_data.o)
 .text.libgcc.fmul
                0x0000000000000000        0x0 d:/produktivni programy/mplab/xc8/v3.0/avr/bin/../lib/gcc/avr/5.4.0/avrxmega2/memx-const\libgcc.a(_copy_data.o)
 .text.libgcc.fixed
                0x0000000000000000        0x0 d:/produktivni programy/mplab/xc8/v3.0/avr/bin/../lib/gcc/avr/5.4.0/avrxmega2/memx-const\libgcc.a(_copy_data.o)
 .text          0x0000000000000000        0x0 d:/produktivni programy/mplab/xc8/v3.0/avr/bin/../lib/gcc/avr/5.4.0/avrxmega2/memx-const\libgcc.a(_muluhisi3.o)
 .data          0x0000000000000000        0x0 d:/produktivni programy/mplab/xc8/v3.0/avr/bin/../lib/gcc/avr/5.4.0/avrxmega2/memx-const\libgcc.a(_muluhisi3.o)
 .bss           0x0000000000000000        0x0 d:/produktivni programy/mplab/xc8/v3.0/avr/bin/../lib/gcc/avr/5.4.0/avrxmega2/memx-const\libgcc.a(_muluhisi3.o)
 .text.libgcc.mul
                0x0000000000000000       0x16 d:/produktivni programy/mplab/xc8/v3.0/avr/bin/../lib/gcc/avr/5.4.0/avrxmega2/memx-const\libgcc.a(_muluhisi3.o)
 .stack.descriptors.hdr
                0x0000000000000000        0xe d:/produktivni programy/mplab/xc8/v3.0/avr/bin/../lib/gcc/avr/5.4.0/avrxmega2/memx-const\libgcc.a(_muluhisi3.o)
 .stack.descriptors
                0x0000000000000000       0x19 d:/produktivni programy/mplab/xc8/v3.0/avr/bin/../lib/gcc/avr/5.4.0/avrxmega2/memx-const\libgcc.a(_muluhisi3.o)
 .text.libgcc.div
                0x0000000000000000        0x0 d:/produktivni programy/mplab/xc8/v3.0/avr/bin/../lib/gcc/avr/5.4.0/avrxmega2/memx-const\libgcc.a(_muluhisi3.o)
 .text.libgcc   0x0000000000000000        0x0 d:/produktivni programy/mplab/xc8/v3.0/avr/bin/../lib/gcc/avr/5.4.0/avrxmega2/memx-const\libgcc.a(_muluhisi3.o)
 .text.libgcc.prologue
                0x0000000000000000        0x0 d:/produktivni programy/mplab/xc8/v3.0/avr/bin/../lib/gcc/avr/5.4.0/avrxmega2/memx-const\libgcc.a(_muluhisi3.o)
 .text.libgcc.builtins
                0x0000000000000000        0x0 d:/produktivni programy/mplab/xc8/v3.0/avr/bin/../lib/gcc/avr/5.4.0/avrxmega2/memx-const\libgcc.a(_muluhisi3.o)
 .text.libgcc.fmul
                0x0000000000000000        0x0 d:/produktivni programy/mplab/xc8/v3.0/avr/bin/../lib/gcc/avr/5.4.0/avrxmega2/memx-const\libgcc.a(_muluhisi3.o)
 .text.libgcc.fixed
                0x0000000000000000        0x0 d:/produktivni programy/mplab/xc8/v3.0/avr/bin/../lib/gcc/avr/5.4.0/avrxmega2/memx-const\libgcc.a(_muluhisi3.o)
 .text          0x0000000000000000        0x0 d:/produktivni programy/mplab/xc8/v3.0/avr/bin/../lib/gcc/avr/5.4.0/avrxmega2/memx-const\libgcc.a(_umulhisi3.o)
 .data          0x0000000000000000        0x0 d:/produktivni programy/mplab/xc8/v3.0/avr/bin/../lib/gcc/avr/5.4.0/avrxmega2/memx-const\libgcc.a(_umulhisi3.o)
 .bss           0x0000000000000000        0x0 d:/produktivni programy/mplab/xc8/v3.0/avr/bin/../lib/gcc/avr/5.4.0/avrxmega2/memx-const\libgcc.a(_umulhisi3.o)
 .text.libgcc.mul
                0x0000000000000000       0x1e d:/produktivni programy/mplab/xc8/v3.0/avr/bin/../lib/gcc/avr/5.4.0/avrxmega2/memx-const\libgcc.a(_umulhisi3.o)
 .stack.descriptors.hdr
                0x0000000000000000        0xe d:/produktivni programy/mplab/xc8/v3.0/avr/bin/../lib/gcc/avr/5.4.0/avrxmega2/memx-const\libgcc.a(_umulhisi3.o)
 .stack.descriptors
                0x0000000000000000       0x19 d:/produktivni programy/mplab/xc8/v3.0/avr/bin/../lib/gcc/avr/5.4.0/avrxmega2/memx-const\libgcc.a(_umulhisi3.o)
 .text.libgcc.div
                0x0000000000000000        0x0 d:/produktivni programy/mplab/xc8/v3.0/avr/bin/../lib/gcc/avr/5.4.0/avrxmega2/memx-const\libgcc.a(_umulhisi3.o)
 .text.libgcc   0x0000000000000000        0x0 d:/produktivni programy/mplab/xc8/v3.0/avr/bin/../lib/gcc/avr/5.4.0/avrxmega2/memx-const\libgcc.a(_umulhisi3.o)
 .text.libgcc.prologue
                0x0000000000000000        0x0 d:/produktivni programy/mplab/xc8/v3.0/avr/bin/../lib/gcc/avr/5.4.0/avrxmega2/memx-const\libgcc.a(_umulhisi3.o)
 .text.libgcc.builtins
                0x0000000000000000        0x0 d:/produktivni programy/mplab/xc8/v3.0/avr/bin/../lib/gcc/avr/5.4.0/avrxmega2/memx-const\libgcc.a(_umulhisi3.o)
 .text.libgcc.fmul
                0x0000000000000000        0x0 d:/produktivni programy/mplab/xc8/v3.0/avr/bin/../lib/gcc/avr/5.4.0/avrxmega2/memx-const\libgcc.a(_umulhisi3.o)
 .text.libgcc.fixed
                0x0000000000000000        0x0 d:/produktivni programy/mplab/xc8/v3.0/avr/bin/../lib/gcc/avr/5.4.0/avrxmega2/memx-const\libgcc.a(_umulhisi3.o)
 .text          0x0000000000000000        0x0 d:/produktivni programy/mplab/xc8/v3.0/avr/bin/../lib/gcc/avr/5.4.0/../../../../avr/lib/avrxmega2/memx-const\libc.a(exit.o)
 .data          0x0000000000000000        0x0 d:/produktivni programy/mplab/xc8/v3.0/avr/bin/../lib/gcc/avr/5.4.0/../../../../avr/lib/avrxmega2/memx-const\libc.a(exit.o)
 .bss           0x0000000000000000        0x0 d:/produktivni programy/mplab/xc8/v3.0/avr/bin/../lib/gcc/avr/5.4.0/../../../../avr/lib/avrxmega2/memx-const\libc.a(exit.o)
 .stack.descriptors
                0x0000000000000000       0x73 d:/produktivni programy/mplab/xc8/v3.0/avr/bin/../lib/gcc/avr/5.4.0/../../../../avr/lib/avrxmega2/memx-const\libc.a(exit.o)
 .text          0x0000000000000000        0x0 d:/produktivni programy/mplab/xc8/v3.0/avr/bin/../lib/gcc/avr/5.4.0/../../../../avr/lib/avrxmega2/memx-const\libc.a(__sio_sprintf_doux.o)
 .data          0x0000000000000000        0x0 d:/produktivni programy/mplab/xc8/v3.0/avr/bin/../lib/gcc/avr/5.4.0/../../../../avr/lib/avrxmega2/memx-const\libc.a(__sio_sprintf_doux.o)
 .bss           0x0000000000000000        0x0 d:/produktivni programy/mplab/xc8/v3.0/avr/bin/../lib/gcc/avr/5.4.0/../../../../avr/lib/avrxmega2/memx-const\libc.a(__sio_sprintf_doux.o)
 .stack.descriptors
                0x0000000000000000       0x3c d:/produktivni programy/mplab/xc8/v3.0/avr/bin/../lib/gcc/avr/5.4.0/../../../../avr/lib/avrxmega2/memx-const\libc.a(__sio_sprintf_doux.o)
 .text.__sio_sprintf_doux
                0x0000000000000000       0x1a d:/produktivni programy/mplab/xc8/v3.0/avr/bin/../lib/gcc/avr/5.4.0/../../../../avr/lib/avrxmega2/memx-const\libc.a(__sio_sprintf_doux.o)
 .text          0x0000000000000000        0x0 d:/produktivni programy/mplab/xc8/v3.0/avr/bin/../lib/gcc/avr/5.4.0/../../../../avr/lib/avrxmega2/memx-const\libc.a(__fmt_d.o)
 .data          0x0000000000000000        0x0 d:/produktivni programy/mplab/xc8/v3.0/avr/bin/../lib/gcc/avr/5.4.0/../../../../avr/lib/avrxmega2/memx-const\libc.a(__fmt_d.o)
 .bss           0x0000000000000000        0x0 d:/produktivni programy/mplab/xc8/v3.0/avr/bin/../lib/gcc/avr/5.4.0/../../../../avr/lib/avrxmega2/memx-const\libc.a(__fmt_d.o)
 .stack.descriptors
                0x0000000000000000       0x15 d:/produktivni programy/mplab/xc8/v3.0/avr/bin/../lib/gcc/avr/5.4.0/../../../../avr/lib/avrxmega2/memx-const\libc.a(__fmt_d.o)
 .text          0x0000000000000000        0x0 d:/produktivni programy/mplab/xc8/v3.0/avr/bin/../lib/gcc/avr/5.4.0/../../../../avr/lib/avrxmega2/memx-const\libc.a(__fmt_o.o)
 .data          0x0000000000000000        0x0 d:/produktivni programy/mplab/xc8/v3.0/avr/bin/../lib/gcc/avr/5.4.0/../../../../avr/lib/avrxmega2/memx-const\libc.a(__fmt_o.o)
 .bss           0x0000000000000000        0x0 d:/produktivni programy/mplab/xc8/v3.0/avr/bin/../lib/gcc/avr/5.4.0/../../../../avr/lib/avrxmega2/memx-const\libc.a(__fmt_o.o)
 .stack.descriptors
                0x0000000000000000       0x15 d:/produktivni programy/mplab/xc8/v3.0/avr/bin/../lib/gcc/avr/5.4.0/../../../../avr/lib/avrxmega2/memx-const\libc.a(__fmt_o.o)
 .text          0x0000000000000000        0x0 d:/produktivni programy/mplab/xc8/v3.0/avr/bin/../lib/gcc/avr/5.4.0/../../../../avr/lib/avrxmega2/memx-const\libc.a(__fmt_s.o)
 .data          0x0000000000000000        0x0 d:/produktivni programy/mplab/xc8/v3.0/avr/bin/../lib/gcc/avr/5.4.0/../../../../avr/lib/avrxmega2/memx-const\libc.a(__fmt_s.o)
 .bss           0x0000000000000000        0x0 d:/produktivni programy/mplab/xc8/v3.0/avr/bin/../lib/gcc/avr/5.4.0/../../../../avr/lib/avrxmega2/memx-const\libc.a(__fmt_s.o)
 .stack.descriptors
                0x0000000000000000       0x15 d:/produktivni programy/mplab/xc8/v3.0/avr/bin/../lib/gcc/avr/5.4.0/../../../../avr/lib/avrxmega2/memx-const\libc.a(__fmt_s.o)
 .text          0x0000000000000000        0x0 d:/produktivni programy/mplab/xc8/v3.0/avr/bin/../lib/gcc/avr/5.4.0/../../../../avr/lib/avrxmega2/memx-const\libc.a(__fmt_u.o)
 .data          0x0000000000000000        0x0 d:/produktivni programy/mplab/xc8/v3.0/avr/bin/../lib/gcc/avr/5.4.0/../../../../avr/lib/avrxmega2/memx-const\libc.a(__fmt_u.o)
 .bss           0x0000000000000000        0x0 d:/produktivni programy/mplab/xc8/v3.0/avr/bin/../lib/gcc/avr/5.4.0/../../../../avr/lib/avrxmega2/memx-const\libc.a(__fmt_u.o)
 .stack.descriptors
                0x0000000000000000       0x2a d:/produktivni programy/mplab/xc8/v3.0/avr/bin/../lib/gcc/avr/5.4.0/../../../../avr/lib/avrxmega2/memx-const\libc.a(__fmt_u.o)
 .text          0x0000000000000000        0x0 d:/produktivni programy/mplab/xc8/v3.0/avr/bin/../lib/gcc/avr/5.4.0/../../../../avr/lib/avrxmega2/memx-const\libc.a(__fmt_x.o)
 .data          0x0000000000000000        0x0 d:/produktivni programy/mplab/xc8/v3.0/avr/bin/../lib/gcc/avr/5.4.0/../../../../avr/lib/avrxmega2/memx-const\libc.a(__fmt_x.o)
 .bss           0x0000000000000000        0x0 d:/produktivni programy/mplab/xc8/v3.0/avr/bin/../lib/gcc/avr/5.4.0/../../../../avr/lib/avrxmega2/memx-const\libc.a(__fmt_x.o)
 .stack.descriptors
                0x0000000000000000       0x15 d:/produktivni programy/mplab/xc8/v3.0/avr/bin/../lib/gcc/avr/5.4.0/../../../../avr/lib/avrxmega2/memx-const\libc.a(__fmt_x.o)
 .text          0x0000000000000000        0x0 d:/produktivni programy/mplab/xc8/v3.0/avr/bin/../lib/gcc/avr/5.4.0/../../../../avr/lib/avrxmega2/memx-const\libc.a(__pop_int.o)
 .data          0x0000000000000000        0x0 d:/produktivni programy/mplab/xc8/v3.0/avr/bin/../lib/gcc/avr/5.4.0/../../../../avr/lib/avrxmega2/memx-const\libc.a(__pop_int.o)
 .bss           0x0000000000000000        0x0 d:/produktivni programy/mplab/xc8/v3.0/avr/bin/../lib/gcc/avr/5.4.0/../../../../avr/lib/avrxmega2/memx-const\libc.a(__pop_int.o)
 .stack.descriptors
                0x0000000000000000       0x17 d:/produktivni programy/mplab/xc8/v3.0/avr/bin/../lib/gcc/avr/5.4.0/../../../../avr/lib/avrxmega2/memx-const\libc.a(__pop_int.o)
 .text          0x0000000000000000        0x0 d:/produktivni programy/mplab/xc8/v3.0/avr/bin/../lib/gcc/avr/5.4.0/../../../../avr/lib/avrxmega2/memx-const\libc.a(__printf_core.o)
 .data          0x0000000000000000        0x0 d:/produktivni programy/mplab/xc8/v3.0/avr/bin/../lib/gcc/avr/5.4.0/../../../../avr/lib/avrxmega2/memx-const\libc.a(__printf_core.o)
 .bss           0x0000000000000000        0x0 d:/produktivni programy/mplab/xc8/v3.0/avr/bin/../lib/gcc/avr/5.4.0/../../../../avr/lib/avrxmega2/memx-const\libc.a(__printf_core.o)
 .stack.descriptors
                0x0000000000000000       0x91 d:/produktivni programy/mplab/xc8/v3.0/avr/bin/../lib/gcc/avr/5.4.0/../../../../avr/lib/avrxmega2/memx-const\libc.a(__printf_core.o)
 .text          0x0000000000000000        0x0 d:/produktivni programy/mplab/xc8/v3.0/avr/bin/../lib/gcc/avr/5.4.0/../../../../avr/lib/avrxmega2/memx-const\libc.a(fputc.o)
 .data          0x0000000000000000        0x0 d:/produktivni programy/mplab/xc8/v3.0/avr/bin/../lib/gcc/avr/5.4.0/../../../../avr/lib/avrxmega2/memx-const\libc.a(fputc.o)
 .bss           0x0000000000000000        0x0 d:/produktivni programy/mplab/xc8/v3.0/avr/bin/../lib/gcc/avr/5.4.0/../../../../avr/lib/avrxmega2/memx-const\libc.a(fputc.o)
 .stack.descriptors
                0x0000000000000000       0x13 d:/produktivni programy/mplab/xc8/v3.0/avr/bin/../lib/gcc/avr/5.4.0/../../../../avr/lib/avrxmega2/memx-const\libc.a(fputc.o)
 .text          0x0000000000000000        0x0 d:/produktivni programy/mplab/xc8/v3.0/avr/bin/../lib/gcc/avr/5.4.0/../../../../avr/lib/avrxmega2/memx-const\libc.a(strcmp.o)
 .data          0x0000000000000000        0x0 d:/produktivni programy/mplab/xc8/v3.0/avr/bin/../lib/gcc/avr/5.4.0/../../../../avr/lib/avrxmega2/memx-const\libc.a(strcmp.o)
 .bss           0x0000000000000000        0x0 d:/produktivni programy/mplab/xc8/v3.0/avr/bin/../lib/gcc/avr/5.4.0/../../../../avr/lib/avrxmega2/memx-const\libc.a(strcmp.o)
 .stack.descriptors
                0x0000000000000000       0x14 d:/produktivni programy/mplab/xc8/v3.0/avr/bin/../lib/gcc/avr/5.4.0/../../../../avr/lib/avrxmega2/memx-const\libc.a(strcmp.o)
 .text          0x0000000000000000        0x0 d:/produktivni programy/mplab/xc8/v3.0/avr/bin/../lib/gcc/avr/5.4.0/../../../../avr/lib/avrxmega2/memx-const\libc.a(strlen.o)
 .data          0x0000000000000000        0x0 d:/produktivni programy/mplab/xc8/v3.0/avr/bin/../lib/gcc/avr/5.4.0/../../../../avr/lib/avrxmega2/memx-const\libc.a(strlen.o)
 .bss           0x0000000000000000        0x0 d:/produktivni programy/mplab/xc8/v3.0/avr/bin/../lib/gcc/avr/5.4.0/../../../../avr/lib/avrxmega2/memx-const\libc.a(strlen.o)
 .stack.descriptors
                0x0000000000000000       0x14 d:/produktivni programy/mplab/xc8/v3.0/avr/bin/../lib/gcc/avr/5.4.0/../../../../avr/lib/avrxmega2/memx-const\libc.a(strlen.o)
 .text          0x0000000000000000        0x0 d:/produktivni programy/mplab/xc8/v3.0/avr/bin/../lib/gcc/avr/5.4.0/../../../../avr/lib/avrxmega2/memx-const\libc.a(tolower.o)
 .data          0x0000000000000000        0x0 d:/produktivni programy/mplab/xc8/v3.0/avr/bin/../lib/gcc/avr/5.4.0/../../../../avr/lib/avrxmega2/memx-const\libc.a(tolower.o)
 .bss           0x0000000000000000        0x0 d:/produktivni programy/mplab/xc8/v3.0/avr/bin/../lib/gcc/avr/5.4.0/../../../../avr/lib/avrxmega2/memx-const\libc.a(tolower.o)
 .stack.descriptors
                0x0000000000000000       0x2e d:/produktivni programy/mplab/xc8/v3.0/avr/bin/../lib/gcc/avr/5.4.0/../../../../avr/lib/avrxmega2/memx-const\libc.a(tolower.o)
 .text.__tolower_l
                0x0000000000000000        0x6 d:/produktivni programy/mplab/xc8/v3.0/avr/bin/../lib/gcc/avr/5.4.0/../../../../avr/lib/avrxmega2/memx-const\libc.a(tolower.o)
 .text          0x0000000000000000        0x0 d:/produktivni programy/mplab/xc8/v3.0/avr/bin/../lib/gcc/avr/5.4.0/../../../../avr/lib/avrxmega2/memx-const\libc.a(toupper.o)
 .data          0x0000000000000000        0x0 d:/produktivni programy/mplab/xc8/v3.0/avr/bin/../lib/gcc/avr/5.4.0/../../../../avr/lib/avrxmega2/memx-const\libc.a(toupper.o)
 .bss           0x0000000000000000        0x0 d:/produktivni programy/mplab/xc8/v3.0/avr/bin/../lib/gcc/avr/5.4.0/../../../../avr/lib/avrxmega2/memx-const\libc.a(toupper.o)
 .stack.descriptors
                0x0000000000000000       0x2e d:/produktivni programy/mplab/xc8/v3.0/avr/bin/../lib/gcc/avr/5.4.0/../../../../avr/lib/avrxmega2/memx-const\libc.a(toupper.o)
 .text.__toupper_l
                0x0000000000000000        0x6 d:/produktivni programy/mplab/xc8/v3.0/avr/bin/../lib/gcc/avr/5.4.0/../../../../avr/lib/avrxmega2/memx-const\libc.a(toupper.o)
 .text          0x0000000000000000        0x0 d:/produktivni programy/mplab/xc8/v3.0/avr/bin/../lib/gcc/avr/5.4.0/../../../../avr/lib/avrxmega2/memx-const\libc.a(errno.o)
 .data          0x0000000000000000        0x0 d:/produktivni programy/mplab/xc8/v3.0/avr/bin/../lib/gcc/avr/5.4.0/../../../../avr/lib/avrxmega2/memx-const\libc.a(errno.o)
 .bss           0x0000000000000000        0x0 d:/produktivni programy/mplab/xc8/v3.0/avr/bin/../lib/gcc/avr/5.4.0/../../../../avr/lib/avrxmega2/memx-const\libc.a(errno.o)
 .text          0x0000000000000000        0x0 d:/produktivni programy/mplab/xc8/v3.0/avr/bin/../lib/gcc/avr/5.4.0/../../../../avr/lib/avrxmega2/memx-const\libc.a(_Exit.o)
 .data          0x0000000000000000        0x0 d:/produktivni programy/mplab/xc8/v3.0/avr/bin/../lib/gcc/avr/5.4.0/../../../../avr/lib/avrxmega2/memx-const\libc.a(_Exit.o)
 .bss           0x0000000000000000        0x0 d:/produktivni programy/mplab/xc8/v3.0/avr/bin/../lib/gcc/avr/5.4.0/../../../../avr/lib/avrxmega2/memx-const\libc.a(_Exit.o)
 .stack.descriptors
                0x0000000000000000       0x13 d:/produktivni programy/mplab/xc8/v3.0/avr/bin/../lib/gcc/avr/5.4.0/../../../../avr/lib/avrxmega2/memx-const\libc.a(_Exit.o)
 .text          0x0000000000000000        0x0 d:/produktivni programy/mplab/xc8/v3.0/avr/bin/../lib/gcc/avr/5.4.0/../../../../avr/lib/avrxmega2/memx-const\libc.a(__int_vsprintf.o)
 .data          0x0000000000000000        0x0 d:/produktivni programy/mplab/xc8/v3.0/avr/bin/../lib/gcc/avr/5.4.0/../../../../avr/lib/avrxmega2/memx-const\libc.a(__int_vsprintf.o)
 .bss           0x0000000000000000        0x0 d:/produktivni programy/mplab/xc8/v3.0/avr/bin/../lib/gcc/avr/5.4.0/../../../../avr/lib/avrxmega2/memx-const\libc.a(__int_vsprintf.o)
 .stack.descriptors
                0x0000000000000000       0x18 d:/produktivni programy/mplab/xc8/v3.0/avr/bin/../lib/gcc/avr/5.4.0/../../../../avr/lib/avrxmega2/memx-const\libc.a(__int_vsprintf.o)
 .text          0x0000000000000000        0x0 d:/produktivni programy/mplab/xc8/v3.0/avr/bin/../lib/gcc/avr/5.4.0/../../../../avr/lib/avrxmega2/memx-const\libc.a(__int_vsnprintf.o)
 .data          0x0000000000000000        0x0 d:/produktivni programy/mplab/xc8/v3.0/avr/bin/../lib/gcc/avr/5.4.0/../../../../avr/lib/avrxmega2/memx-const\libc.a(__int_vsnprintf.o)
 .bss           0x0000000000000000        0x0 d:/produktivni programy/mplab/xc8/v3.0/avr/bin/../lib/gcc/avr/5.4.0/../../../../avr/lib/avrxmega2/memx-const\libc.a(__int_vsnprintf.o)
 .stack.descriptors
                0x0000000000000000       0x19 d:/produktivni programy/mplab/xc8/v3.0/avr/bin/../lib/gcc/avr/5.4.0/../../../../avr/lib/avrxmega2/memx-const\libc.a(__int_vsnprintf.o)
 .text          0x0000000000000000        0x0 d:/produktivni programy/mplab/xc8/v3.0/avr/bin/../lib/gcc/avr/5.4.0/../../../../avr/lib/avrxmega2/memx-const\libc.a(__int_vfprintf.o)
 .data          0x0000000000000000        0x0 d:/produktivni programy/mplab/xc8/v3.0/avr/bin/../lib/gcc/avr/5.4.0/../../../../avr/lib/avrxmega2/memx-const\libc.a(__int_vfprintf.o)
 .bss           0x0000000000000000        0x0 d:/produktivni programy/mplab/xc8/v3.0/avr/bin/../lib/gcc/avr/5.4.0/../../../../avr/lib/avrxmega2/memx-const\libc.a(__int_vfprintf.o)
 .stack.descriptors
                0x0000000000000000       0x18 d:/produktivni programy/mplab/xc8/v3.0/avr/bin/../lib/gcc/avr/5.4.0/../../../../avr/lib/avrxmega2/memx-const\libc.a(__int_vfprintf.o)
 .text          0x0000000000000000        0x0 d:/produktivni programy/mplab/xc8/v3.0/avr/bin/../lib/gcc/avr/5.4.0/avrxmega2/memx-const\libgcc.a(_exit.o)
 .data          0x0000000000000000        0x0 d:/produktivni programy/mplab/xc8/v3.0/avr/bin/../lib/gcc/avr/5.4.0/avrxmega2/memx-const\libgcc.a(_exit.o)
 .bss           0x0000000000000000        0x0 d:/produktivni programy/mplab/xc8/v3.0/avr/bin/../lib/gcc/avr/5.4.0/avrxmega2/memx-const\libgcc.a(_exit.o)
 .text.libgcc.mul
                0x0000000000000000        0x0 d:/produktivni programy/mplab/xc8/v3.0/avr/bin/../lib/gcc/avr/5.4.0/avrxmega2/memx-const\libgcc.a(_exit.o)
 .text.libgcc.div
                0x0000000000000000        0x0 d:/produktivni programy/mplab/xc8/v3.0/avr/bin/../lib/gcc/avr/5.4.0/avrxmega2/memx-const\libgcc.a(_exit.o)
 .text.libgcc   0x0000000000000000        0x0 d:/produktivni programy/mplab/xc8/v3.0/avr/bin/../lib/gcc/avr/5.4.0/avrxmega2/memx-const\libgcc.a(_exit.o)
 .text.libgcc.prologue
                0x0000000000000000        0x0 d:/produktivni programy/mplab/xc8/v3.0/avr/bin/../lib/gcc/avr/5.4.0/avrxmega2/memx-const\libgcc.a(_exit.o)
 .stack.descriptors
                0x0000000000000000       0x13 d:/produktivni programy/mplab/xc8/v3.0/avr/bin/../lib/gcc/avr/5.4.0/avrxmega2/memx-const\libgcc.a(_exit.o)
 .text.libgcc.builtins
                0x0000000000000000        0x0 d:/produktivni programy/mplab/xc8/v3.0/avr/bin/../lib/gcc/avr/5.4.0/avrxmega2/memx-const\libgcc.a(_exit.o)
 .text.libgcc.fmul
                0x0000000000000000        0x0 d:/produktivni programy/mplab/xc8/v3.0/avr/bin/../lib/gcc/avr/5.4.0/avrxmega2/memx-const\libgcc.a(_exit.o)
 .text.libgcc.fixed
                0x0000000000000000        0x0 d:/produktivni programy/mplab/xc8/v3.0/avr/bin/../lib/gcc/avr/5.4.0/avrxmega2/memx-const\libgcc.a(_exit.o)
 .text          0x0000000000000000        0x0 d:/produktivni programy/mplab/xc8/v3.0/avr/bin/../lib/gcc/avr/5.4.0/avrxmega2/memx-const\libgcc.a(_prologue.o)
 .data          0x0000000000000000        0x0 d:/produktivni programy/mplab/xc8/v3.0/avr/bin/../lib/gcc/avr/5.4.0/avrxmega2/memx-const\libgcc.a(_prologue.o)
 .bss           0x0000000000000000        0x0 d:/produktivni programy/mplab/xc8/v3.0/avr/bin/../lib/gcc/avr/5.4.0/avrxmega2/memx-const\libgcc.a(_prologue.o)
 .text.libgcc.mul
                0x0000000000000000        0x0 d:/produktivni programy/mplab/xc8/v3.0/avr/bin/../lib/gcc/avr/5.4.0/avrxmega2/memx-const\libgcc.a(_prologue.o)
 .text.libgcc.div
                0x0000000000000000        0x0 d:/produktivni programy/mplab/xc8/v3.0/avr/bin/../lib/gcc/avr/5.4.0/avrxmega2/memx-const\libgcc.a(_prologue.o)
 .text.libgcc   0x0000000000000000        0x0 d:/produktivni programy/mplab/xc8/v3.0/avr/bin/../lib/gcc/avr/5.4.0/avrxmega2/memx-const\libgcc.a(_prologue.o)
 .text.libgcc.builtins
                0x0000000000000000        0x0 d:/produktivni programy/mplab/xc8/v3.0/avr/bin/../lib/gcc/avr/5.4.0/avrxmega2/memx-const\libgcc.a(_prologue.o)
 .text.libgcc.fmul
                0x0000000000000000        0x0 d:/produktivni programy/mplab/xc8/v3.0/avr/bin/../lib/gcc/avr/5.4.0/avrxmega2/memx-const\libgcc.a(_prologue.o)
 .text.libgcc.fixed
                0x0000000000000000        0x0 d:/produktivni programy/mplab/xc8/v3.0/avr/bin/../lib/gcc/avr/5.4.0/avrxmega2/memx-const\libgcc.a(_prologue.o)
 .text          0x0000000000000000        0x0 d:/produktivni programy/mplab/xc8/v3.0/avr/bin/../lib/gcc/avr/5.4.0/avrxmega2/memx-const\libgcc.a(_epilogue.o)
 .data          0x0000000000000000        0x0 d:/produktivni programy/mplab/xc8/v3.0/avr/bin/../lib/gcc/avr/5.4.0/avrxmega2/memx-const\libgcc.a(_epilogue.o)
 .bss           0x0000000000000000        0x0 d:/produktivni programy/mplab/xc8/v3.0/avr/bin/../lib/gcc/avr/5.4.0/avrxmega2/memx-const\libgcc.a(_epilogue.o)
 .text.libgcc.mul
                0x0000000000000000        0x0 d:/produktivni programy/mplab/xc8/v3.0/avr/bin/../lib/gcc/avr/5.4.0/avrxmega2/memx-const\libgcc.a(_epilogue.o)
 .text.libgcc.div
                0x0000000000000000        0x0 d:/produktivni programy/mplab/xc8/v3.0/avr/bin/../lib/gcc/avr/5.4.0/avrxmega2/memx-const\libgcc.a(_epilogue.o)
 .text.libgcc   0x0000000000000000        0x0 d:/produktivni programy/mplab/xc8/v3.0/avr/bin/../lib/gcc/avr/5.4.0/avrxmega2/memx-const\libgcc.a(_epilogue.o)
 .text.libgcc.builtins
                0x0000000000000000        0x0 d:/produktivni programy/mplab/xc8/v3.0/avr/bin/../lib/gcc/avr/5.4.0/avrxmega2/memx-const\libgcc.a(_epilogue.o)
 .text.libgcc.fmul
                0x0000000000000000        0x0 d:/produktivni programy/mplab/xc8/v3.0/avr/bin/../lib/gcc/avr/5.4.0/avrxmega2/memx-const\libgcc.a(_epilogue.o)
 .text.libgcc.fixed
                0x0000000000000000        0x0 d:/produktivni programy/mplab/xc8/v3.0/avr/bin/../lib/gcc/avr/5.4.0/avrxmega2/memx-const\libgcc.a(_epilogue.o)

Memory Configuration

Name             Origin             Length             Attributes
text             0x0000000000000000 0x0000000000010000 xr
data             0x0000000000806000 0x0000000000002000 rw !x
eeprom           0x0000000000810000 0x0000000000000200 rw !x
fuse             0x0000000000820000 0x0000000000000010 rw !x
lock             0x0000000000830000 0x0000000000000400 rw !x
signature        0x0000000000840000 0x0000000000000400 rw !x
user_signatures  0x0000000000850000 0x0000000000000400 rw !x
bootrow          0x0000000000860000 0x0000000000000400 rw !x
*default*        0x0000000000000000 0xffffffffffffffff

Linker script and memory map

Address of section .data set to 0x806000
                0x0000000000008000                __RODATA_PM_OFFSET__ = 0x8000
LOAD D:/Produktivni programy/MPLab/v610/packs/Microchip/AVR-Dx_DFP/2.3.272/xc8/avr/lib/avrxmega2/memx-const/crtavr64da28.o
                0x0000000000000001                __MPLAB_BUILD = 0x1
LOAD build/default/debug/src/main.o
LOAD build/default/debug/lib/i2c/i2c.o
LOAD build/default/debug/lib/DA_converter_MCP4728A1/mcp4728a1.o
LOAD build/default/debug/lib/uart/uart.o
LOAD build/default/debug/lib/adc/adc.o
START GROUP
LOAD d:/produktivni programy/mplab/xc8/v3.0/avr/bin/../lib/gcc/avr/5.4.0/../../../../avr/lib/avrxmega2/memx-const\libm.a
END GROUP
                0x0000000000000001                __MPLAB_DEBUG = 0x1
                0x0000000000000001                __DEBUG = 0x1
START GROUP
LOAD d:/produktivni programy/mplab/xc8/v3.0/avr/bin/../lib/gcc/avr/5.4.0/avrxmega2/memx-const\libgcc.a
LOAD d:/produktivni programy/mplab/xc8/v3.0/avr/bin/../lib/gcc/avr/5.4.0/../../../../avr/lib/avrxmega2/memx-const\libm.a
LOAD d:/produktivni programy/mplab/xc8/v3.0/avr/bin/../lib/gcc/avr/5.4.0/../../../../avr/lib/avrxmega2/memx-const\libc.a
LOAD D:/Produktivni programy/MPLab/v610/packs/Microchip/AVR-Dx_DFP/2.3.272/xc8/avr/lib/avrxmega2/memx-const\libavr64da28.a
END GROUP
                [0x0000000000000000]                __TEXT_REGION_ORIGIN__ = DEFINED (__TEXT_REGION_ORIGIN__)?__TEXT_REGION_ORIGIN__:0x0
                [0x0000000000806000]                __DATA_REGION_ORIGIN__ = DEFINED (__DATA_REGION_ORIGIN__)?__DATA_REGION_ORIGIN__:0x802000
                [0x0000000000010000]                __TEXT_REGION_LENGTH__ = DEFINED (__TEXT_REGION_LENGTH__)?__TEXT_REGION_LENGTH__:0x100000
                [0x0000000000002000]                __DATA_REGION_LENGTH__ = DEFINED (__DATA_REGION_LENGTH__)?__DATA_REGION_LENGTH__:0xffa0
                [0x0000000000000200]                __EEPROM_REGION_LENGTH__ = DEFINED (__EEPROM_REGION_LENGTH__)?__EEPROM_REGION_LENGTH__:0x10000
                [0x0000000000000010]                __FUSE_REGION_LENGTH__ = DEFINED (__FUSE_REGION_LENGTH__)?__FUSE_REGION_LENGTH__:0x400
                0x0000000000000400                __LOCK_REGION_LENGTH__ = DEFINED (__LOCK_REGION_LENGTH__)?__LOCK_REGION_LENGTH__:0x400
                0x0000000000000400                __SIGNATURE_REGION_LENGTH__ = DEFINED (__SIGNATURE_REGION_LENGTH__)?__SIGNATURE_REGION_LENGTH__:0x400
                0x0000000000000400                __USER_SIGNATURE_REGION_LENGTH__ = DEFINED (__USER_SIGNATURE_REGION_LENGTH__)?__USER_SIGNATURE_REGION_LENGTH__:0x400
                0x0000000000000400                __BOOTROW_REGION_LENGTH__ = DEFINED (__BOOTROW_REGION_LENGTH__)?__BOOTROW_REGION_LENGTH__:0x400

.hash
 *(.hash)

.dynsym
 *(.dynsym)

.dynstr
 *(.dynstr)

.gnu.version
 *(.gnu.version)

.gnu.version_d
 *(.gnu.version_d)

.gnu.version_r
 *(.gnu.version_r)

.rel.init
 *(.rel.init)

.rela.init
 *(.rela.init)

.rel.text
 *(.rel.text)
 *(.rel.text.*)
 *(.rel.gnu.linkonce.t*)

.rela.text
 *(.rela.text)
 *(.rela.text.*)
 *(.rela.gnu.linkonce.t*)

.rel.fini
 *(.rel.fini)

.rela.fini
 *(.rela.fini)

.rel.rodata
 *(.rel.rodata)
 *(.rel.rodata.*)
 *(.rel.gnu.linkonce.r*)

.rela.rodata
 *(.rela.rodata)
 *(.rela.rodata.*)
 *(.rela.gnu.linkonce.r*)

.rel.data
 *(.rel.data)
 *(.rel.data.*)
 *(.rel.gnu.linkonce.d*)

.rela.data
 *(.rela.data)
 *(.rela.data.*)
 *(.rela.gnu.linkonce.d*)

.rel.ctors
 *(.rel.ctors)

.rela.ctors
 *(.rela.ctors)

.rel.dtors
 *(.rel.dtors)

.rela.dtors
 *(.rela.dtors)

.rel.got
 *(.rel.got)

.rela.got
 *(.rela.got)

.rel.bss
 *(.rel.bss)

.rela.bss
 *(.rela.bss)

.rel.plt
 *(.rel.plt)

.rela.plt
 *(.rela.plt)

.text           0x0000000000000000      0x110
 *(.vectors)
 .vectors       0x0000000000000000       0xa4 D:/Produktivni programy/MPLab/v610/packs/Microchip/AVR-Dx_DFP/2.3.272/xc8/avr/lib/avrxmega2/memx-const/crtavr64da28.o
                0x0000000000000000                __vector_default
                0x0000000000000000                __vectors
 *(.vectors)
 *(.progmem.gcc*)
 *(.dinit)
 .dinit         0x00000000000000a4       0x18 data_init
                0x00000000000000bc                . = ALIGN (0x2)
                0x00000000000000bc                __trampolines_start = .
 *(.trampolines)
 .trampolines   0x00000000000000bc        0x0 linker stubs
 *(.trampolines*)
                0x00000000000000bc                __trampolines_end = .
 *libprintf_flt.a:*(.progmem.data)
 *libc.a:*(.progmem.data)
                0x00000000000000bc                . = ALIGN (0x2)
 *(.jumptables)
 *(.jumptables*)
 *(.lowtext)
 *(.lowtext*)
                0x00000000000000bc                __ctors_start = .
 *(.ctors)
                0x00000000000000bc                __ctors_end = .
                0x00000000000000bc                __dtors_start = .
 *(.dtors)
                0x00000000000000bc                __dtors_end = .
 SORT(*)(.ctors)
 SORT(*)(.dtors)
 *(.init0)
 .init0         0x00000000000000bc        0x0 D:/Produktivni programy/MPLab/v610/packs/Microchip/AVR-Dx_DFP/2.3.272/xc8/avr/lib/avrxmega2/memx-const/crtavr64da28.o
                0x00000000000000bc                __init
 *(.init0)
 *(.init1)
 *(.init1)
 *(.init2)
 .init2         0x00000000000000bc        0xc D:/Produktivni programy/MPLab/v610/packs/Microchip/AVR-Dx_DFP/2.3.272/xc8/avr/lib/avrxmega2/memx-const/crtavr64da28.o
 *(.init2)
 *(.init3)
 *(.init3)
 *(.init4)
 .init4         0x00000000000000c8       0x3c d:/produktivni programy/mplab/xc8/v3.0/avr/bin/../lib/gcc/avr/5.4.0/avrxmega2/memx-const\libgcc.a(_copy_data.o)
                0x00000000000000c8                __do_copy_data
                0x00000000000000f6                __do_clear_bss
 *(.init4)
 *(.init5)
 *(.init5)
 *(.init6)
 *(.init6)
 *(.init7)
 *(.init7)
 *(.init8)
 *(.init8)
 *(.init9)
 .init9         0x0000000000000104        0x8 D:/Produktivni programy/MPLab/v610/packs/Microchip/AVR-Dx_DFP/2.3.272/xc8/avr/lib/avrxmega2/memx-const/crtavr64da28.o
 *(.init9)
                0x000000000000010c                . = ALIGN (0x2)
 *(.fini9)
 .fini9         0x000000000000010c        0x0 d:/produktivni programy/mplab/xc8/v3.0/avr/bin/../lib/gcc/avr/5.4.0/avrxmega2/memx-const\libgcc.a(_exit.o)
                0x000000000000010c                _exit
 *(.fini9)
 *(.fini8)
 *(.fini8)
 *(.fini7)
 *(.fini7)
 *(.fini6)
 *(.fini6)
 *(.fini5)
 *(.fini5)
 *(.fini4)
 *(.fini4)
 *(.fini3)
 *(.fini3)
 *(.fini2)
 *(.fini2)
 *(.fini1)
 *(.fini1)
 *(.fini0)
 .fini0         0x000000000000010c        0x4 d:/produktivni programy/mplab/xc8/v3.0/avr/bin/../lib/gcc/avr/5.4.0/avrxmega2/memx-const\libgcc.a(_exit.o)
 *(.fini0)
                0x0000000000000110                _etext = .

.data           0x0000000000806000        0x0 load address 0x0000000000000110
                [!provide]                        PROVIDE (__data_start, .)
 *(.gnu.linkonce.d*)
 *(.gnu.linkonce.r*)
                0x0000000000806000                . = ALIGN (0x2)
                0x0000000000806000                _edata = .
                [!provide]                        PROVIDE (__data_end, .)

.bss            0x0000000000806000        0x2
                [!provide]                        PROVIDE (__bss_start, .)
 *(COMMON)
 COMMON         0x0000000000806000        0x2 d:/produktivni programy/mplab/xc8/v3.0/avr/bin/../lib/gcc/avr/5.4.0/../../../../avr/lib/avrxmega2/memx-const\libc.a(errno.o)
                0x0000000000806000                __errno_val
                [!provide]                        PROVIDE (__bss_end, .)
                0x0000000000000110                __data_load_start = LOADADDR (.data)
                0x0000000000000110                __data_load_end = (__data_load_start + SIZEOF (.data))

.noinit         0x0000000000806002        0x0
                [!provide]                        PROVIDE (__noinit_start, .)
 *(.noinit*)
                [!provide]                        PROVIDE (__noinit_end, .)
                0x0000000000806002                _end = .

.eeprom         0x0000000000810000        0x0
 *(.eeprom*)
                0x0000000000810000                __eeprom_end = .

.fuse
 *(.fuse)
 *(.lfuse)
 *(.hfuse)
 *(.efuse)

.lock
 *(.lock*)

.signature
 *(.signature*)

.user_signatures
 *(.user_signatures*)

.bootrow
 *(.bootrow*)

.stab
 *(.stab)

.stabstr
 *(.stabstr)

.stab.excl
 *(.stab.excl)

.stab.exclstr
 *(.stab.exclstr)

.stab.index
 *(.stab.index)

.stab.indexstr
 *(.stab.indexstr)

.comment        0x0000000000000000       0x5b
 *(.comment)
 .comment       0x0000000000000000       0x2f build/default/debug/src/main.o
                                         0x30 (size before relaxing)
 .comment       0x000000000000002f       0x30 build/default/debug/lib/i2c/i2c.o
 .comment       0x000000000000002f       0x30 build/default/debug/lib/DA_converter_MCP4728A1/mcp4728a1.o
 .comment       0x000000000000002f       0x30 build/default/debug/lib/uart/uart.o
 .comment       0x000000000000002f       0x2c d:/produktivni programy/mplab/xc8/v3.0/avr/bin/../lib/gcc/avr/5.4.0/../../../../avr/lib/avrxmega2/memx-const\libc.a(exit.o)
                                         0x2d (size before relaxing)
 .comment       0x000000000000005b       0x2d d:/produktivni programy/mplab/xc8/v3.0/avr/bin/../lib/gcc/avr/5.4.0/../../../../avr/lib/avrxmega2/memx-const\libc.a(__sio_sprintf_doux.o)
 .comment       0x000000000000005b       0x2d d:/produktivni programy/mplab/xc8/v3.0/avr/bin/../lib/gcc/avr/5.4.0/../../../../avr/lib/avrxmega2/memx-const\libc.a(__fmt_d.o)
 .comment       0x000000000000005b       0x2d d:/produktivni programy/mplab/xc8/v3.0/avr/bin/../lib/gcc/avr/5.4.0/../../../../avr/lib/avrxmega2/memx-const\libc.a(__fmt_o.o)
 .comment       0x000000000000005b       0x2d d:/produktivni programy/mplab/xc8/v3.0/avr/bin/../lib/gcc/avr/5.4.0/../../../../avr/lib/avrxmega2/memx-const\libc.a(__fmt_s.o)
 .comment       0x000000000000005b       0x2d d:/produktivni programy/mplab/xc8/v3.0/avr/bin/../lib/gcc/avr/5.4.0/../../../../avr/lib/avrxmega2/memx-const\libc.a(__fmt_u.o)
 .comment       0x000000000000005b       0x2d d:/produktivni programy/mplab/xc8/v3.0/avr/bin/../lib/gcc/avr/5.4.0/../../../../avr/lib/avrxmega2/memx-const\libc.a(__fmt_x.o)
 .comment       0x000000000000005b       0x2d d:/produktivni programy/mplab/xc8/v3.0/avr/bin/../lib/gcc/avr/5.4.0/../../../../avr/lib/avrxmega2/memx-const\libc.a(__pop_int.o)
 .comment       0x000000000000005b       0x2d d:/produktivni programy/mplab/xc8/v3.0/avr/bin/../lib/gcc/avr/5.4.0/../../../../avr/lib/avrxmega2/memx-const\libc.a(__printf_core.o)
 .comment       0x000000000000005b       0x2d d:/produktivni programy/mplab/xc8/v3.0/avr/bin/../lib/gcc/avr/5.4.0/../../../../avr/lib/avrxmega2/memx-const\libc.a(fputc.o)
 .comment       0x000000000000005b       0x2d d:/produktivni programy/mplab/xc8/v3.0/avr/bin/../lib/gcc/avr/5.4.0/../../../../avr/lib/avrxmega2/memx-const\libc.a(strcmp.o)
 .comment       0x000000000000005b       0x2d d:/produktivni programy/mplab/xc8/v3.0/avr/bin/../lib/gcc/avr/5.4.0/../../../../avr/lib/avrxmega2/memx-const\libc.a(strlen.o)
 .comment       0x000000000000005b       0x2d d:/produktivni programy/mplab/xc8/v3.0/avr/bin/../lib/gcc/avr/5.4.0/../../../../avr/lib/avrxmega2/memx-const\libc.a(tolower.o)
 .comment       0x000000000000005b       0x2d d:/produktivni programy/mplab/xc8/v3.0/avr/bin/../lib/gcc/avr/5.4.0/../../../../avr/lib/avrxmega2/memx-const\libc.a(toupper.o)
 .comment       0x000000000000005b       0x2d d:/produktivni programy/mplab/xc8/v3.0/avr/bin/../lib/gcc/avr/5.4.0/../../../../avr/lib/avrxmega2/memx-const\libc.a(errno.o)
 .comment       0x000000000000005b       0x2d d:/produktivni programy/mplab/xc8/v3.0/avr/bin/../lib/gcc/avr/5.4.0/../../../../avr/lib/avrxmega2/memx-const\libc.a(_Exit.o)
 .comment       0x000000000000005b       0x2d d:/produktivni programy/mplab/xc8/v3.0/avr/bin/../lib/gcc/avr/5.4.0/../../../../avr/lib/avrxmega2/memx-const\libc.a(__int_vsprintf.o)
 .comment       0x000000000000005b       0x2d d:/produktivni programy/mplab/xc8/v3.0/avr/bin/../lib/gcc/avr/5.4.0/../../../../avr/lib/avrxmega2/memx-const\libc.a(__int_vsnprintf.o)
 .comment       0x000000000000005b       0x2d d:/produktivni programy/mplab/xc8/v3.0/avr/bin/../lib/gcc/avr/5.4.0/../../../../avr/lib/avrxmega2/memx-const\libc.a(__int_vfprintf.o)

.stack.descriptors.hdr
                0x0000000000000000      0x126
 .stack.descriptors.hdr
                0x0000000000000000        0xe d:/produktivni programy/mplab/xc8/v3.0/avr/bin/../lib/gcc/avr/5.4.0/avrxmega2/memx-const\libgcc.a(_udivmodsi4.o)
 .stack.descriptors.hdr
                0x000000000000000e        0xe d:/produktivni programy/mplab/xc8/v3.0/avr/bin/../lib/gcc/avr/5.4.0/../../../../avr/lib/avrxmega2/memx-const\libc.a(exit.o)
 .stack.descriptors.hdr
                0x000000000000001c        0xe d:/produktivni programy/mplab/xc8/v3.0/avr/bin/../lib/gcc/avr/5.4.0/../../../../avr/lib/avrxmega2/memx-const\libc.a(__sio_sprintf_doux.o)
 .stack.descriptors.hdr
                0x000000000000002a        0xe d:/produktivni programy/mplab/xc8/v3.0/avr/bin/../lib/gcc/avr/5.4.0/../../../../avr/lib/avrxmega2/memx-const\libc.a(__fmt_d.o)
 .stack.descriptors.hdr
                0x0000000000000038        0xe d:/produktivni programy/mplab/xc8/v3.0/avr/bin/../lib/gcc/avr/5.4.0/../../../../avr/lib/avrxmega2/memx-const\libc.a(__fmt_o.o)
 .stack.descriptors.hdr
                0x0000000000000046        0xe d:/produktivni programy/mplab/xc8/v3.0/avr/bin/../lib/gcc/avr/5.4.0/../../../../avr/lib/avrxmega2/memx-const\libc.a(__fmt_s.o)
 .stack.descriptors.hdr
                0x0000000000000054        0xe d:/produktivni programy/mplab/xc8/v3.0/avr/bin/../lib/gcc/avr/5.4.0/../../../../avr/lib/avrxmega2/memx-const\libc.a(__fmt_u.o)
 .stack.descriptors.hdr
                0x0000000000000062        0xe d:/produktivni programy/mplab/xc8/v3.0/avr/bin/../lib/gcc/avr/5.4.0/../../../../avr/lib/avrxmega2/memx-const\libc.a(__fmt_x.o)
 .stack.descriptors.hdr
                0x0000000000000070        0xe d:/produktivni programy/mplab/xc8/v3.0/avr/bin/../lib/gcc/avr/5.4.0/../../../../avr/lib/avrxmega2/memx-const\libc.a(__pop_int.o)
 .stack.descriptors.hdr
                0x000000000000007e        0xe d:/produktivni programy/mplab/xc8/v3.0/avr/bin/../lib/gcc/avr/5.4.0/../../../../avr/lib/avrxmega2/memx-const\libc.a(__printf_core.o)
 .stack.descriptors.hdr
                0x000000000000008c        0xe d:/produktivni programy/mplab/xc8/v3.0/avr/bin/../lib/gcc/avr/5.4.0/../../../../avr/lib/avrxmega2/memx-const\libc.a(fputc.o)
 .stack.descriptors.hdr
                0x000000000000009a        0xe d:/produktivni programy/mplab/xc8/v3.0/avr/bin/../lib/gcc/avr/5.4.0/../../../../avr/lib/avrxmega2/memx-const\libc.a(strcmp.o)
 .stack.descriptors.hdr
                0x00000000000000a8        0xe d:/produktivni programy/mplab/xc8/v3.0/avr/bin/../lib/gcc/avr/5.4.0/../../../../avr/lib/avrxmega2/memx-const\libc.a(strlen.o)
 .stack.descriptors.hdr
                0x00000000000000b6        0xe d:/produktivni programy/mplab/xc8/v3.0/avr/bin/../lib/gcc/avr/5.4.0/../../../../avr/lib/avrxmega2/memx-const\libc.a(tolower.o)
 .stack.descriptors.hdr
                0x00000000000000c4        0xe d:/produktivni programy/mplab/xc8/v3.0/avr/bin/../lib/gcc/avr/5.4.0/../../../../avr/lib/avrxmega2/memx-const\libc.a(toupper.o)
 .stack.descriptors.hdr
                0x00000000000000d2        0xe d:/produktivni programy/mplab/xc8/v3.0/avr/bin/../lib/gcc/avr/5.4.0/../../../../avr/lib/avrxmega2/memx-const\libc.a(errno.o)
 .stack.descriptors.hdr
                0x00000000000000e0        0xe d:/produktivni programy/mplab/xc8/v3.0/avr/bin/../lib/gcc/avr/5.4.0/../../../../avr/lib/avrxmega2/memx-const\libc.a(_Exit.o)
 .stack.descriptors.hdr
                0x00000000000000ee        0xe d:/produktivni programy/mplab/xc8/v3.0/avr/bin/../lib/gcc/avr/5.4.0/../../../../avr/lib/avrxmega2/memx-const\libc.a(__int_vsprintf.o)
 .stack.descriptors.hdr
                0x00000000000000fc        0xe d:/produktivni programy/mplab/xc8/v3.0/avr/bin/../lib/gcc/avr/5.4.0/../../../../avr/lib/avrxmega2/memx-const\libc.a(__int_vsnprintf.o)
 .stack.descriptors.hdr
                0x000000000000010a        0xe d:/produktivni programy/mplab/xc8/v3.0/avr/bin/../lib/gcc/avr/5.4.0/../../../../avr/lib/avrxmega2/memx-const\libc.a(__int_vfprintf.o)
 .stack.descriptors.hdr
                0x0000000000000118        0xe d:/produktivni programy/mplab/xc8/v3.0/avr/bin/../lib/gcc/avr/5.4.0/avrxmega2/memx-const\libgcc.a(_exit.o)

.note.GNU-stack
                0x0000000000000000        0x0
 .note.GNU-stack
                0x0000000000000000        0x0 d:/produktivni programy/mplab/xc8/v3.0/avr/bin/../lib/gcc/avr/5.4.0/../../../../avr/lib/avrxmega2/memx-const\libc.a(exit.o)
 .note.GNU-stack
                0x0000000000000000        0x0 d:/produktivni programy/mplab/xc8/v3.0/avr/bin/../lib/gcc/avr/5.4.0/../../../../avr/lib/avrxmega2/memx-const\libc.a(__sio_sprintf_doux.o)
 .note.GNU-stack
                0x0000000000000000        0x0 d:/produktivni programy/mplab/xc8/v3.0/avr/bin/../lib/gcc/avr/5.4.0/../../../../avr/lib/avrxmega2/memx-const\libc.a(__fmt_d.o)
 .note.GNU-stack
                0x0000000000000000        0x0 d:/produktivni programy/mplab/xc8/v3.0/avr/bin/../lib/gcc/avr/5.4.0/../../../../avr/lib/avrxmega2/memx-const\libc.a(__fmt_o.o)
 .note.GNU-stack
                0x0000000000000000        0x0 d:/produktivni programy/mplab/xc8/v3.0/avr/bin/../lib/gcc/avr/5.4.0/../../../../avr/lib/avrxmega2/memx-const\libc.a(__fmt_s.o)
 .note.GNU-stack
                0x0000000000000000        0x0 d:/produktivni programy/mplab/xc8/v3.0/avr/bin/../lib/gcc/avr/5.4.0/../../../../avr/lib/avrxmega2/memx-const\libc.a(__fmt_u.o)
 .note.GNU-stack
                0x0000000000000000        0x0 d:/produktivni programy/mplab/xc8/v3.0/avr/bin/../lib/gcc/avr/5.4.0/../../../../avr/lib/avrxmega2/memx-const\libc.a(__fmt_x.o)
 .note.GNU-stack
                0x0000000000000000        0x0 d:/produktivni programy/mplab/xc8/v3.0/avr/bin/../lib/gcc/avr/5.4.0/../../../../avr/lib/avrxmega2/memx-const\libc.a(__pop_int.o)
 .note.GNU-stack
                0x0000000000000000        0x0 d:/produktivni programy/mplab/xc8/v3.0/avr/bin/../lib/gcc/avr/5.4.0/../../../../avr/lib/avrxmega2/memx-const\libc.a(__printf_core.o)
 .note.GNU-stack
                0x0000000000000000        0x0 d:/produktivni programy/mplab/xc8/v3.0/avr/bin/../lib/gcc/avr/5.4.0/../../../../avr/lib/avrxmega2/memx-const\libc.a(fputc.o)
 .note.GNU-stack
                0x0000000000000000        0x0 d:/produktivni programy/mplab/xc8/v3.0/avr/bin/../lib/gcc/avr/5.4.0/../../../../avr/lib/avrxmega2/memx-const\libc.a(strcmp.o)
 .note.GNU-stack
                0x0000000000000000        0x0 d:/produktivni programy/mplab/xc8/v3.0/avr/bin/../lib/gcc/avr/5.4.0/../../../../avr/lib/avrxmega2/memx-const\libc.a(strlen.o)
 .note.GNU-stack
                0x0000000000000000        0x0 d:/produktivni programy/mplab/xc8/v3.0/avr/bin/../lib/gcc/avr/5.4.0/../../../../avr/lib/avrxmega2/memx-const\libc.a(tolower.o)
 .note.GNU-stack
                0x0000000000000000        0x0 d:/produktivni programy/mplab/xc8/v3.0/avr/bin/../lib/gcc/avr/5.4.0/../../../../avr/lib/avrxmega2/memx-const\libc.a(toupper.o)
 .note.GNU-stack
                0x0000000000000000        0x0 d:/produktivni programy/mplab/xc8/v3.0/avr/bin/../lib/gcc/avr/5.4.0/../../../../avr/lib/avrxmega2/memx-const\libc.a(errno.o)
 .note.GNU-stack
                0x0000000000000000        0x0 d:/produktivni programy/mplab/xc8/v3.0/avr/bin/../lib/gcc/avr/5.4.0/../../../../avr/lib/avrxmega2/memx-const\libc.a(_Exit.o)
 .note.GNU-stack
                0x0000000000000000        0x0 d:/produktivni programy/mplab/xc8/v3.0/avr/bin/../lib/gcc/avr/5.4.0/../../../../avr/lib/avrxmega2/memx-const\libc.a(__int_vsprintf.o)
 .note.GNU-stack
                0x0000000000000000        0x0 d:/produktivni programy/mplab/xc8/v3.0/avr/bin/../lib/gcc/avr/5.4.0/../../../../avr/lib/avrxmega2/memx-const\libc.a(__int_vsnprintf.o)
 .note.GNU-stack
                0x0000000000000000        0x0 d:/produktivni programy/mplab/xc8/v3.0/avr/bin/../lib/gcc/avr/5.4.0/../../../../avr/lib/avrxmega2/memx-const\libc.a(__int_vfprintf.o)

.note.gnu.build-id
 *(.note.gnu.build-id)

.debug
 *(.debug)

.line
 *(.line)

.debug_srcinfo
 *(.debug_srcinfo)

.debug_sfnames
 *(.debug_sfnames)

.debug_aranges  0x0000000000000000      0x148
 *(.debug_aranges)
 .debug_aranges
                0x0000000000000000       0x40 build/default/debug/src/main.o
 .debug_aranges
                0x0000000000000040       0x40 build/default/debug/lib/i2c/i2c.o
 .debug_aranges
                0x0000000000000080       0x48 build/default/debug/lib/DA_converter_MCP4728A1/mcp4728a1.o
 .debug_aranges
                0x00000000000000c8       0x80 build/default/debug/lib/uart/uart.o

.debug_pubnames
 *(.debug_pubnames)

.debug_info     0x0000000000000000     0x55c1
 *(.debug_info .gnu.linkonce.wi.*)
 .debug_info    0x0000000000000000     0x2504 D:/Produktivni programy/MPLab/v610/packs/Microchip/AVR-Dx_DFP/2.3.272/xc8/avr/lib/avrxmega2/memx-const/crtavr64da28.o
 .debug_info    0x0000000000002504     0x13a9 build/default/debug/src/main.o
 .debug_info    0x00000000000038ad      0xb37 build/default/debug/lib/i2c/i2c.o
 .debug_info    0x00000000000043e4      0x78b build/default/debug/lib/DA_converter_MCP4728A1/mcp4728a1.o
 .debug_info    0x0000000000004b6f      0xa52 build/default/debug/lib/uart/uart.o

.debug_abbrev   0x0000000000000000     0x2a33
 *(.debug_abbrev)
 .debug_abbrev  0x0000000000000000     0x230e D:/Produktivni programy/MPLab/v610/packs/Microchip/AVR-Dx_DFP/2.3.272/xc8/avr/lib/avrxmega2/memx-const/crtavr64da28.o
 .debug_abbrev  0x000000000000230e      0x295 build/default/debug/src/main.o
 .debug_abbrev  0x00000000000025a3      0x1e4 build/default/debug/lib/i2c/i2c.o
 .debug_abbrev  0x0000000000002787       0xde build/default/debug/lib/DA_converter_MCP4728A1/mcp4728a1.o
 .debug_abbrev  0x0000000000002865      0x1ce build/default/debug/lib/uart/uart.o

.debug_line     0x0000000000000000      0xe58
 *(.debug_line .debug_line.* .debug_line_end)
 .debug_line    0x0000000000000000      0x190 D:/Produktivni programy/MPLab/v610/packs/Microchip/AVR-Dx_DFP/2.3.272/xc8/avr/lib/avrxmega2/memx-const/crtavr64da28.o
 .debug_line    0x0000000000000190      0x417 build/default/debug/src/main.o
 .debug_line    0x00000000000005a7      0x35f build/default/debug/lib/i2c/i2c.o
 .debug_line    0x0000000000000906      0x209 build/default/debug/lib/DA_converter_MCP4728A1/mcp4728a1.o
 .debug_line    0x0000000000000b0f      0x349 build/default/debug/lib/uart/uart.o

.debug_frame    0x0000000000000000      0x3c4
 *(.debug_frame)
 .debug_frame   0x0000000000000000      0x104 build/default/debug/src/main.o
 .debug_frame   0x0000000000000104       0xac build/default/debug/lib/i2c/i2c.o
 .debug_frame   0x00000000000001b0       0xdc build/default/debug/lib/DA_converter_MCP4728A1/mcp4728a1.o
 .debug_frame   0x000000000000028c      0x138 build/default/debug/lib/uart/uart.o

.debug_str      0x0000000000000000     0x1119
 *(.debug_str)
 .debug_str     0x0000000000000000      0xfdc D:/Produktivni programy/MPLab/v610/packs/Microchip/AVR-Dx_DFP/2.3.272/xc8/avr/lib/avrxmega2/memx-const/crtavr64da28.o
 .debug_str     0x0000000000000fdc       0xcc build/default/debug/src/main.o
 .debug_str     0x00000000000010a8       0x32 build/default/debug/lib/i2c/i2c.o
 .debug_str     0x00000000000010da       0x1f build/default/debug/lib/DA_converter_MCP4728A1/mcp4728a1.o
 .debug_str     0x00000000000010f9       0x20 build/default/debug/lib/uart/uart.o

.debug_loc      0x0000000000000000      0x992
 *(.debug_loc)
 .debug_loc     0x0000000000000000      0x222 build/default/debug/src/main.o
 .debug_loc     0x0000000000000222      0x3a9 build/default/debug/lib/i2c/i2c.o
 .debug_loc     0x00000000000005cb      0x177 build/default/debug/lib/DA_converter_MCP4728A1/mcp4728a1.o
 .debug_loc     0x0000000000000742      0x250 build/default/debug/lib/uart/uart.o

.debug_macinfo
 *(.debug_macinfo)

.debug_weaknames
 *(.debug_weaknames)

.debug_funcnames
 *(.debug_funcnames)

.debug_typenames
 *(.debug_typenames)

.debug_varnames
 *(.debug_varnames)

.debug_pubtypes
 *(.debug_pubtypes)

.debug_ranges   0x0000000000000000      0x150
 *(.debug_ranges)
 .debug_ranges  0x0000000000000000       0x30 build/default/debug/src/main.o
 .debug_ranges  0x0000000000000030       0x78 build/default/debug/lib/i2c/i2c.o
 .debug_ranges  0x00000000000000a8       0x38 build/default/debug/lib/DA_converter_MCP4728A1/mcp4728a1.o
 .debug_ranges  0x00000000000000e0       0x70 build/default/debug/lib/uart/uart.o

.debug_macro
 *(.debug_macro)
OUTPUT(dist/default/debug/BJT_tester_2v0.X.debug.elf elf32-avr)
LOAD linker stubs
LOAD data_init

.note.gnu.avr.deviceinfo
                0x0000000000000000       0x3c
 .note.gnu.avr.deviceinfo
                0x0000000000000000       0x3c D:/Produktivni programy/MPLab/v610/packs/Microchip/AVR-Dx_DFP/2.3.272/xc8/avr/lib/avrxmega2/memx-const/crtavr64da28.o

.bss.status     0x000000000080600a        0x1
 .bss.status    0x000000000080600a        0x1 build/default/debug/src/main.o
                0x000000000080600a                status

.progmemx.data  0x0000000000000110       0xf5
 .progmemx.data
                0x0000000000000110       0xf5 build/default/debug/src/main.o

.progmemx.data.state_table
                0x0000000000000205       0x16
 .progmemx.data.state_table
                0x0000000000000205       0x16 d:/produktivni programy/mplab/xc8/v3.0/avr/bin/../lib/gcc/avr/5.4.0/../../../../avr/lib/avrxmega2/memx-const\libc.a(__printf_core.o)

.progmemx.data.nuls.2781
                0x000000000000021b        0x7
 .progmemx.data.nuls.2781
                0x000000000000021b        0x7 d:/produktivni programy/mplab/xc8/v3.0/avr/bin/../lib/gcc/avr/5.4.0/../../../../avr/lib/avrxmega2/memx-const\libc.a(__fmt_s.o)

.progmemx.data.nilstr.2962
                0x0000000000000222        0x6
 .progmemx.data.nilstr.2962
                0x0000000000000222        0x6 d:/produktivni programy/mplab/xc8/v3.0/avr/bin/../lib/gcc/avr/5.4.0/../../../../avr/lib/avrxmega2/memx-const\libc.a(__printf_core.o)

.text.vfpfcnvrt
                0x0000000000000228      0x4cc
 .text.vfpfcnvrt
                0x0000000000000228      0x4cc d:/produktivni programy/mplab/xc8/v3.0/avr/bin/../lib/gcc/avr/5.4.0/../../../../avr/lib/avrxmega2/memx-const\libc.a(__printf_core.o)
                0x0000000000000228                vfpfcnvrt

.text.main      0x00000000000006f4      0x1e4
 .text.main     0x00000000000006f4      0x1e4 build/default/debug/src/main.o
                0x00000000000006f4                main

.text.__fmt_x   0x00000000000008d8      0x1da
 .text.__fmt_x  0x00000000000008d8      0x1da d:/produktivni programy/mplab/xc8/v3.0/avr/bin/../lib/gcc/avr/5.4.0/../../../../avr/lib/avrxmega2/memx-const\libc.a(__fmt_x.o)
                0x00000000000008d8                __fmt_x_needed
                0x00000000000008d8                __fmt_x

.text.__fmt_d   0x0000000000000ab2       0xe6
 .text.__fmt_d  0x0000000000000ab2       0xe6 d:/produktivni programy/mplab/xc8/v3.0/avr/bin/../lib/gcc/avr/5.4.0/../../../../avr/lib/avrxmega2/memx-const\libc.a(__fmt_d.o)
                0x0000000000000ab2                __fmt_d
                0x0000000000000ab2                __fmt_d_needed

.text.__pop_int
                0x0000000000000b98       0xda
 .text.__pop_int
                0x0000000000000b98       0xda d:/produktivni programy/mplab/xc8/v3.0/avr/bin/../lib/gcc/avr/5.4.0/../../../../avr/lib/avrxmega2/memx-const\libc.a(__pop_int.o)
                0x0000000000000b98                __pop_int_needed
                0x0000000000000b98                __pop_int

.text.__cvt_u   0x0000000000000c72       0xca
 .text.__cvt_u  0x0000000000000c72       0xca d:/produktivni programy/mplab/xc8/v3.0/avr/bin/../lib/gcc/avr/5.4.0/../../../../avr/lib/avrxmega2/memx-const\libc.a(__fmt_u.o)
                0x0000000000000c72                __cvt_u

.text.i2c_write
                0x0000000000000d3c       0xbc
 .text.i2c_write
                0x0000000000000d3c       0xbc build/default/debug/lib/i2c/i2c.o
                0x0000000000000d3c                i2c_write

.text.__fmt_o   0x0000000000000df8       0xb4
 .text.__fmt_o  0x0000000000000df8       0xb4 d:/produktivni programy/mplab/xc8/v3.0/avr/bin/../lib/gcc/avr/5.4.0/../../../../avr/lib/avrxmega2/memx-const\libc.a(__fmt_o.o)
                0x0000000000000df8                __fmt_o
                0x0000000000000df8                __fmt_o_needed

.text.__fmt_state
                0x0000000000000eac       0x9e
 .text.__fmt_state
                0x0000000000000eac       0x9e d:/produktivni programy/mplab/xc8/v3.0/avr/bin/../lib/gcc/avr/5.4.0/../../../../avr/lib/avrxmega2/memx-const\libc.a(__printf_core.o)
                0x0000000000000eac                __fmt_state

.text.fputc     0x0000000000000f4a       0x98
 .text.fputc    0x0000000000000f4a       0x98 d:/produktivni programy/mplab/xc8/v3.0/avr/bin/../lib/gcc/avr/5.4.0/../../../../avr/lib/avrxmega2/memx-const\libc.a(fputc.o)
                0x0000000000000f4a                fputc
                0x0000000000000f4a                putc

.text.__vsnprintf
                0x0000000000000fe2       0x98
 .text.__vsnprintf
                0x0000000000000fe2       0x98 d:/produktivni programy/mplab/xc8/v3.0/avr/bin/../lib/gcc/avr/5.4.0/../../../../avr/lib/avrxmega2/memx-const\libc.a(__int_vsnprintf.o)
                0x0000000000000fe2                __vsnprintf

.text.__pad     0x000000000000107a       0x96
 .text.__pad    0x000000000000107a       0x96 d:/produktivni programy/mplab/xc8/v3.0/avr/bin/../lib/gcc/avr/5.4.0/../../../../avr/lib/avrxmega2/memx-const\libc.a(__printf_core.o)
                0x000000000000107a                __pad

.text.__printf_core
                0x0000000000001110       0x94
 .text.__printf_core
                0x0000000000001110       0x94 d:/produktivni programy/mplab/xc8/v3.0/avr/bin/../lib/gcc/avr/5.4.0/../../../../avr/lib/avrxmega2/memx-const\libc.a(__printf_core.o)
                0x0000000000001110                __printf_core

.text.__fmt_u   0x00000000000011a4       0x90
 .text.__fmt_u  0x00000000000011a4       0x90 d:/produktivni programy/mplab/xc8/v3.0/avr/bin/../lib/gcc/avr/5.4.0/../../../../avr/lib/avrxmega2/memx-const\libc.a(__fmt_u.o)
                0x00000000000011a4                __fmt_u_needed
                0x00000000000011a4                __fmt_u

.text.__vector_31
                0x0000000000001234       0x8a
 .text.__vector_31
                0x0000000000001234       0x8a build/default/debug/src/main.o
                0x0000000000001234                __vector_31

.text.__fmt_s   0x00000000000012be       0x7a
 .text.__fmt_s  0x00000000000012be       0x7a d:/produktivni programy/mplab/xc8/v3.0/avr/bin/../lib/gcc/avr/5.4.0/../../../../avr/lib/avrxmega2/memx-const\libc.a(__fmt_s.o)
                0x00000000000012be                __fmt_s
                0x00000000000012be                __fmt_0_needed
                0x00000000000012be                __fmt_s_needed

.text.read_prec_or_width
                0x0000000000001338       0x78
 .text.read_prec_or_width
                0x0000000000001338       0x78 d:/produktivni programy/mplab/xc8/v3.0/avr/bin/../lib/gcc/avr/5.4.0/../../../../avr/lib/avrxmega2/memx-const\libc.a(__printf_core.o)

.text.mcp4728_set_channel
                0x00000000000013b0       0x6e
 .text.mcp4728_set_channel
                0x00000000000013b0       0x6e build/default/debug/lib/DA_converter_MCP4728A1/mcp4728a1.o
                0x00000000000013b0                mcp4728_set_channel

.text.__out     0x000000000000141e       0x68
 .text.__out    0x000000000000141e       0x68 d:/produktivni programy/mplab/xc8/v3.0/avr/bin/../lib/gcc/avr/5.4.0/../../../../avr/lib/avrxmega2/memx-const\libc.a(__printf_core.o)
                0x000000000000141e                __out

.text.uart1_receive_string
                0x0000000000001486       0x64
 .text.uart1_receive_string
                0x0000000000001486       0x64 build/default/debug/lib/uart/uart.o
                0x0000000000001486                uart1_receive_string

.text.libgcc.div
                0x00000000000014ea       0x44
 .text.libgcc.div
                0x00000000000014ea       0x44 d:/produktivni programy/mplab/xc8/v3.0/avr/bin/../lib/gcc/avr/5.4.0/avrxmega2/memx-const\libgcc.a(_udivmodsi4.o)
                0x00000000000014ea                __udivmodsi4

.text.strcmp    0x000000000000152e       0x42
 .text.strcmp   0x000000000000152e       0x42 d:/produktivni programy/mplab/xc8/v3.0/avr/bin/../lib/gcc/avr/5.4.0/../../../../avr/lib/avrxmega2/memx-const\libc.a(strcmp.o)
                0x000000000000152e                strcmp

.text.i2c_device_available
                0x0000000000001570       0x3e
 .text.i2c_device_available
                0x0000000000001570       0x3e build/default/debug/lib/i2c/i2c.o
                0x0000000000001570                i2c_device_available

.text.i2c_init  0x00000000000015ae       0x3a
 .text.i2c_init
                0x00000000000015ae       0x3a build/default/debug/lib/i2c/i2c.o
                0x00000000000015ae                i2c_init

.text.libgcc.prologue
                0x00000000000015e8       0x32
 .text.libgcc.prologue
                0x00000000000015e8       0x32 d:/produktivni programy/mplab/xc8/v3.0/avr/bin/../lib/gcc/avr/5.4.0/avrxmega2/memx-const\libgcc.a(_prologue.o)
                0x00000000000015e8                __prologue_saves__

.text.__vfprintf
                0x000000000000161a       0x30
 .text.__vfprintf
                0x000000000000161a       0x30 d:/produktivni programy/mplab/xc8/v3.0/avr/bin/../lib/gcc/avr/5.4.0/../../../../avr/lib/avrxmega2/memx-const\libc.a(__int_vfprintf.o)
                0x000000000000161a                __vfprintf

.text.libgcc.prologue
                0x000000000000164a       0x30
 .text.libgcc.prologue
                0x000000000000164a       0x30 d:/produktivni programy/mplab/xc8/v3.0/avr/bin/../lib/gcc/avr/5.4.0/avrxmega2/memx-const\libgcc.a(_epilogue.o)
                0x000000000000164a                __epilogue_restores__

.text.uart1_send_string
                0x000000000000167a       0x2c
 .text.uart1_send_string
                0x000000000000167a       0x2c build/default/debug/lib/uart/uart.o
                0x000000000000167a                uart1_send_string

.text.strlen    0x00000000000016a6       0x2c
 .text.strlen   0x00000000000016a6       0x2c d:/produktivni programy/mplab/xc8/v3.0/avr/bin/../lib/gcc/avr/5.4.0/../../../../avr/lib/avrxmega2/memx-const\libc.a(strlen.o)
                0x00000000000016a6                strlen

.text.__wrap_sprintf
                0x00000000000016d2       0x26
 .text.__wrap_sprintf
                0x00000000000016d2       0x26 d:/produktivni programy/mplab/xc8/v3.0/avr/bin/../lib/gcc/avr/5.4.0/../../../../avr/lib/avrxmega2/memx-const\libc.a(__sio_sprintf_doux.o)
                0x00000000000016d2                _sprintf_cdopuxX

.text.uart1_init
                0x00000000000016f8       0x24
 .text.uart1_init
                0x00000000000016f8       0x24 build/default/debug/lib/uart/uart.o
                0x00000000000016f8                uart1_init

.text.nextion_send_string
                0x000000000000171c       0x18
 .text.nextion_send_string
                0x000000000000171c       0x18 build/default/debug/src/main.o
                0x000000000000171c                nextion_send_string

.text.__vsprintf
                0x0000000000001734       0x18
 .text.__vsprintf
                0x0000000000001734       0x18 d:/produktivni programy/mplab/xc8/v3.0/avr/bin/../lib/gcc/avr/5.4.0/../../../../avr/lib/avrxmega2/memx-const\libc.a(__int_vsprintf.o)
                0x0000000000001734                __vsprintf

.text.exit      0x000000000000174c       0x16
 .text.exit     0x000000000000174c       0x16 d:/produktivni programy/mplab/xc8/v3.0/avr/bin/../lib/gcc/avr/5.4.0/../../../../avr/lib/avrxmega2/memx-const\libc.a(exit.o)
                0x000000000000174c                exit

.text.mcp4728_init
                0x0000000000001762       0x14
 .text.mcp4728_init
                0x0000000000001762       0x14 build/default/debug/lib/DA_converter_MCP4728A1/mcp4728a1.o
                0x0000000000001762                mcp4728_init

.text.toupper   0x0000000000001776       0x12
 .text.toupper  0x0000000000001776       0x12 d:/produktivni programy/mplab/xc8/v3.0/avr/bin/../lib/gcc/avr/5.4.0/../../../../avr/lib/avrxmega2/memx-const\libc.a(toupper.o)
                0x0000000000001776                toupper

.text.uart1_data_available
                0x0000000000001788       0x10
 .text.uart1_data_available
                0x0000000000001788       0x10 build/default/debug/lib/uart/uart.o
                0x0000000000001788                uart1_data_available

.text.uart1_clear_receive_buffer
                0x0000000000001798       0x10
 .text.uart1_clear_receive_buffer
                0x0000000000001798       0x10 build/default/debug/lib/uart/uart.o
                0x0000000000001798                uart1_clear_receive_buffer

.text.tolower   0x00000000000017a8       0x10
 .text.tolower  0x00000000000017a8       0x10 d:/produktivni programy/mplab/xc8/v3.0/avr/bin/../lib/gcc/avr/5.4.0/../../../../avr/lib/avrxmega2/memx-const\libc.a(tolower.o)
                0x00000000000017a8                tolower

.text.uart1_send_byte
                0x00000000000017b8        0xe
 .text.uart1_send_byte
                0x00000000000017b8        0xe build/default/debug/lib/uart/uart.o
                0x00000000000017b8                uart1_send_byte

.text.uart1_receive_byte
                0x00000000000017c6        0xe
 .text.uart1_receive_byte
                0x00000000000017c6        0xe build/default/debug/lib/uart/uart.o
                0x00000000000017c6                uart1_receive_byte

.text           0x00000000000017d4        0x4
 .text          0x00000000000017d4        0x4 D:/Produktivni programy/MPLab/v610/packs/Microchip/AVR-Dx_DFP/2.3.272/xc8/avr/lib/avrxmega2/memx-const/crtavr64da28.o
                0x00000000000017d4                __vector_38
                0x00000000000017d4                __vector_22
                0x00000000000017d4                __vector_28
                0x00000000000017d4                __vector_1
                0x00000000000017d4                __vector_32
                0x00000000000017d4                __vector_34
                0x00000000000017d4                __vector_24
                0x00000000000017d4                __vector_12
                0x00000000000017d4                __bad_interrupt
                0x00000000000017d4                __vector_6
                0x00000000000017d4                __vector_35
                0x00000000000017d4                __vector_39
                0x00000000000017d4                __vector_3
                0x00000000000017d4                __vector_23
                0x00000000000017d4                __vector_30
                0x00000000000017d4                __vector_25
                0x00000000000017d4                __vector_11
                0x00000000000017d4                __vector_13
                0x00000000000017d4                __vector_17
                0x00000000000017d4                __vector_19
                0x00000000000017d4                __vector_7
                0x00000000000017d4                __vector_27
                0x00000000000017d4                __vector_5
                0x00000000000017d4                __vector_33
                0x00000000000017d4                __vector_37
                0x00000000000017d4                __vector_4
                0x00000000000017d4                __vector_9
                0x00000000000017d4                __vector_2
                0x00000000000017d4                __vector_21
                0x00000000000017d4                __vector_15
                0x00000000000017d4                __vector_36
                0x00000000000017d4                __vector_29
                0x00000000000017d4                __vector_40
                0x00000000000017d4                __vector_8
                0x00000000000017d4                __vector_26
                0x00000000000017d4                __vector_14
                0x00000000000017d4                __vector_10
                0x00000000000017d4                __vector_16
                0x00000000000017d4                __vector_18
                0x00000000000017d4                __vector_20

.text._Exit     0x00000000000017d8        0x4
 .text._Exit    0x00000000000017d8        0x4 d:/produktivni programy/mplab/xc8/v3.0/avr/bin/../lib/gcc/avr/5.4.0/../../../../avr/lib/avrxmega2/memx-const\libc.a(_Exit.o)
                0x00000000000017d8                _Exit

.text.__dummy_fini
                0x00000000000017dc        0x2
 .text.__dummy_fini
                0x00000000000017dc        0x2 d:/produktivni programy/mplab/xc8/v3.0/avr/bin/../lib/gcc/avr/5.4.0/../../../../avr/lib/avrxmega2/memx-const\libc.a(exit.o)
                0x00000000000017dc                _fini

.text.__dummy_funcs_on_exit
                0x00000000000017de        0x2
 .text.__dummy_funcs_on_exit
                0x00000000000017de        0x2 d:/produktivni programy/mplab/xc8/v3.0/avr/bin/../lib/gcc/avr/5.4.0/../../../../avr/lib/avrxmega2/memx-const\libc.a(exit.o)
                0x00000000000017de                __funcs_on_exit

.text.__dummy_simulator_exit
                0x00000000000017e0        0x2
 .text.__dummy_simulator_exit
                0x00000000000017e0        0x2 d:/produktivni programy/mplab/xc8/v3.0/avr/bin/../lib/gcc/avr/5.4.0/../../../../avr/lib/avrxmega2/memx-const\libc.a(exit.o)
                0x00000000000017e0                __simulator_exit

.rodata         0x0000000000806002        0x8 load address 0x00000000000017e2
 .rodata        0x0000000000806002        0x8 build/default/debug/src/main.o

.data._mcp4728_address
                0x000000000080600b        0x1 load address 0x00000000000017ea
 .data._mcp4728_address
                0x000000000080600b        0x1 build/default/debug/lib/DA_converter_MCP4728A1/mcp4728a1.o
