Archive member included to satisfy reference by file (symbol)

d:/produktivni programy/mplab/xc8/v3.0/avr/bin/../lib/gcc/avr/5.4.0/avrxmega2/memx-const\libgcc.a(_udivmodsi4.o)
                              build/default/debug/lib/i2c/i2c.o (__udivmodsi4)
d:/produktivni programy/mplab/xc8/v3.0/avr/bin/../lib/gcc/avr/5.4.0/avrxmega2/memx-const\libgcc.a(_copy_data.o)
                              build/default/debug/lib/DA_converter_MCP4728A1/mcp4728a1.o (__do_copy_data)
d:/produktivni programy/mplab/xc8/v3.0/avr/bin/../lib/gcc/avr/5.4.0/../../../../avr/lib/avrxmega2/memx-const\libc.a(exit.o)
                              D:/Produktivni programy/MPLab/v610/packs/Microchip/AVR-Dx_DFP/2.3.272/xc8/avr/lib/avrxmega2/memx-const/crtavr64da28.o (exit)
d:/produktivni programy/mplab/xc8/v3.0/avr/bin/../lib/gcc/avr/5.4.0/../../../../avr/lib/avrxmega2/memx-const\libc.a(strcmp.o)
                              build/default/debug/src/main.o (strcmp)
d:/produktivni programy/mplab/xc8/v3.0/avr/bin/../lib/gcc/avr/5.4.0/../../../../avr/lib/avrxmega2/memx-const\libc.a(_Exit.o)
                              d:/produktivni programy/mplab/xc8/v3.0/avr/bin/../lib/gcc/avr/5.4.0/../../../../avr/lib/avrxmega2/memx-const\libc.a(exit.o) (_Exit)
d:/produktivni programy/mplab/xc8/v3.0/avr/bin/../lib/gcc/avr/5.4.0/avrxmega2/memx-const\libgcc.a(_exit.o)
                              d:/produktivni programy/mplab/xc8/v3.0/avr/bin/../lib/gcc/avr/5.4.0/../../../../avr/lib/avrxmega2/memx-const\libc.a(_Exit.o) (_exit)

Discarded input sections

 .data          0x0000000000000000        0x0 D:/Produktivni programy/MPLab/v610/packs/Microchip/AVR-Dx_DFP/2.3.272/xc8/avr/lib/avrxmega2/memx-const/crtavr64da28.o
 .bss           0x0000000000000000        0x0 D:/Produktivni programy/MPLab/v610/packs/Microchip/AVR-Dx_DFP/2.3.272/xc8/avr/lib/avrxmega2/memx-const/crtavr64da28.o
 .text          0x0000000000000000        0x0 build/default/debug/src/main.o
 .data          0x0000000000000000        0x0 build/default/debug/src/main.o
 .bss           0x0000000000000000        0x0 build/default/debug/src/main.o
 .text          0x0000000000000000        0x0 build/default/debug/lib/i2c/i2c.o
 .data          0x0000000000000000        0x0 build/default/debug/lib/i2c/i2c.o
 .bss           0x0000000000000000        0x0 build/default/debug/lib/i2c/i2c.o
 .text.i2c_read
                0x0000000000000000       0xa6 build/default/debug/lib/i2c/i2c.o
 .text.i2c_scan
                0x0000000000000000       0x44 build/default/debug/lib/i2c/i2c.o
 .text          0x0000000000000000        0x0 build/default/debug/lib/DA_converter_MCP4728A1/mcp4728a1.o
 .data          0x0000000000000000        0x0 build/default/debug/lib/DA_converter_MCP4728A1/mcp4728a1.o
 .bss           0x0000000000000000        0x0 build/default/debug/lib/DA_converter_MCP4728A1/mcp4728a1.o
 .text.mcp4728_fast_write
                0x0000000000000000       0x54 build/default/debug/lib/DA_converter_MCP4728A1/mcp4728a1.o
 .text.mcp4728_set_all_channels
                0x0000000000000000       0x8a build/default/debug/lib/DA_converter_MCP4728A1/mcp4728a1.o
 .text.mcp4728_general_reset
                0x0000000000000000       0x26 build/default/debug/lib/DA_converter_MCP4728A1/mcp4728a1.o
 .text.mcp4728_wakeup
                0x0000000000000000       0x26 build/default/debug/lib/DA_converter_MCP4728A1/mcp4728a1.o
 .text          0x0000000000000000        0x0 build/default/debug/lib/uart/uart.o
 .data          0x0000000000000000        0x0 build/default/debug/lib/uart/uart.o
 .bss           0x0000000000000000        0x0 build/default/debug/lib/uart/uart.o
 .text.uart0_init
                0x0000000000000000       0x22 build/default/debug/lib/uart/uart.o
 .text.uart0_send_byte
                0x0000000000000000       0x10 build/default/debug/lib/uart/uart.o
 .text.uart0_send_string
                0x0000000000000000       0x36 build/default/debug/lib/uart/uart.o
 .text.uart0_receive_byte
                0x0000000000000000       0x10 build/default/debug/lib/uart/uart.o
 .text.uart0_data_available
                0x0000000000000000        0xc build/default/debug/lib/uart/uart.o
 .text.uart0_receive_string
                0x0000000000000000       0x5c build/default/debug/lib/uart/uart.o
 .text          0x0000000000000000        0x0 build/default/debug/lib/adc/adc.o
 .data          0x0000000000000000        0x0 build/default/debug/lib/adc/adc.o
 .bss           0x0000000000000000        0x0 build/default/debug/lib/adc/adc.o
 .text.ADC_init
                0x0000000000000000       0x16 build/default/debug/lib/adc/adc.o
 .text.ADC_read
                0x0000000000000000       0x1a build/default/debug/lib/adc/adc.o
 .debug_info    0x0000000000000000      0x7ab build/default/debug/lib/adc/adc.o
 .debug_abbrev  0x0000000000000000      0x140 build/default/debug/lib/adc/adc.o
 .debug_loc     0x0000000000000000       0x2d build/default/debug/lib/adc/adc.o
 .debug_aranges
                0x0000000000000000       0x28 build/default/debug/lib/adc/adc.o
 .debug_ranges  0x0000000000000000       0x18 build/default/debug/lib/adc/adc.o
 .debug_line    0x0000000000000000      0x138 build/default/debug/lib/adc/adc.o
 .debug_str     0x0000000000000000       0x16 build/default/debug/lib/adc/adc.o
 .comment       0x0000000000000000       0x30 build/default/debug/lib/adc/adc.o
 .debug_frame   0x0000000000000000       0x34 build/default/debug/lib/adc/adc.o
 .text          0x0000000000000000        0x0 d:/produktivni programy/mplab/xc8/v3.0/avr/bin/../lib/gcc/avr/5.4.0/avrxmega2/memx-const\libgcc.a(_udivmodsi4.o)
 .data          0x0000000000000000        0x0 d:/produktivni programy/mplab/xc8/v3.0/avr/bin/../lib/gcc/avr/5.4.0/avrxmega2/memx-const\libgcc.a(_udivmodsi4.o)
 .bss           0x0000000000000000        0x0 d:/produktivni programy/mplab/xc8/v3.0/avr/bin/../lib/gcc/avr/5.4.0/avrxmega2/memx-const\libgcc.a(_udivmodsi4.o)
 .text.libgcc.mul
                0x0000000000000000        0x0 d:/produktivni programy/mplab/xc8/v3.0/avr/bin/../lib/gcc/avr/5.4.0/avrxmega2/memx-const\libgcc.a(_udivmodsi4.o)
 .stack.descriptors
                0x0000000000000000       0x1a d:/produktivni programy/mplab/xc8/v3.0/avr/bin/../lib/gcc/avr/5.4.0/avrxmega2/memx-const\libgcc.a(_udivmodsi4.o)
 .text.libgcc   0x0000000000000000        0x0 d:/produktivni programy/mplab/xc8/v3.0/avr/bin/../lib/gcc/avr/5.4.0/avrxmega2/memx-const\libgcc.a(_udivmodsi4.o)
 .text.libgcc.prologue
                0x0000000000000000        0x0 d:/produktivni programy/mplab/xc8/v3.0/avr/bin/../lib/gcc/avr/5.4.0/avrxmega2/memx-const\libgcc.a(_udivmodsi4.o)
 .text.libgcc.builtins
                0x0000000000000000        0x0 d:/produktivni programy/mplab/xc8/v3.0/avr/bin/../lib/gcc/avr/5.4.0/avrxmega2/memx-const\libgcc.a(_udivmodsi4.o)
 .text.libgcc.fmul
                0x0000000000000000        0x0 d:/produktivni programy/mplab/xc8/v3.0/avr/bin/../lib/gcc/avr/5.4.0/avrxmega2/memx-const\libgcc.a(_udivmodsi4.o)
 .text.libgcc.fixed
                0x0000000000000000        0x0 d:/produktivni programy/mplab/xc8/v3.0/avr/bin/../lib/gcc/avr/5.4.0/avrxmega2/memx-const\libgcc.a(_udivmodsi4.o)
 .text          0x0000000000000000        0x0 d:/produktivni programy/mplab/xc8/v3.0/avr/bin/../lib/gcc/avr/5.4.0/avrxmega2/memx-const\libgcc.a(_copy_data.o)
 .data          0x0000000000000000        0x0 d:/produktivni programy/mplab/xc8/v3.0/avr/bin/../lib/gcc/avr/5.4.0/avrxmega2/memx-const\libgcc.a(_copy_data.o)
 .bss           0x0000000000000000        0x0 d:/produktivni programy/mplab/xc8/v3.0/avr/bin/../lib/gcc/avr/5.4.0/avrxmega2/memx-const\libgcc.a(_copy_data.o)
 .text.libgcc.mul
                0x0000000000000000        0x0 d:/produktivni programy/mplab/xc8/v3.0/avr/bin/../lib/gcc/avr/5.4.0/avrxmega2/memx-const\libgcc.a(_copy_data.o)
 .text.libgcc.div
                0x0000000000000000        0x0 d:/produktivni programy/mplab/xc8/v3.0/avr/bin/../lib/gcc/avr/5.4.0/avrxmega2/memx-const\libgcc.a(_copy_data.o)
 .text.libgcc   0x0000000000000000        0x0 d:/produktivni programy/mplab/xc8/v3.0/avr/bin/../lib/gcc/avr/5.4.0/avrxmega2/memx-const\libgcc.a(_copy_data.o)
 .text.libgcc.prologue
                0x0000000000000000        0x0 d:/produktivni programy/mplab/xc8/v3.0/avr/bin/../lib/gcc/avr/5.4.0/avrxmega2/memx-const\libgcc.a(_copy_data.o)
 .text.libgcc.builtins
                0x0000000000000000        0x0 d:/produktivni programy/mplab/xc8/v3.0/avr/bin/../lib/gcc/avr/5.4.0/avrxmega2/memx-const\libgcc.a(_copy_data.o)
 .text.libgcc.fmul
                0x0000000000000000        0x0 d:/produktivni programy/mplab/xc8/v3.0/avr/bin/../lib/gcc/avr/5.4.0/avrxmega2/memx-const\libgcc.a(_copy_data.o)
 .text.libgcc.fixed
                0x0000000000000000        0x0 d:/produktivni programy/mplab/xc8/v3.0/avr/bin/../lib/gcc/avr/5.4.0/avrxmega2/memx-const\libgcc.a(_copy_data.o)
 .text          0x0000000000000000        0x0 d:/produktivni programy/mplab/xc8/v3.0/avr/bin/../lib/gcc/avr/5.4.0/../../../../avr/lib/avrxmega2/memx-const\libc.a(exit.o)
 .data          0x0000000000000000        0x0 d:/produktivni programy/mplab/xc8/v3.0/avr/bin/../lib/gcc/avr/5.4.0/../../../../avr/lib/avrxmega2/memx-const\libc.a(exit.o)
 .bss           0x0000000000000000        0x0 d:/produktivni programy/mplab/xc8/v3.0/avr/bin/../lib/gcc/avr/5.4.0/../../../../avr/lib/avrxmega2/memx-const\libc.a(exit.o)
 .stack.descriptors
                0x0000000000000000       0x73 d:/produktivni programy/mplab/xc8/v3.0/avr/bin/../lib/gcc/avr/5.4.0/../../../../avr/lib/avrxmega2/memx-const\libc.a(exit.o)
 .text          0x0000000000000000        0x0 d:/produktivni programy/mplab/xc8/v3.0/avr/bin/../lib/gcc/avr/5.4.0/../../../../avr/lib/avrxmega2/memx-const\libc.a(strcmp.o)
 .data          0x0000000000000000        0x0 d:/produktivni programy/mplab/xc8/v3.0/avr/bin/../lib/gcc/avr/5.4.0/../../../../avr/lib/avrxmega2/memx-const\libc.a(strcmp.o)
 .bss           0x0000000000000000        0x0 d:/produktivni programy/mplab/xc8/v3.0/avr/bin/../lib/gcc/avr/5.4.0/../../../../avr/lib/avrxmega2/memx-const\libc.a(strcmp.o)
 .stack.descriptors
                0x0000000000000000       0x14 d:/produktivni programy/mplab/xc8/v3.0/avr/bin/../lib/gcc/avr/5.4.0/../../../../avr/lib/avrxmega2/memx-const\libc.a(strcmp.o)
 .text          0x0000000000000000        0x0 d:/produktivni programy/mplab/xc8/v3.0/avr/bin/../lib/gcc/avr/5.4.0/../../../../avr/lib/avrxmega2/memx-const\libc.a(_Exit.o)
 .data          0x0000000000000000        0x0 d:/produktivni programy/mplab/xc8/v3.0/avr/bin/../lib/gcc/avr/5.4.0/../../../../avr/lib/avrxmega2/memx-const\libc.a(_Exit.o)
 .bss           0x0000000000000000        0x0 d:/produktivni programy/mplab/xc8/v3.0/avr/bin/../lib/gcc/avr/5.4.0/../../../../avr/lib/avrxmega2/memx-const\libc.a(_Exit.o)
 .stack.descriptors
                0x0000000000000000       0x13 d:/produktivni programy/mplab/xc8/v3.0/avr/bin/../lib/gcc/avr/5.4.0/../../../../avr/lib/avrxmega2/memx-const\libc.a(_Exit.o)
 .text          0x0000000000000000        0x0 d:/produktivni programy/mplab/xc8/v3.0/avr/bin/../lib/gcc/avr/5.4.0/avrxmega2/memx-const\libgcc.a(_exit.o)
 .data          0x0000000000000000        0x0 d:/produktivni programy/mplab/xc8/v3.0/avr/bin/../lib/gcc/avr/5.4.0/avrxmega2/memx-const\libgcc.a(_exit.o)
 .bss           0x0000000000000000        0x0 d:/produktivni programy/mplab/xc8/v3.0/avr/bin/../lib/gcc/avr/5.4.0/avrxmega2/memx-const\libgcc.a(_exit.o)
 .text.libgcc.mul
                0x0000000000000000        0x0 d:/produktivni programy/mplab/xc8/v3.0/avr/bin/../lib/gcc/avr/5.4.0/avrxmega2/memx-const\libgcc.a(_exit.o)
 .text.libgcc.div
                0x0000000000000000        0x0 d:/produktivni programy/mplab/xc8/v3.0/avr/bin/../lib/gcc/avr/5.4.0/avrxmega2/memx-const\libgcc.a(_exit.o)
 .text.libgcc   0x0000000000000000        0x0 d:/produktivni programy/mplab/xc8/v3.0/avr/bin/../lib/gcc/avr/5.4.0/avrxmega2/memx-const\libgcc.a(_exit.o)
 .text.libgcc.prologue
                0x0000000000000000        0x0 d:/produktivni programy/mplab/xc8/v3.0/avr/bin/../lib/gcc/avr/5.4.0/avrxmega2/memx-const\libgcc.a(_exit.o)
 .stack.descriptors
                0x0000000000000000       0x13 d:/produktivni programy/mplab/xc8/v3.0/avr/bin/../lib/gcc/avr/5.4.0/avrxmega2/memx-const\libgcc.a(_exit.o)
 .text.libgcc.builtins
                0x0000000000000000        0x0 d:/produktivni programy/mplab/xc8/v3.0/avr/bin/../lib/gcc/avr/5.4.0/avrxmega2/memx-const\libgcc.a(_exit.o)
 .text.libgcc.fmul
                0x0000000000000000        0x0 d:/produktivni programy/mplab/xc8/v3.0/avr/bin/../lib/gcc/avr/5.4.0/avrxmega2/memx-const\libgcc.a(_exit.o)
 .text.libgcc.fixed
                0x0000000000000000        0x0 d:/produktivni programy/mplab/xc8/v3.0/avr/bin/../lib/gcc/avr/5.4.0/avrxmega2/memx-const\libgcc.a(_exit.o)

Memory Configuration

Name             Origin             Length             Attributes
text             0x0000000000000000 0x0000000000010000 xr
data             0x0000000000806000 0x0000000000002000 rw !x
eeprom           0x0000000000810000 0x0000000000000200 rw !x
fuse             0x0000000000820000 0x0000000000000010 rw !x
lock             0x0000000000830000 0x0000000000000400 rw !x
signature        0x0000000000840000 0x0000000000000400 rw !x
user_signatures  0x0000000000850000 0x0000000000000400 rw !x
bootrow          0x0000000000860000 0x0000000000000400 rw !x
*default*        0x0000000000000000 0xffffffffffffffff

Linker script and memory map

Address of section .data set to 0x806000
                0x0000000000008000                __RODATA_PM_OFFSET__ = 0x8000
LOAD D:/Produktivni programy/MPLab/v610/packs/Microchip/AVR-Dx_DFP/2.3.272/xc8/avr/lib/avrxmega2/memx-const/crtavr64da28.o
                0x0000000000000001                __MPLAB_BUILD = 0x1
LOAD build/default/debug/src/main.o
LOAD build/default/debug/lib/i2c/i2c.o
LOAD build/default/debug/lib/DA_converter_MCP4728A1/mcp4728a1.o
LOAD build/default/debug/lib/uart/uart.o
LOAD build/default/debug/lib/adc/adc.o
START GROUP
LOAD d:/produktivni programy/mplab/xc8/v3.0/avr/bin/../lib/gcc/avr/5.4.0/../../../../avr/lib/avrxmega2/memx-const\libm.a
END GROUP
                0x0000000000000001                __MPLAB_DEBUG = 0x1
                0x0000000000000001                __DEBUG = 0x1
START GROUP
LOAD d:/produktivni programy/mplab/xc8/v3.0/avr/bin/../lib/gcc/avr/5.4.0/avrxmega2/memx-const\libgcc.a
LOAD d:/produktivni programy/mplab/xc8/v3.0/avr/bin/../lib/gcc/avr/5.4.0/../../../../avr/lib/avrxmega2/memx-const\libm.a
LOAD d:/produktivni programy/mplab/xc8/v3.0/avr/bin/../lib/gcc/avr/5.4.0/../../../../avr/lib/avrxmega2/memx-const\libc.a
LOAD D:/Produktivni programy/MPLab/v610/packs/Microchip/AVR-Dx_DFP/2.3.272/xc8/avr/lib/avrxmega2/memx-const\libavr64da28.a
END GROUP
                [0x0000000000000000]                __TEXT_REGION_ORIGIN__ = DEFINED (__TEXT_REGION_ORIGIN__)?__TEXT_REGION_ORIGIN__:0x0
                [0x0000000000806000]                __DATA_REGION_ORIGIN__ = DEFINED (__DATA_REGION_ORIGIN__)?__DATA_REGION_ORIGIN__:0x802000
                [0x0000000000010000]                __TEXT_REGION_LENGTH__ = DEFINED (__TEXT_REGION_LENGTH__)?__TEXT_REGION_LENGTH__:0x100000
                [0x0000000000002000]                __DATA_REGION_LENGTH__ = DEFINED (__DATA_REGION_LENGTH__)?__DATA_REGION_LENGTH__:0xffa0
                [0x0000000000000200]                __EEPROM_REGION_LENGTH__ = DEFINED (__EEPROM_REGION_LENGTH__)?__EEPROM_REGION_LENGTH__:0x10000
                [0x0000000000000010]                __FUSE_REGION_LENGTH__ = DEFINED (__FUSE_REGION_LENGTH__)?__FUSE_REGION_LENGTH__:0x400
                0x0000000000000400                __LOCK_REGION_LENGTH__ = DEFINED (__LOCK_REGION_LENGTH__)?__LOCK_REGION_LENGTH__:0x400
                0x0000000000000400                __SIGNATURE_REGION_LENGTH__ = DEFINED (__SIGNATURE_REGION_LENGTH__)?__SIGNATURE_REGION_LENGTH__:0x400
                0x0000000000000400                __USER_SIGNATURE_REGION_LENGTH__ = DEFINED (__USER_SIGNATURE_REGION_LENGTH__)?__USER_SIGNATURE_REGION_LENGTH__:0x400
                0x0000000000000400                __BOOTROW_REGION_LENGTH__ = DEFINED (__BOOTROW_REGION_LENGTH__)?__BOOTROW_REGION_LENGTH__:0x400

.hash
 *(.hash)

.dynsym
 *(.dynsym)

.dynstr
 *(.dynstr)

.gnu.version
 *(.gnu.version)

.gnu.version_d
 *(.gnu.version_d)

.gnu.version_r
 *(.gnu.version_r)

.rel.init
 *(.rel.init)

.rela.init
 *(.rela.init)

.rel.text
 *(.rel.text)
 *(.rel.text.*)
 *(.rel.gnu.linkonce.t*)

.rela.text
 *(.rela.text)
 *(.rela.text.*)
 *(.rela.gnu.linkonce.t*)

.rel.fini
 *(.rel.fini)

.rela.fini
 *(.rela.fini)

.rel.rodata
 *(.rel.rodata)
 *(.rel.rodata.*)
 *(.rel.gnu.linkonce.r*)

.rela.rodata
 *(.rela.rodata)
 *(.rela.rodata.*)
 *(.rela.gnu.linkonce.r*)

.rel.data
 *(.rel.data)
 *(.rel.data.*)
 *(.rel.gnu.linkonce.d*)

.rela.data
 *(.rela.data)
 *(.rela.data.*)
 *(.rela.gnu.linkonce.d*)

.rel.ctors
 *(.rel.ctors)

.rela.ctors
 *(.rela.ctors)

.rel.dtors
 *(.rel.dtors)

.rela.dtors
 *(.rela.dtors)

.rel.got
 *(.rel.got)

.rela.got
 *(.rela.got)

.rel.bss
 *(.rel.bss)

.rela.bss
 *(.rela.bss)

.rel.plt
 *(.rel.plt)

.rela.plt
 *(.rela.plt)

.text           0x0000000000000000      0x104
 *(.vectors)
 .vectors       0x0000000000000000       0xa4 D:/Produktivni programy/MPLab/v610/packs/Microchip/AVR-Dx_DFP/2.3.272/xc8/avr/lib/avrxmega2/memx-const/crtavr64da28.o
                0x0000000000000000                __vector_default
                0x0000000000000000                __vectors
 *(.vectors)
 *(.progmem.gcc*)
 *(.dinit)
 .dinit         0x00000000000000a4        0xc data_init
                0x00000000000000b0                . = ALIGN (0x2)
                0x00000000000000b0                __trampolines_start = .
 *(.trampolines)
 .trampolines   0x00000000000000b0        0x0 linker stubs
 *(.trampolines*)
                0x00000000000000b0                __trampolines_end = .
 *libprintf_flt.a:*(.progmem.data)
 *libc.a:*(.progmem.data)
                0x00000000000000b0                . = ALIGN (0x2)
 *(.jumptables)
 *(.jumptables*)
 *(.lowtext)
 *(.lowtext*)
                0x00000000000000b0                __ctors_start = .
 *(.ctors)
                0x00000000000000b0                __ctors_end = .
                0x00000000000000b0                __dtors_start = .
 *(.dtors)
                0x00000000000000b0                __dtors_end = .
 SORT(*)(.ctors)
 SORT(*)(.dtors)
 *(.init0)
 .init0         0x00000000000000b0        0x0 D:/Produktivni programy/MPLab/v610/packs/Microchip/AVR-Dx_DFP/2.3.272/xc8/avr/lib/avrxmega2/memx-const/crtavr64da28.o
                0x00000000000000b0                __init
 *(.init0)
 *(.init1)
 *(.init1)
 *(.init2)
 .init2         0x00000000000000b0        0xc D:/Produktivni programy/MPLab/v610/packs/Microchip/AVR-Dx_DFP/2.3.272/xc8/avr/lib/avrxmega2/memx-const/crtavr64da28.o
 *(.init2)
 *(.init3)
 *(.init3)
 *(.init4)
 .init4         0x00000000000000bc       0x3c d:/produktivni programy/mplab/xc8/v3.0/avr/bin/../lib/gcc/avr/5.4.0/avrxmega2/memx-const\libgcc.a(_copy_data.o)
                0x00000000000000bc                __do_copy_data
                0x00000000000000ea                __do_clear_bss
 *(.init4)
 *(.init5)
 *(.init5)
 *(.init6)
 *(.init6)
 *(.init7)
 *(.init7)
 *(.init8)
 *(.init8)
 *(.init9)
 .init9         0x00000000000000f8        0x8 D:/Produktivni programy/MPLab/v610/packs/Microchip/AVR-Dx_DFP/2.3.272/xc8/avr/lib/avrxmega2/memx-const/crtavr64da28.o
 *(.init9)
                0x0000000000000100                . = ALIGN (0x2)
 *(.fini9)
 .fini9         0x0000000000000100        0x0 d:/produktivni programy/mplab/xc8/v3.0/avr/bin/../lib/gcc/avr/5.4.0/avrxmega2/memx-const\libgcc.a(_exit.o)
                0x0000000000000100                _exit
 *(.fini9)
 *(.fini8)
 *(.fini8)
 *(.fini7)
 *(.fini7)
 *(.fini6)
 *(.fini6)
 *(.fini5)
 *(.fini5)
 *(.fini4)
 *(.fini4)
 *(.fini3)
 *(.fini3)
 *(.fini2)
 *(.fini2)
 *(.fini1)
 *(.fini1)
 *(.fini0)
 .fini0         0x0000000000000100        0x4 d:/produktivni programy/mplab/xc8/v3.0/avr/bin/../lib/gcc/avr/5.4.0/avrxmega2/memx-const\libgcc.a(_exit.o)
 *(.fini0)
                0x0000000000000104                _etext = .

.data           0x0000000000806000        0x0 load address 0x0000000000000104
                [!provide]                        PROVIDE (__data_start, .)
 *(.gnu.linkonce.d*)
 *(.gnu.linkonce.r*)
                0x0000000000806000                . = ALIGN (0x2)
                0x0000000000806000                _edata = .
                [!provide]                        PROVIDE (__data_end, .)

.bss            0x0000000000806000        0x0
                [!provide]                        PROVIDE (__bss_start, .)
 *(COMMON)
                [!provide]                        PROVIDE (__bss_end, .)
                0x0000000000000104                __data_load_start = LOADADDR (.data)
                0x0000000000000104                __data_load_end = (__data_load_start + SIZEOF (.data))

.noinit         0x0000000000806000        0x0
                [!provide]                        PROVIDE (__noinit_start, .)
 *(.noinit*)
                [!provide]                        PROVIDE (__noinit_end, .)
                0x0000000000806000                _end = .

.eeprom         0x0000000000810000        0x0
 *(.eeprom*)
                0x0000000000810000                __eeprom_end = .

.fuse
 *(.fuse)
 *(.lfuse)
 *(.hfuse)
 *(.efuse)

.lock
 *(.lock*)

.signature
 *(.signature*)

.user_signatures
 *(.user_signatures*)

.bootrow
 *(.bootrow*)

.stab
 *(.stab)

.stabstr
 *(.stabstr)

.stab.excl
 *(.stab.excl)

.stab.exclstr
 *(.stab.exclstr)

.stab.index
 *(.stab.index)

.stab.indexstr
 *(.stab.indexstr)

.comment        0x0000000000000000       0x5b
 *(.comment)
 .comment       0x0000000000000000       0x2f build/default/debug/src/main.o
                                         0x30 (size before relaxing)
 .comment       0x000000000000002f       0x30 build/default/debug/lib/i2c/i2c.o
 .comment       0x000000000000002f       0x30 build/default/debug/lib/DA_converter_MCP4728A1/mcp4728a1.o
 .comment       0x000000000000002f       0x30 build/default/debug/lib/uart/uart.o
 .comment       0x000000000000002f       0x2c d:/produktivni programy/mplab/xc8/v3.0/avr/bin/../lib/gcc/avr/5.4.0/../../../../avr/lib/avrxmega2/memx-const\libc.a(exit.o)
                                         0x2d (size before relaxing)
 .comment       0x000000000000005b       0x2d d:/produktivni programy/mplab/xc8/v3.0/avr/bin/../lib/gcc/avr/5.4.0/../../../../avr/lib/avrxmega2/memx-const\libc.a(strcmp.o)
 .comment       0x000000000000005b       0x2d d:/produktivni programy/mplab/xc8/v3.0/avr/bin/../lib/gcc/avr/5.4.0/../../../../avr/lib/avrxmega2/memx-const\libc.a(_Exit.o)

.stack.descriptors.hdr
                0x0000000000000000       0x46
 .stack.descriptors.hdr
                0x0000000000000000        0xe d:/produktivni programy/mplab/xc8/v3.0/avr/bin/../lib/gcc/avr/5.4.0/avrxmega2/memx-const\libgcc.a(_udivmodsi4.o)
 .stack.descriptors.hdr
                0x000000000000000e        0xe d:/produktivni programy/mplab/xc8/v3.0/avr/bin/../lib/gcc/avr/5.4.0/../../../../avr/lib/avrxmega2/memx-const\libc.a(exit.o)
 .stack.descriptors.hdr
                0x000000000000001c        0xe d:/produktivni programy/mplab/xc8/v3.0/avr/bin/../lib/gcc/avr/5.4.0/../../../../avr/lib/avrxmega2/memx-const\libc.a(strcmp.o)
 .stack.descriptors.hdr
                0x000000000000002a        0xe d:/produktivni programy/mplab/xc8/v3.0/avr/bin/../lib/gcc/avr/5.4.0/../../../../avr/lib/avrxmega2/memx-const\libc.a(_Exit.o)
 .stack.descriptors.hdr
                0x0000000000000038        0xe d:/produktivni programy/mplab/xc8/v3.0/avr/bin/../lib/gcc/avr/5.4.0/avrxmega2/memx-const\libgcc.a(_exit.o)

.note.GNU-stack
                0x0000000000000000        0x0
 .note.GNU-stack
                0x0000000000000000        0x0 d:/produktivni programy/mplab/xc8/v3.0/avr/bin/../lib/gcc/avr/5.4.0/../../../../avr/lib/avrxmega2/memx-const\libc.a(exit.o)
 .note.GNU-stack
                0x0000000000000000        0x0 d:/produktivni programy/mplab/xc8/v3.0/avr/bin/../lib/gcc/avr/5.4.0/../../../../avr/lib/avrxmega2/memx-const\libc.a(strcmp.o)
 .note.GNU-stack
                0x0000000000000000        0x0 d:/produktivni programy/mplab/xc8/v3.0/avr/bin/../lib/gcc/avr/5.4.0/../../../../avr/lib/avrxmega2/memx-const\libc.a(_Exit.o)

.note.gnu.build-id
 *(.note.gnu.build-id)

.debug
 *(.debug)

.line
 *(.line)

.debug_srcinfo
 *(.debug_srcinfo)

.debug_sfnames
 *(.debug_sfnames)

.debug_aranges  0x0000000000000000      0x138
 *(.debug_aranges)
 .debug_aranges
                0x0000000000000000       0x30 build/default/debug/src/main.o
 .debug_aranges
                0x0000000000000030       0x40 build/default/debug/lib/i2c/i2c.o
 .debug_aranges
                0x0000000000000070       0x48 build/default/debug/lib/DA_converter_MCP4728A1/mcp4728a1.o
 .debug_aranges
                0x00000000000000b8       0x80 build/default/debug/lib/uart/uart.o

.debug_pubnames
 *(.debug_pubnames)

.debug_info     0x0000000000000000     0x4fad
 *(.debug_info .gnu.linkonce.wi.*)
 .debug_info    0x0000000000000000     0x2504 D:/Produktivni programy/MPLab/v610/packs/Microchip/AVR-Dx_DFP/2.3.272/xc8/avr/lib/avrxmega2/memx-const/crtavr64da28.o
 .debug_info    0x0000000000002504      0xdb4 build/default/debug/src/main.o
 .debug_info    0x00000000000032b8      0xb34 build/default/debug/lib/i2c/i2c.o
 .debug_info    0x0000000000003dec      0x787 build/default/debug/lib/DA_converter_MCP4728A1/mcp4728a1.o
 .debug_info    0x0000000000004573      0xa3a build/default/debug/lib/uart/uart.o

.debug_abbrev   0x0000000000000000     0x2959
 *(.debug_abbrev)
 .debug_abbrev  0x0000000000000000     0x230e D:/Produktivni programy/MPLab/v610/packs/Microchip/AVR-Dx_DFP/2.3.272/xc8/avr/lib/avrxmega2/memx-const/crtavr64da28.o
 .debug_abbrev  0x000000000000230e      0x189 build/default/debug/src/main.o
 .debug_abbrev  0x0000000000002497      0x1e4 build/default/debug/lib/i2c/i2c.o
 .debug_abbrev  0x000000000000267b       0xde build/default/debug/lib/DA_converter_MCP4728A1/mcp4728a1.o
 .debug_abbrev  0x0000000000002759      0x200 build/default/debug/lib/uart/uart.o

.debug_line     0x0000000000000000      0xc97
 *(.debug_line .debug_line.* .debug_line_end)
 .debug_line    0x0000000000000000      0x190 D:/Produktivni programy/MPLab/v610/packs/Microchip/AVR-Dx_DFP/2.3.272/xc8/avr/lib/avrxmega2/memx-const/crtavr64da28.o
 .debug_line    0x0000000000000190      0x250 build/default/debug/src/main.o
 .debug_line    0x00000000000003e0      0x387 build/default/debug/lib/i2c/i2c.o
 .debug_line    0x0000000000000767      0x1d9 build/default/debug/lib/DA_converter_MCP4728A1/mcp4728a1.o
 .debug_line    0x0000000000000940      0x357 build/default/debug/lib/uart/uart.o

.debug_frame    0x0000000000000000      0x37c
 *(.debug_frame)
 .debug_frame   0x0000000000000000       0xa4 build/default/debug/src/main.o
 .debug_frame   0x00000000000000a4       0xac build/default/debug/lib/i2c/i2c.o
 .debug_frame   0x0000000000000150       0xe0 build/default/debug/lib/DA_converter_MCP4728A1/mcp4728a1.o
 .debug_frame   0x0000000000000230      0x14c build/default/debug/lib/uart/uart.o

.debug_str      0x0000000000000000     0x10ea
 *(.debug_str)
 .debug_str     0x0000000000000000      0xfdc D:/Produktivni programy/MPLab/v610/packs/Microchip/AVR-Dx_DFP/2.3.272/xc8/avr/lib/avrxmega2/memx-const/crtavr64da28.o
 .debug_str     0x0000000000000fdc       0x9d build/default/debug/src/main.o
 .debug_str     0x0000000000001079       0x32 build/default/debug/lib/i2c/i2c.o
 .debug_str     0x00000000000010ab       0x1f build/default/debug/lib/DA_converter_MCP4728A1/mcp4728a1.o
 .debug_str     0x00000000000010ca       0x20 build/default/debug/lib/uart/uart.o

.debug_loc      0x0000000000000000      0x781
 *(.debug_loc)
 .debug_loc     0x0000000000000000       0x29 build/default/debug/src/main.o
 .debug_loc     0x0000000000000029      0x424 build/default/debug/lib/i2c/i2c.o
 .debug_loc     0x000000000000044d      0x15c build/default/debug/lib/DA_converter_MCP4728A1/mcp4728a1.o
 .debug_loc     0x00000000000005a9      0x1d8 build/default/debug/lib/uart/uart.o

.debug_macinfo
 *(.debug_macinfo)

.debug_weaknames
 *(.debug_weaknames)

.debug_funcnames
 *(.debug_funcnames)

.debug_typenames
 *(.debug_typenames)

.debug_varnames
 *(.debug_varnames)

.debug_pubtypes
 *(.debug_pubtypes)

.debug_ranges   0x0000000000000000      0x140
 *(.debug_ranges)
 .debug_ranges  0x0000000000000000       0x20 build/default/debug/src/main.o
 .debug_ranges  0x0000000000000020       0x60 build/default/debug/lib/i2c/i2c.o
 .debug_ranges  0x0000000000000080       0x38 build/default/debug/lib/DA_converter_MCP4728A1/mcp4728a1.o
 .debug_ranges  0x00000000000000b8       0x88 build/default/debug/lib/uart/uart.o

.debug_macro
 *(.debug_macro)
OUTPUT(dist/default/debug/BJT_tester_2v0.X.debug.elf elf32-avr)
LOAD linker stubs
LOAD data_init

.note.gnu.avr.deviceinfo
                0x0000000000000000       0x3c
 .note.gnu.avr.deviceinfo
                0x0000000000000000       0x3c D:/Produktivni programy/MPLab/v610/packs/Microchip/AVR-Dx_DFP/2.3.272/xc8/avr/lib/avrxmega2/memx-const/crtavr64da28.o

.bss.status     0x0000000000806000        0x1
 .bss.status    0x0000000000806000        0x1 build/default/debug/src/main.o
                0x0000000000806000                status

.progmemx.data  0x0000000000000104       0x52
 .progmemx.data
                0x0000000000000104       0x52 build/default/debug/src/main.o

.text.i2c_write
                0x0000000000000156       0xc2
 .text.i2c_write
                0x0000000000000156       0xc2 build/default/debug/lib/i2c/i2c.o
                0x0000000000000156                i2c_write

.text.main      0x0000000000000218       0xa8
 .text.main     0x0000000000000218       0xa8 build/default/debug/src/main.o
                0x0000000000000218                main

.text.__vector_31
                0x00000000000002c0       0x88
 .text.__vector_31
                0x00000000000002c0       0x88 build/default/debug/src/main.o
                0x00000000000002c0                __vector_31

.text.mcp4728_set_channel
                0x0000000000000348       0x6e
 .text.mcp4728_set_channel
                0x0000000000000348       0x6e build/default/debug/lib/DA_converter_MCP4728A1/mcp4728a1.o
                0x0000000000000348                mcp4728_set_channel

.text.uart1_receive_string
                0x00000000000003b6       0x58
 .text.uart1_receive_string
                0x00000000000003b6       0x58 build/default/debug/lib/uart/uart.o
                0x00000000000003b6                uart1_receive_string

.text.libgcc.div
                0x000000000000040e       0x44
 .text.libgcc.div
                0x000000000000040e       0x44 d:/produktivni programy/mplab/xc8/v3.0/avr/bin/../lib/gcc/avr/5.4.0/avrxmega2/memx-const\libgcc.a(_udivmodsi4.o)
                0x000000000000040e                __udivmodsi4

.text.strcmp    0x0000000000000452       0x42
 .text.strcmp   0x0000000000000452       0x42 d:/produktivni programy/mplab/xc8/v3.0/avr/bin/../lib/gcc/avr/5.4.0/../../../../avr/lib/avrxmega2/memx-const\libc.a(strcmp.o)
                0x0000000000000452                strcmp

.text.i2c_device_available
                0x0000000000000494       0x3c
 .text.i2c_device_available
                0x0000000000000494       0x3c build/default/debug/lib/i2c/i2c.o
                0x0000000000000494                i2c_device_available

.text.i2c_init  0x00000000000004d0       0x3a
 .text.i2c_init
                0x00000000000004d0       0x3a build/default/debug/lib/i2c/i2c.o
                0x00000000000004d0                i2c_init

.text.uart1_send_string
                0x000000000000050a       0x36
 .text.uart1_send_string
                0x000000000000050a       0x36 build/default/debug/lib/uart/uart.o
                0x000000000000050a                uart1_send_string

.text.uart1_init
                0x0000000000000540       0x24
 .text.uart1_init
                0x0000000000000540       0x24 build/default/debug/lib/uart/uart.o
                0x0000000000000540                uart1_init

.text.nextion_send_string
                0x0000000000000564       0x18
 .text.nextion_send_string
                0x0000000000000564       0x18 build/default/debug/src/main.o
                0x0000000000000564                nextion_send_string

.text.exit      0x000000000000057c       0x16
 .text.exit     0x000000000000057c       0x16 d:/produktivni programy/mplab/xc8/v3.0/avr/bin/../lib/gcc/avr/5.4.0/../../../../avr/lib/avrxmega2/memx-const\libc.a(exit.o)
                0x000000000000057c                exit

.text.mcp4728_init
                0x0000000000000592       0x12
 .text.mcp4728_init
                0x0000000000000592       0x12 build/default/debug/lib/DA_converter_MCP4728A1/mcp4728a1.o
                0x0000000000000592                mcp4728_init

.text.uart1_send_byte
                0x00000000000005a4       0x10
 .text.uart1_send_byte
                0x00000000000005a4       0x10 build/default/debug/lib/uart/uart.o
                0x00000000000005a4                uart1_send_byte

.text.uart1_receive_byte
                0x00000000000005b4       0x10
 .text.uart1_receive_byte
                0x00000000000005b4       0x10 build/default/debug/lib/uart/uart.o
                0x00000000000005b4                uart1_receive_byte

.text.uart1_clear_receive_buffer
                0x00000000000005c4       0x10
 .text.uart1_clear_receive_buffer
                0x00000000000005c4       0x10 build/default/debug/lib/uart/uart.o
                0x00000000000005c4                uart1_clear_receive_buffer

.text.uart1_data_available
                0x00000000000005d4        0xc
 .text.uart1_data_available
                0x00000000000005d4        0xc build/default/debug/lib/uart/uart.o
                0x00000000000005d4                uart1_data_available

.text           0x00000000000005e0        0x4
 .text          0x00000000000005e0        0x4 D:/Produktivni programy/MPLab/v610/packs/Microchip/AVR-Dx_DFP/2.3.272/xc8/avr/lib/avrxmega2/memx-const/crtavr64da28.o
                0x00000000000005e0                __vector_38
                0x00000000000005e0                __vector_22
                0x00000000000005e0                __vector_28
                0x00000000000005e0                __vector_1
                0x00000000000005e0                __vector_32
                0x00000000000005e0                __vector_34
                0x00000000000005e0                __vector_24
                0x00000000000005e0                __vector_12
                0x00000000000005e0                __bad_interrupt
                0x00000000000005e0                __vector_6
                0x00000000000005e0                __vector_35
                0x00000000000005e0                __vector_39
                0x00000000000005e0                __vector_3
                0x00000000000005e0                __vector_23
                0x00000000000005e0                __vector_30
                0x00000000000005e0                __vector_25
                0x00000000000005e0                __vector_11
                0x00000000000005e0                __vector_13
                0x00000000000005e0                __vector_17
                0x00000000000005e0                __vector_19
                0x00000000000005e0                __vector_7
                0x00000000000005e0                __vector_27
                0x00000000000005e0                __vector_5
                0x00000000000005e0                __vector_33
                0x00000000000005e0                __vector_37
                0x00000000000005e0                __vector_4
                0x00000000000005e0                __vector_9
                0x00000000000005e0                __vector_2
                0x00000000000005e0                __vector_21
                0x00000000000005e0                __vector_15
                0x00000000000005e0                __vector_36
                0x00000000000005e0                __vector_29
                0x00000000000005e0                __vector_40
                0x00000000000005e0                __vector_8
                0x00000000000005e0                __vector_26
                0x00000000000005e0                __vector_14
                0x00000000000005e0                __vector_10
                0x00000000000005e0                __vector_16
                0x00000000000005e0                __vector_18
                0x00000000000005e0                __vector_20

.text._Exit     0x00000000000005e4        0x4
 .text._Exit    0x00000000000005e4        0x4 d:/produktivni programy/mplab/xc8/v3.0/avr/bin/../lib/gcc/avr/5.4.0/../../../../avr/lib/avrxmega2/memx-const\libc.a(_Exit.o)
                0x00000000000005e4                _Exit

.text.__dummy_fini
                0x00000000000005e8        0x2
 .text.__dummy_fini
                0x00000000000005e8        0x2 d:/produktivni programy/mplab/xc8/v3.0/avr/bin/../lib/gcc/avr/5.4.0/../../../../avr/lib/avrxmega2/memx-const\libc.a(exit.o)
                0x00000000000005e8                _fini

.text.__dummy_funcs_on_exit
                0x00000000000005ea        0x2
 .text.__dummy_funcs_on_exit
                0x00000000000005ea        0x2 d:/produktivni programy/mplab/xc8/v3.0/avr/bin/../lib/gcc/avr/5.4.0/../../../../avr/lib/avrxmega2/memx-const\libc.a(exit.o)
                0x00000000000005ea                __funcs_on_exit

.text.__dummy_simulator_exit
                0x00000000000005ec        0x2
 .text.__dummy_simulator_exit
                0x00000000000005ec        0x2 d:/produktivni programy/mplab/xc8/v3.0/avr/bin/../lib/gcc/avr/5.4.0/../../../../avr/lib/avrxmega2/memx-const\libc.a(exit.o)
                0x00000000000005ec                __simulator_exit

.data._mcp4728_address
                0x0000000000806001        0x1 load address 0x00000000000005ee
 .data._mcp4728_address
                0x0000000000806001        0x1 build/default/debug/lib/DA_converter_MCP4728A1/mcp4728a1.o
