Archive member included to satisfy reference by file (symbol)

d:/produktivni programy/mplab/xc8/v2.41/avr/bin/../lib/gcc/avr/5.4.0/../../../../avr/lib/avrxmega2/memx-const\libm.a(cmpsf2.o)
                              build/default/production/src/main.o (__ltsf2)
d:/produktivni programy/mplab/xc8/v2.41/avr/bin/../lib/gcc/avr/5.4.0/../../../../avr/lib/avrxmega2/memx-const\libm.a(divsf3.o)
                              build/default/production/lib/i2c/i2c.o (__divsf3)
d:/produktivni programy/mplab/xc8/v2.41/avr/bin/../lib/gcc/avr/5.4.0/../../../../avr/lib/avrxmega2/memx-const\libm.a(divsf3x.o)
                              d:/produktivni programy/mplab/xc8/v2.41/avr/bin/../lib/gcc/avr/5.4.0/../../../../avr/lib/avrxmega2/memx-const\libm.a(divsf3.o) (__divsf3x)
d:/produktivni programy/mplab/xc8/v2.41/avr/bin/../lib/gcc/avr/5.4.0/../../../../avr/lib/avrxmega2/memx-const\libm.a(fixunssfsi.o)
                              build/default/production/src/main.o (__fixunssfsi)
d:/produktivni programy/mplab/xc8/v2.41/avr/bin/../lib/gcc/avr/5.4.0/../../../../avr/lib/avrxmega2/memx-const\libm.a(fp_cmp.o)
                              d:/produktivni programy/mplab/xc8/v2.41/avr/bin/../lib/gcc/avr/5.4.0/../../../../avr/lib/avrxmega2/memx-const\libm.a(cmpsf2.o) (__fp_cmp)
d:/produktivni programy/mplab/xc8/v2.41/avr/bin/../lib/gcc/avr/5.4.0/../../../../avr/lib/avrxmega2/memx-const\libm.a(fp_inf.o)
                              d:/produktivni programy/mplab/xc8/v2.41/avr/bin/../lib/gcc/avr/5.4.0/../../../../avr/lib/avrxmega2/memx-const\libm.a(divsf3x.o) (__fp_inf)
d:/produktivni programy/mplab/xc8/v2.41/avr/bin/../lib/gcc/avr/5.4.0/../../../../avr/lib/avrxmega2/memx-const\libm.a(fp_nan.o)
                              d:/produktivni programy/mplab/xc8/v2.41/avr/bin/../lib/gcc/avr/5.4.0/../../../../avr/lib/avrxmega2/memx-const\libm.a(divsf3x.o) (__fp_nan)
d:/produktivni programy/mplab/xc8/v2.41/avr/bin/../lib/gcc/avr/5.4.0/../../../../avr/lib/avrxmega2/memx-const\libm.a(fp_pscA.o)
                              d:/produktivni programy/mplab/xc8/v2.41/avr/bin/../lib/gcc/avr/5.4.0/../../../../avr/lib/avrxmega2/memx-const\libm.a(divsf3x.o) (__fp_pscA)
d:/produktivni programy/mplab/xc8/v2.41/avr/bin/../lib/gcc/avr/5.4.0/../../../../avr/lib/avrxmega2/memx-const\libm.a(fp_pscB.o)
                              d:/produktivni programy/mplab/xc8/v2.41/avr/bin/../lib/gcc/avr/5.4.0/../../../../avr/lib/avrxmega2/memx-const\libm.a(divsf3x.o) (__fp_pscB)
d:/produktivni programy/mplab/xc8/v2.41/avr/bin/../lib/gcc/avr/5.4.0/../../../../avr/lib/avrxmega2/memx-const\libm.a(fp_round.o)
                              d:/produktivni programy/mplab/xc8/v2.41/avr/bin/../lib/gcc/avr/5.4.0/../../../../avr/lib/avrxmega2/memx-const\libm.a(divsf3.o) (__fp_round)
d:/produktivni programy/mplab/xc8/v2.41/avr/bin/../lib/gcc/avr/5.4.0/../../../../avr/lib/avrxmega2/memx-const\libm.a(fp_split3.o)
                              d:/produktivni programy/mplab/xc8/v2.41/avr/bin/../lib/gcc/avr/5.4.0/../../../../avr/lib/avrxmega2/memx-const\libm.a(divsf3x.o) (__fp_split3)
d:/produktivni programy/mplab/xc8/v2.41/avr/bin/../lib/gcc/avr/5.4.0/../../../../avr/lib/avrxmega2/memx-const\libm.a(fp_zero.o)
                              d:/produktivni programy/mplab/xc8/v2.41/avr/bin/../lib/gcc/avr/5.4.0/../../../../avr/lib/avrxmega2/memx-const\libm.a(fixunssfsi.o) (__fp_zero)
d:/produktivni programy/mplab/xc8/v2.41/avr/bin/../lib/gcc/avr/5.4.0/../../../../avr/lib/avrxmega2/memx-const\libm.a(gesf2.o)
                              build/default/production/src/main.o (__gtsf2)
d:/produktivni programy/mplab/xc8/v2.41/avr/bin/../lib/gcc/avr/5.4.0/../../../../avr/lib/avrxmega2/memx-const\libm.a(mulsf3.o)
                              build/default/production/src/main.o (__mulsf3)
d:/produktivni programy/mplab/xc8/v2.41/avr/bin/../lib/gcc/avr/5.4.0/../../../../avr/lib/avrxmega2/memx-const\libm.a(mulsf3x.o)
                              d:/produktivni programy/mplab/xc8/v2.41/avr/bin/../lib/gcc/avr/5.4.0/../../../../avr/lib/avrxmega2/memx-const\libm.a(mulsf3.o) (__mulsf3x)
d:/produktivni programy/mplab/xc8/v2.41/avr/bin/../lib/gcc/avr/5.4.0/avrxmega2/memx-const\libgcc.a(_udivmodsi4.o)
                              build/default/production/lib/i2c/i2c.o (__udivmodsi4)
d:/produktivni programy/mplab/xc8/v2.41/avr/bin/../lib/gcc/avr/5.4.0/avrxmega2/memx-const\libgcc.a(_copy_data.o)
                              build/default/production/src/main.o (__do_copy_data)
d:/produktivni programy/mplab/xc8/v2.41/avr/bin/../lib/gcc/avr/5.4.0/../../../../avr/lib/avrxmega2/memx-const\libc.a(exit.o)
                              D:/Produktivni programy/MPLab/v610/packs/Microchip/AVR-Dx_DFP/2.3.272/xc8/avr/lib/avrxmega2/memx-const/crtavr64da28.o (exit)
d:/produktivni programy/mplab/xc8/v2.41/avr/bin/../lib/gcc/avr/5.4.0/../../../../avr/lib/avrxmega2/memx-const\libc.a(_Exit.o)
                              d:/produktivni programy/mplab/xc8/v2.41/avr/bin/../lib/gcc/avr/5.4.0/../../../../avr/lib/avrxmega2/memx-const\libc.a(exit.o) (_Exit)
d:/produktivni programy/mplab/xc8/v2.41/avr/bin/../lib/gcc/avr/5.4.0/avrxmega2/memx-const\libgcc.a(_exit.o)
                              d:/produktivni programy/mplab/xc8/v2.41/avr/bin/../lib/gcc/avr/5.4.0/../../../../avr/lib/avrxmega2/memx-const\libc.a(_Exit.o) (_exit)

Discarded input sections

 .data          0x0000000000000000        0x0 D:/Produktivni programy/MPLab/v610/packs/Microchip/AVR-Dx_DFP/2.3.272/xc8/avr/lib/avrxmega2/memx-const/crtavr64da28.o
 .bss           0x0000000000000000        0x0 D:/Produktivni programy/MPLab/v610/packs/Microchip/AVR-Dx_DFP/2.3.272/xc8/avr/lib/avrxmega2/memx-const/crtavr64da28.o
 .data          0x0000000000000000        0x0 build/default/production/src/main.o
 .bss           0x0000000000000000        0x0 build/default/production/src/main.o
 .data          0x0000000000000000        0x0 build/default/production/lib/uart/uart.o
 .bss           0x0000000000000000        0x0 build/default/production/lib/uart/uart.o
 .text          0x0000000000000000      0x6c8 build/default/production/lib/i2c/i2c.o
 .data          0x0000000000000000        0x0 build/default/production/lib/i2c/i2c.o
 .bss           0x0000000000000000        0x0 build/default/production/lib/i2c/i2c.o
 .debug_info    0x0000000000000000      0xd01 build/default/production/lib/i2c/i2c.o
 .debug_abbrev  0x0000000000000000      0x2a1 build/default/production/lib/i2c/i2c.o
 .debug_aranges
                0x0000000000000000       0x20 build/default/production/lib/i2c/i2c.o
 .debug_line    0x0000000000000000      0x4cc build/default/production/lib/i2c/i2c.o
 .debug_str     0x0000000000000000       0x27 build/default/production/lib/i2c/i2c.o
 .comment       0x0000000000000000       0x30 build/default/production/lib/i2c/i2c.o
 .debug_frame   0x0000000000000000      0x1a4 build/default/production/lib/i2c/i2c.o
 .data          0x0000000000000000        0x0 d:/produktivni programy/mplab/xc8/v2.41/avr/bin/../lib/gcc/avr/5.4.0/../../../../avr/lib/avrxmega2/memx-const\libm.a(cmpsf2.o)
 .bss           0x0000000000000000        0x0 d:/produktivni programy/mplab/xc8/v2.41/avr/bin/../lib/gcc/avr/5.4.0/../../../../avr/lib/avrxmega2/memx-const\libm.a(cmpsf2.o)
 .stack.descriptors
                0x0000000000000000       0x6a d:/produktivni programy/mplab/xc8/v2.41/avr/bin/../lib/gcc/avr/5.4.0/../../../../avr/lib/avrxmega2/memx-const\libm.a(cmpsf2.o)
 .text          0x0000000000000000        0x8 d:/produktivni programy/mplab/xc8/v2.41/avr/bin/../lib/gcc/avr/5.4.0/../../../../avr/lib/avrxmega2/memx-const\libm.a(divsf3.o)
 .data          0x0000000000000000        0x0 d:/produktivni programy/mplab/xc8/v2.41/avr/bin/../lib/gcc/avr/5.4.0/../../../../avr/lib/avrxmega2/memx-const\libm.a(divsf3.o)
 .bss           0x0000000000000000        0x0 d:/produktivni programy/mplab/xc8/v2.41/avr/bin/../lib/gcc/avr/5.4.0/../../../../avr/lib/avrxmega2/memx-const\libm.a(divsf3.o)
 .stack.descriptors.hdr
                0x0000000000000000        0xe d:/produktivni programy/mplab/xc8/v2.41/avr/bin/../lib/gcc/avr/5.4.0/../../../../avr/lib/avrxmega2/memx-const\libm.a(divsf3.o)
 .stack.descriptors
                0x0000000000000000       0x16 d:/produktivni programy/mplab/xc8/v2.41/avr/bin/../lib/gcc/avr/5.4.0/../../../../avr/lib/avrxmega2/memx-const\libm.a(divsf3.o)
 .note.GNU-stack
                0x0000000000000000        0x0 d:/produktivni programy/mplab/xc8/v2.41/avr/bin/../lib/gcc/avr/5.4.0/../../../../avr/lib/avrxmega2/memx-const\libm.a(divsf3.o)
 .text          0x0000000000000000       0xde d:/produktivni programy/mplab/xc8/v2.41/avr/bin/../lib/gcc/avr/5.4.0/../../../../avr/lib/avrxmega2/memx-const\libm.a(divsf3x.o)
 .data          0x0000000000000000        0x0 d:/produktivni programy/mplab/xc8/v2.41/avr/bin/../lib/gcc/avr/5.4.0/../../../../avr/lib/avrxmega2/memx-const\libm.a(divsf3x.o)
 .bss           0x0000000000000000        0x0 d:/produktivni programy/mplab/xc8/v2.41/avr/bin/../lib/gcc/avr/5.4.0/../../../../avr/lib/avrxmega2/memx-const\libm.a(divsf3x.o)
 .stack.descriptors.hdr
                0x0000000000000000        0xe d:/produktivni programy/mplab/xc8/v2.41/avr/bin/../lib/gcc/avr/5.4.0/../../../../avr/lib/avrxmega2/memx-const\libm.a(divsf3x.o)
 .stack.descriptors
                0x0000000000000000       0x31 d:/produktivni programy/mplab/xc8/v2.41/avr/bin/../lib/gcc/avr/5.4.0/../../../../avr/lib/avrxmega2/memx-const\libm.a(divsf3x.o)
 .note.GNU-stack
                0x0000000000000000        0x0 d:/produktivni programy/mplab/xc8/v2.41/avr/bin/../lib/gcc/avr/5.4.0/../../../../avr/lib/avrxmega2/memx-const\libm.a(divsf3x.o)
 .data          0x0000000000000000        0x0 d:/produktivni programy/mplab/xc8/v2.41/avr/bin/../lib/gcc/avr/5.4.0/../../../../avr/lib/avrxmega2/memx-const\libm.a(fixunssfsi.o)
 .bss           0x0000000000000000        0x0 d:/produktivni programy/mplab/xc8/v2.41/avr/bin/../lib/gcc/avr/5.4.0/../../../../avr/lib/avrxmega2/memx-const\libm.a(fixunssfsi.o)
 .stack.descriptors
                0x0000000000000000       0x1a d:/produktivni programy/mplab/xc8/v2.41/avr/bin/../lib/gcc/avr/5.4.0/../../../../avr/lib/avrxmega2/memx-const\libm.a(fixunssfsi.o)
 .data          0x0000000000000000        0x0 d:/produktivni programy/mplab/xc8/v2.41/avr/bin/../lib/gcc/avr/5.4.0/../../../../avr/lib/avrxmega2/memx-const\libm.a(fp_cmp.o)
 .bss           0x0000000000000000        0x0 d:/produktivni programy/mplab/xc8/v2.41/avr/bin/../lib/gcc/avr/5.4.0/../../../../avr/lib/avrxmega2/memx-const\libm.a(fp_cmp.o)
 .stack.descriptors
                0x0000000000000000       0x16 d:/produktivni programy/mplab/xc8/v2.41/avr/bin/../lib/gcc/avr/5.4.0/../../../../avr/lib/avrxmega2/memx-const\libm.a(fp_cmp.o)
 .data          0x0000000000000000        0x0 d:/produktivni programy/mplab/xc8/v2.41/avr/bin/../lib/gcc/avr/5.4.0/../../../../avr/lib/avrxmega2/memx-const\libm.a(fp_inf.o)
 .bss           0x0000000000000000        0x0 d:/produktivni programy/mplab/xc8/v2.41/avr/bin/../lib/gcc/avr/5.4.0/../../../../avr/lib/avrxmega2/memx-const\libm.a(fp_inf.o)
 .stack.descriptors
                0x0000000000000000       0x16 d:/produktivni programy/mplab/xc8/v2.41/avr/bin/../lib/gcc/avr/5.4.0/../../../../avr/lib/avrxmega2/memx-const\libm.a(fp_inf.o)
 .data          0x0000000000000000        0x0 d:/produktivni programy/mplab/xc8/v2.41/avr/bin/../lib/gcc/avr/5.4.0/../../../../avr/lib/avrxmega2/memx-const\libm.a(fp_nan.o)
 .bss           0x0000000000000000        0x0 d:/produktivni programy/mplab/xc8/v2.41/avr/bin/../lib/gcc/avr/5.4.0/../../../../avr/lib/avrxmega2/memx-const\libm.a(fp_nan.o)
 .stack.descriptors
                0x0000000000000000       0x16 d:/produktivni programy/mplab/xc8/v2.41/avr/bin/../lib/gcc/avr/5.4.0/../../../../avr/lib/avrxmega2/memx-const\libm.a(fp_nan.o)
 .data          0x0000000000000000        0x0 d:/produktivni programy/mplab/xc8/v2.41/avr/bin/../lib/gcc/avr/5.4.0/../../../../avr/lib/avrxmega2/memx-const\libm.a(fp_pscA.o)
 .bss           0x0000000000000000        0x0 d:/produktivni programy/mplab/xc8/v2.41/avr/bin/../lib/gcc/avr/5.4.0/../../../../avr/lib/avrxmega2/memx-const\libm.a(fp_pscA.o)
 .stack.descriptors
                0x0000000000000000       0x17 d:/produktivni programy/mplab/xc8/v2.41/avr/bin/../lib/gcc/avr/5.4.0/../../../../avr/lib/avrxmega2/memx-const\libm.a(fp_pscA.o)
 .data          0x0000000000000000        0x0 d:/produktivni programy/mplab/xc8/v2.41/avr/bin/../lib/gcc/avr/5.4.0/../../../../avr/lib/avrxmega2/memx-const\libm.a(fp_pscB.o)
 .bss           0x0000000000000000        0x0 d:/produktivni programy/mplab/xc8/v2.41/avr/bin/../lib/gcc/avr/5.4.0/../../../../avr/lib/avrxmega2/memx-const\libm.a(fp_pscB.o)
 .stack.descriptors
                0x0000000000000000       0x17 d:/produktivni programy/mplab/xc8/v2.41/avr/bin/../lib/gcc/avr/5.4.0/../../../../avr/lib/avrxmega2/memx-const\libm.a(fp_pscB.o)
 .data          0x0000000000000000        0x0 d:/produktivni programy/mplab/xc8/v2.41/avr/bin/../lib/gcc/avr/5.4.0/../../../../avr/lib/avrxmega2/memx-const\libm.a(fp_round.o)
 .bss           0x0000000000000000        0x0 d:/produktivni programy/mplab/xc8/v2.41/avr/bin/../lib/gcc/avr/5.4.0/../../../../avr/lib/avrxmega2/memx-const\libm.a(fp_round.o)
 .stack.descriptors
                0x0000000000000000       0x18 d:/produktivni programy/mplab/xc8/v2.41/avr/bin/../lib/gcc/avr/5.4.0/../../../../avr/lib/avrxmega2/memx-const\libm.a(fp_round.o)
 .data          0x0000000000000000        0x0 d:/produktivni programy/mplab/xc8/v2.41/avr/bin/../lib/gcc/avr/5.4.0/../../../../avr/lib/avrxmega2/memx-const\libm.a(fp_split3.o)
 .bss           0x0000000000000000        0x0 d:/produktivni programy/mplab/xc8/v2.41/avr/bin/../lib/gcc/avr/5.4.0/../../../../avr/lib/avrxmega2/memx-const\libm.a(fp_split3.o)
 .stack.descriptors
                0x0000000000000000       0x32 d:/produktivni programy/mplab/xc8/v2.41/avr/bin/../lib/gcc/avr/5.4.0/../../../../avr/lib/avrxmega2/memx-const\libm.a(fp_split3.o)
 .data          0x0000000000000000        0x0 d:/produktivni programy/mplab/xc8/v2.41/avr/bin/../lib/gcc/avr/5.4.0/../../../../avr/lib/avrxmega2/memx-const\libm.a(fp_zero.o)
 .bss           0x0000000000000000        0x0 d:/produktivni programy/mplab/xc8/v2.41/avr/bin/../lib/gcc/avr/5.4.0/../../../../avr/lib/avrxmega2/memx-const\libm.a(fp_zero.o)
 .stack.descriptors
                0x0000000000000000       0x2f d:/produktivni programy/mplab/xc8/v2.41/avr/bin/../lib/gcc/avr/5.4.0/../../../../avr/lib/avrxmega2/memx-const\libm.a(fp_zero.o)
 .data          0x0000000000000000        0x0 d:/produktivni programy/mplab/xc8/v2.41/avr/bin/../lib/gcc/avr/5.4.0/../../../../avr/lib/avrxmega2/memx-const\libm.a(gesf2.o)
 .bss           0x0000000000000000        0x0 d:/produktivni programy/mplab/xc8/v2.41/avr/bin/../lib/gcc/avr/5.4.0/../../../../avr/lib/avrxmega2/memx-const\libm.a(gesf2.o)
 .stack.descriptors
                0x0000000000000000       0x2a d:/produktivni programy/mplab/xc8/v2.41/avr/bin/../lib/gcc/avr/5.4.0/../../../../avr/lib/avrxmega2/memx-const\libm.a(gesf2.o)
 .data          0x0000000000000000        0x0 d:/produktivni programy/mplab/xc8/v2.41/avr/bin/../lib/gcc/avr/5.4.0/../../../../avr/lib/avrxmega2/memx-const\libm.a(mulsf3.o)
 .bss           0x0000000000000000        0x0 d:/produktivni programy/mplab/xc8/v2.41/avr/bin/../lib/gcc/avr/5.4.0/../../../../avr/lib/avrxmega2/memx-const\libm.a(mulsf3.o)
 .stack.descriptors
                0x0000000000000000       0x16 d:/produktivni programy/mplab/xc8/v2.41/avr/bin/../lib/gcc/avr/5.4.0/../../../../avr/lib/avrxmega2/memx-const\libm.a(mulsf3.o)
 .data          0x0000000000000000        0x0 d:/produktivni programy/mplab/xc8/v2.41/avr/bin/../lib/gcc/avr/5.4.0/../../../../avr/lib/avrxmega2/memx-const\libm.a(mulsf3x.o)
 .bss           0x0000000000000000        0x0 d:/produktivni programy/mplab/xc8/v2.41/avr/bin/../lib/gcc/avr/5.4.0/../../../../avr/lib/avrxmega2/memx-const\libm.a(mulsf3x.o)
 .stack.descriptors
                0x0000000000000000       0x31 d:/produktivni programy/mplab/xc8/v2.41/avr/bin/../lib/gcc/avr/5.4.0/../../../../avr/lib/avrxmega2/memx-const\libm.a(mulsf3x.o)
 .text          0x0000000000000000        0x0 d:/produktivni programy/mplab/xc8/v2.41/avr/bin/../lib/gcc/avr/5.4.0/avrxmega2/memx-const\libgcc.a(_udivmodsi4.o)
 .data          0x0000000000000000        0x0 d:/produktivni programy/mplab/xc8/v2.41/avr/bin/../lib/gcc/avr/5.4.0/avrxmega2/memx-const\libgcc.a(_udivmodsi4.o)
 .bss           0x0000000000000000        0x0 d:/produktivni programy/mplab/xc8/v2.41/avr/bin/../lib/gcc/avr/5.4.0/avrxmega2/memx-const\libgcc.a(_udivmodsi4.o)
 .text.libgcc.mul
                0x0000000000000000        0x0 d:/produktivni programy/mplab/xc8/v2.41/avr/bin/../lib/gcc/avr/5.4.0/avrxmega2/memx-const\libgcc.a(_udivmodsi4.o)
 .text.libgcc.div
                0x0000000000000000       0x44 d:/produktivni programy/mplab/xc8/v2.41/avr/bin/../lib/gcc/avr/5.4.0/avrxmega2/memx-const\libgcc.a(_udivmodsi4.o)
 .stack.descriptors.hdr
                0x0000000000000000        0xe d:/produktivni programy/mplab/xc8/v2.41/avr/bin/../lib/gcc/avr/5.4.0/avrxmega2/memx-const\libgcc.a(_udivmodsi4.o)
 .stack.descriptors
                0x0000000000000000       0x1a d:/produktivni programy/mplab/xc8/v2.41/avr/bin/../lib/gcc/avr/5.4.0/avrxmega2/memx-const\libgcc.a(_udivmodsi4.o)
 .text.libgcc   0x0000000000000000        0x0 d:/produktivni programy/mplab/xc8/v2.41/avr/bin/../lib/gcc/avr/5.4.0/avrxmega2/memx-const\libgcc.a(_udivmodsi4.o)
 .text.libgcc.prologue
                0x0000000000000000        0x0 d:/produktivni programy/mplab/xc8/v2.41/avr/bin/../lib/gcc/avr/5.4.0/avrxmega2/memx-const\libgcc.a(_udivmodsi4.o)
 .text.libgcc.builtins
                0x0000000000000000        0x0 d:/produktivni programy/mplab/xc8/v2.41/avr/bin/../lib/gcc/avr/5.4.0/avrxmega2/memx-const\libgcc.a(_udivmodsi4.o)
 .text.libgcc.fmul
                0x0000000000000000        0x0 d:/produktivni programy/mplab/xc8/v2.41/avr/bin/../lib/gcc/avr/5.4.0/avrxmega2/memx-const\libgcc.a(_udivmodsi4.o)
 .text.libgcc.fixed
                0x0000000000000000        0x0 d:/produktivni programy/mplab/xc8/v2.41/avr/bin/../lib/gcc/avr/5.4.0/avrxmega2/memx-const\libgcc.a(_udivmodsi4.o)
 .text          0x0000000000000000        0x0 d:/produktivni programy/mplab/xc8/v2.41/avr/bin/../lib/gcc/avr/5.4.0/avrxmega2/memx-const\libgcc.a(_copy_data.o)
 .data          0x0000000000000000        0x0 d:/produktivni programy/mplab/xc8/v2.41/avr/bin/../lib/gcc/avr/5.4.0/avrxmega2/memx-const\libgcc.a(_copy_data.o)
 .bss           0x0000000000000000        0x0 d:/produktivni programy/mplab/xc8/v2.41/avr/bin/../lib/gcc/avr/5.4.0/avrxmega2/memx-const\libgcc.a(_copy_data.o)
 .text.libgcc.mul
                0x0000000000000000        0x0 d:/produktivni programy/mplab/xc8/v2.41/avr/bin/../lib/gcc/avr/5.4.0/avrxmega2/memx-const\libgcc.a(_copy_data.o)
 .text.libgcc.div
                0x0000000000000000        0x0 d:/produktivni programy/mplab/xc8/v2.41/avr/bin/../lib/gcc/avr/5.4.0/avrxmega2/memx-const\libgcc.a(_copy_data.o)
 .text.libgcc   0x0000000000000000        0x0 d:/produktivni programy/mplab/xc8/v2.41/avr/bin/../lib/gcc/avr/5.4.0/avrxmega2/memx-const\libgcc.a(_copy_data.o)
 .text.libgcc.prologue
                0x0000000000000000        0x0 d:/produktivni programy/mplab/xc8/v2.41/avr/bin/../lib/gcc/avr/5.4.0/avrxmega2/memx-const\libgcc.a(_copy_data.o)
 .text.libgcc.builtins
                0x0000000000000000        0x0 d:/produktivni programy/mplab/xc8/v2.41/avr/bin/../lib/gcc/avr/5.4.0/avrxmega2/memx-const\libgcc.a(_copy_data.o)
 .text.libgcc.fmul
                0x0000000000000000        0x0 d:/produktivni programy/mplab/xc8/v2.41/avr/bin/../lib/gcc/avr/5.4.0/avrxmega2/memx-const\libgcc.a(_copy_data.o)
 .text.libgcc.fixed
                0x0000000000000000        0x0 d:/produktivni programy/mplab/xc8/v2.41/avr/bin/../lib/gcc/avr/5.4.0/avrxmega2/memx-const\libgcc.a(_copy_data.o)
 .text          0x0000000000000000        0x0 d:/produktivni programy/mplab/xc8/v2.41/avr/bin/../lib/gcc/avr/5.4.0/../../../../avr/lib/avrxmega2/memx-const\libc.a(exit.o)
 .data          0x0000000000000000        0x0 d:/produktivni programy/mplab/xc8/v2.41/avr/bin/../lib/gcc/avr/5.4.0/../../../../avr/lib/avrxmega2/memx-const\libc.a(exit.o)
 .bss           0x0000000000000000        0x0 d:/produktivni programy/mplab/xc8/v2.41/avr/bin/../lib/gcc/avr/5.4.0/../../../../avr/lib/avrxmega2/memx-const\libc.a(exit.o)
 .stack.descriptors
                0x0000000000000000       0x73 d:/produktivni programy/mplab/xc8/v2.41/avr/bin/../lib/gcc/avr/5.4.0/../../../../avr/lib/avrxmega2/memx-const\libc.a(exit.o)
 .text          0x0000000000000000        0x0 d:/produktivni programy/mplab/xc8/v2.41/avr/bin/../lib/gcc/avr/5.4.0/../../../../avr/lib/avrxmega2/memx-const\libc.a(_Exit.o)
 .data          0x0000000000000000        0x0 d:/produktivni programy/mplab/xc8/v2.41/avr/bin/../lib/gcc/avr/5.4.0/../../../../avr/lib/avrxmega2/memx-const\libc.a(_Exit.o)
 .bss           0x0000000000000000        0x0 d:/produktivni programy/mplab/xc8/v2.41/avr/bin/../lib/gcc/avr/5.4.0/../../../../avr/lib/avrxmega2/memx-const\libc.a(_Exit.o)
 .stack.descriptors
                0x0000000000000000       0x13 d:/produktivni programy/mplab/xc8/v2.41/avr/bin/../lib/gcc/avr/5.4.0/../../../../avr/lib/avrxmega2/memx-const\libc.a(_Exit.o)
 .text          0x0000000000000000        0x0 d:/produktivni programy/mplab/xc8/v2.41/avr/bin/../lib/gcc/avr/5.4.0/avrxmega2/memx-const\libgcc.a(_exit.o)
 .data          0x0000000000000000        0x0 d:/produktivni programy/mplab/xc8/v2.41/avr/bin/../lib/gcc/avr/5.4.0/avrxmega2/memx-const\libgcc.a(_exit.o)
 .bss           0x0000000000000000        0x0 d:/produktivni programy/mplab/xc8/v2.41/avr/bin/../lib/gcc/avr/5.4.0/avrxmega2/memx-const\libgcc.a(_exit.o)
 .text.libgcc.mul
                0x0000000000000000        0x0 d:/produktivni programy/mplab/xc8/v2.41/avr/bin/../lib/gcc/avr/5.4.0/avrxmega2/memx-const\libgcc.a(_exit.o)
 .text.libgcc.div
                0x0000000000000000        0x0 d:/produktivni programy/mplab/xc8/v2.41/avr/bin/../lib/gcc/avr/5.4.0/avrxmega2/memx-const\libgcc.a(_exit.o)
 .text.libgcc   0x0000000000000000        0x0 d:/produktivni programy/mplab/xc8/v2.41/avr/bin/../lib/gcc/avr/5.4.0/avrxmega2/memx-const\libgcc.a(_exit.o)
 .text.libgcc.prologue
                0x0000000000000000        0x0 d:/produktivni programy/mplab/xc8/v2.41/avr/bin/../lib/gcc/avr/5.4.0/avrxmega2/memx-const\libgcc.a(_exit.o)
 .stack.descriptors
                0x0000000000000000       0x13 d:/produktivni programy/mplab/xc8/v2.41/avr/bin/../lib/gcc/avr/5.4.0/avrxmega2/memx-const\libgcc.a(_exit.o)
 .text.libgcc.builtins
                0x0000000000000000        0x0 d:/produktivni programy/mplab/xc8/v2.41/avr/bin/../lib/gcc/avr/5.4.0/avrxmega2/memx-const\libgcc.a(_exit.o)
 .text.libgcc.fmul
                0x0000000000000000        0x0 d:/produktivni programy/mplab/xc8/v2.41/avr/bin/../lib/gcc/avr/5.4.0/avrxmega2/memx-const\libgcc.a(_exit.o)
 .text.libgcc.fixed
                0x0000000000000000        0x0 d:/produktivni programy/mplab/xc8/v2.41/avr/bin/../lib/gcc/avr/5.4.0/avrxmega2/memx-const\libgcc.a(_exit.o)

Memory Configuration

Name             Origin             Length             Attributes
text             0x0000000000000000 0x0000000000010000 xr
data             0x0000000000806000 0x0000000000002000 rw !x
eeprom           0x0000000000810000 0x0000000000000200 rw !x
fuse             0x0000000000820000 0x0000000000000010 rw !x
lock             0x0000000000830000 0x0000000000000400 rw !x
signature        0x0000000000840000 0x0000000000000400 rw !x
user_signatures  0x0000000000850000 0x0000000000000400 rw !x
bootrow          0x0000000000860000 0x0000000000000400 rw !x
*default*        0x0000000000000000 0xffffffffffffffff

Linker script and memory map

Address of section .data set to 0x806000
                0x0000000000008000                __RODATA_PM_OFFSET__ = 0x8000
LOAD D:/Produktivni programy/MPLab/v610/packs/Microchip/AVR-Dx_DFP/2.3.272/xc8/avr/lib/avrxmega2/memx-const/crtavr64da28.o
                0x0000000000000001                __MPLAB_BUILD = 0x1
LOAD build/default/production/src/main.o
LOAD build/default/production/lib/uart/uart.o
LOAD build/default/production/lib/i2c/i2c.o
START GROUP
LOAD d:/produktivni programy/mplab/xc8/v2.41/avr/bin/../lib/gcc/avr/5.4.0/../../../../avr/lib/avrxmega2/memx-const\libm.a
END GROUP
START GROUP
LOAD d:/produktivni programy/mplab/xc8/v2.41/avr/bin/../lib/gcc/avr/5.4.0/avrxmega2/memx-const\libgcc.a
LOAD d:/produktivni programy/mplab/xc8/v2.41/avr/bin/../lib/gcc/avr/5.4.0/../../../../avr/lib/avrxmega2/memx-const\libm.a
LOAD d:/produktivni programy/mplab/xc8/v2.41/avr/bin/../lib/gcc/avr/5.4.0/../../../../avr/lib/avrxmega2/memx-const\libc.a
LOAD D:/Produktivni programy/MPLab/v610/packs/Microchip/AVR-Dx_DFP/2.3.272/xc8/avr/lib/avrxmega2/memx-const\libavr64da28.a
END GROUP
                [0x0000000000000000]                __TEXT_REGION_ORIGIN__ = DEFINED (__TEXT_REGION_ORIGIN__)?__TEXT_REGION_ORIGIN__:0x0
                [0x0000000000806000]                __DATA_REGION_ORIGIN__ = DEFINED (__DATA_REGION_ORIGIN__)?__DATA_REGION_ORIGIN__:0x802000
                [0x0000000000010000]                __TEXT_REGION_LENGTH__ = DEFINED (__TEXT_REGION_LENGTH__)?__TEXT_REGION_LENGTH__:0x100000
                [0x0000000000002000]                __DATA_REGION_LENGTH__ = DEFINED (__DATA_REGION_LENGTH__)?__DATA_REGION_LENGTH__:0xffa0
                [0x0000000000000200]                __EEPROM_REGION_LENGTH__ = DEFINED (__EEPROM_REGION_LENGTH__)?__EEPROM_REGION_LENGTH__:0x10000
                [0x0000000000000010]                __FUSE_REGION_LENGTH__ = DEFINED (__FUSE_REGION_LENGTH__)?__FUSE_REGION_LENGTH__:0x400
                0x0000000000000400                __LOCK_REGION_LENGTH__ = DEFINED (__LOCK_REGION_LENGTH__)?__LOCK_REGION_LENGTH__:0x400
                0x0000000000000400                __SIGNATURE_REGION_LENGTH__ = DEFINED (__SIGNATURE_REGION_LENGTH__)?__SIGNATURE_REGION_LENGTH__:0x400
                0x0000000000000400                __USER_SIGNATURE_REGION_LENGTH__ = DEFINED (__USER_SIGNATURE_REGION_LENGTH__)?__USER_SIGNATURE_REGION_LENGTH__:0x400
                0x0000000000000400                __BOOTROW_REGION_LENGTH__ = DEFINED (__BOOTROW_REGION_LENGTH__)?__BOOTROW_REGION_LENGTH__:0x400

.hash
 *(.hash)

.dynsym
 *(.dynsym)

.dynstr
 *(.dynstr)

.gnu.version
 *(.gnu.version)

.gnu.version_d
 *(.gnu.version_d)

.gnu.version_r
 *(.gnu.version_r)

.rel.init
 *(.rel.init)

.rela.init
 *(.rela.init)

.rel.text
 *(.rel.text)
 *(.rel.text.*)
 *(.rel.gnu.linkonce.t*)

.rela.text
 *(.rela.text)
 *(.rela.text.*)
 *(.rela.gnu.linkonce.t*)

.rel.fini
 *(.rel.fini)

.rela.fini
 *(.rela.fini)

.rel.rodata
 *(.rel.rodata)
 *(.rel.rodata.*)
 *(.rel.gnu.linkonce.r*)

.rela.rodata
 *(.rela.rodata)
 *(.rela.rodata.*)
 *(.rela.gnu.linkonce.r*)

.rel.data
 *(.rel.data)
 *(.rel.data.*)
 *(.rel.gnu.linkonce.d*)

.rela.data
 *(.rela.data)
 *(.rela.data.*)
 *(.rela.gnu.linkonce.d*)

.rel.ctors
 *(.rel.ctors)

.rela.ctors
 *(.rela.ctors)

.rel.dtors
 *(.rel.dtors)

.rela.dtors
 *(.rela.dtors)

.rel.got
 *(.rel.got)

.rela.got
 *(.rela.got)

.rel.bss
 *(.rel.bss)

.rela.bss
 *(.rela.bss)

.rel.plt
 *(.rel.plt)

.rela.plt
 *(.rela.plt)

.text           0x0000000000000000      0x100
 *(.vectors)
 .vectors       0x0000000000000000       0xa4 D:/Produktivni programy/MPLab/v610/packs/Microchip/AVR-Dx_DFP/2.3.272/xc8/avr/lib/avrxmega2/memx-const/crtavr64da28.o
                0x0000000000000000                __vector_default
                0x0000000000000000                __vectors
 *(.vectors)
 *(.progmem.gcc*)
 *(.dinit)
 .dinit         0x00000000000000a4        0x7 data_init
                0x00000000000000ac                . = ALIGN (0x2)
 *fill*         0x00000000000000ab        0x1 
                0x00000000000000ac                __trampolines_start = .
 *(.trampolines)
 .trampolines   0x00000000000000ac        0x0 linker stubs
 *(.trampolines*)
                0x00000000000000ac                __trampolines_end = .
 *libprintf_flt.a:*(.progmem.data)
 *libc.a:*(.progmem.data)
                0x00000000000000ac                . = ALIGN (0x2)
 *(.jumptables)
 *(.jumptables*)
 *(.lowtext)
 *(.lowtext*)
                0x00000000000000ac                __ctors_start = .
 *(.ctors)
                0x00000000000000ac                __ctors_end = .
                0x00000000000000ac                __dtors_start = .
 *(.dtors)
                0x00000000000000ac                __dtors_end = .
 SORT(*)(.ctors)
 SORT(*)(.dtors)
 *(.init0)
 .init0         0x00000000000000ac        0x0 D:/Produktivni programy/MPLab/v610/packs/Microchip/AVR-Dx_DFP/2.3.272/xc8/avr/lib/avrxmega2/memx-const/crtavr64da28.o
                0x00000000000000ac                __init
 *(.init0)
 *(.init1)
 *(.init1)
 *(.init2)
 .init2         0x00000000000000ac        0xc D:/Produktivni programy/MPLab/v610/packs/Microchip/AVR-Dx_DFP/2.3.272/xc8/avr/lib/avrxmega2/memx-const/crtavr64da28.o
 *(.init2)
 *(.init3)
 *(.init3)
 *(.init4)
 .init4         0x00000000000000b8       0x3c d:/produktivni programy/mplab/xc8/v2.41/avr/bin/../lib/gcc/avr/5.4.0/avrxmega2/memx-const\libgcc.a(_copy_data.o)
                0x00000000000000b8                __do_copy_data
                0x00000000000000e6                __do_clear_bss
 *(.init4)
 *(.init5)
 *(.init5)
 *(.init6)
 *(.init6)
 *(.init7)
 *(.init7)
 *(.init8)
 *(.init8)
 *(.init9)
 .init9         0x00000000000000f4        0x8 D:/Produktivni programy/MPLab/v610/packs/Microchip/AVR-Dx_DFP/2.3.272/xc8/avr/lib/avrxmega2/memx-const/crtavr64da28.o
 *(.init9)
                0x00000000000000fc                . = ALIGN (0x2)
 *(.fini9)
 .fini9         0x00000000000000fc        0x0 d:/produktivni programy/mplab/xc8/v2.41/avr/bin/../lib/gcc/avr/5.4.0/avrxmega2/memx-const\libgcc.a(_exit.o)
                0x00000000000000fc                _exit
 *(.fini9)
 *(.fini8)
 *(.fini8)
 *(.fini7)
 *(.fini7)
 *(.fini6)
 *(.fini6)
 *(.fini5)
 *(.fini5)
 *(.fini4)
 *(.fini4)
 *(.fini3)
 *(.fini3)
 *(.fini2)
 *(.fini2)
 *(.fini1)
 *(.fini1)
 *(.fini0)
 .fini0         0x00000000000000fc        0x4 d:/produktivni programy/mplab/xc8/v2.41/avr/bin/../lib/gcc/avr/5.4.0/avrxmega2/memx-const\libgcc.a(_exit.o)
 *(.fini0)
                0x0000000000000100                _etext = .

.data           0x0000000000806000        0x0 load address 0x0000000000000100
                [!provide]                        PROVIDE (__data_start, .)
 *(.gnu.linkonce.d*)
 *(.gnu.linkonce.r*)
                0x0000000000806000                . = ALIGN (0x2)
                0x0000000000806000                _edata = .
                [!provide]                        PROVIDE (__data_end, .)

.bss            0x0000000000806000        0x0
                [!provide]                        PROVIDE (__bss_start, .)
 *(COMMON)
                [!provide]                        PROVIDE (__bss_end, .)
                0x0000000000000100                __data_load_start = LOADADDR (.data)
                0x0000000000000100                __data_load_end = (__data_load_start + SIZEOF (.data))

.noinit         0x0000000000806000        0x0
                [!provide]                        PROVIDE (__noinit_start, .)
 *(.noinit*)
                [!provide]                        PROVIDE (__noinit_end, .)
                0x0000000000806000                _end = .

.eeprom         0x0000000000810000        0x0
 *(.eeprom*)
                0x0000000000810000                __eeprom_end = .

.fuse
 *(.fuse)
 *(.lfuse)
 *(.hfuse)
 *(.efuse)

.lock
 *(.lock*)

.signature
 *(.signature*)

.user_signatures
 *(.user_signatures*)

.bootrow
 *(.bootrow*)

.stab
 *(.stab)

.stabstr
 *(.stabstr)

.stab.excl
 *(.stab.excl)

.stab.exclstr
 *(.stab.exclstr)

.stab.index
 *(.stab.index)

.stab.indexstr
 *(.stab.indexstr)

.comment        0x0000000000000000       0x5b
 *(.comment)
 .comment       0x0000000000000000       0x2f build/default/production/src/main.o
                                         0x30 (size before relaxing)
 .comment       0x000000000000002f       0x30 build/default/production/lib/uart/uart.o
 .comment       0x000000000000002f       0x2c d:/produktivni programy/mplab/xc8/v2.41/avr/bin/../lib/gcc/avr/5.4.0/../../../../avr/lib/avrxmega2/memx-const\libc.a(exit.o)
                                         0x2d (size before relaxing)
 .comment       0x000000000000005b       0x2d d:/produktivni programy/mplab/xc8/v2.41/avr/bin/../lib/gcc/avr/5.4.0/../../../../avr/lib/avrxmega2/memx-const\libc.a(_Exit.o)

.stack.descriptors.hdr
                0x0000000000000000       0xe0
 .stack.descriptors.hdr
                0x0000000000000000        0xe d:/produktivni programy/mplab/xc8/v2.41/avr/bin/../lib/gcc/avr/5.4.0/../../../../avr/lib/avrxmega2/memx-const\libm.a(cmpsf2.o)
 .stack.descriptors.hdr
                0x000000000000000e        0xe d:/produktivni programy/mplab/xc8/v2.41/avr/bin/../lib/gcc/avr/5.4.0/../../../../avr/lib/avrxmega2/memx-const\libm.a(fixunssfsi.o)
 .stack.descriptors.hdr
                0x000000000000001c        0xe d:/produktivni programy/mplab/xc8/v2.41/avr/bin/../lib/gcc/avr/5.4.0/../../../../avr/lib/avrxmega2/memx-const\libm.a(fp_cmp.o)
 .stack.descriptors.hdr
                0x000000000000002a        0xe d:/produktivni programy/mplab/xc8/v2.41/avr/bin/../lib/gcc/avr/5.4.0/../../../../avr/lib/avrxmega2/memx-const\libm.a(fp_inf.o)
 .stack.descriptors.hdr
                0x0000000000000038        0xe d:/produktivni programy/mplab/xc8/v2.41/avr/bin/../lib/gcc/avr/5.4.0/../../../../avr/lib/avrxmega2/memx-const\libm.a(fp_nan.o)
 .stack.descriptors.hdr
                0x0000000000000046        0xe d:/produktivni programy/mplab/xc8/v2.41/avr/bin/../lib/gcc/avr/5.4.0/../../../../avr/lib/avrxmega2/memx-const\libm.a(fp_pscA.o)
 .stack.descriptors.hdr
                0x0000000000000054        0xe d:/produktivni programy/mplab/xc8/v2.41/avr/bin/../lib/gcc/avr/5.4.0/../../../../avr/lib/avrxmega2/memx-const\libm.a(fp_pscB.o)
 .stack.descriptors.hdr
                0x0000000000000062        0xe d:/produktivni programy/mplab/xc8/v2.41/avr/bin/../lib/gcc/avr/5.4.0/../../../../avr/lib/avrxmega2/memx-const\libm.a(fp_round.o)
 .stack.descriptors.hdr
                0x0000000000000070        0xe d:/produktivni programy/mplab/xc8/v2.41/avr/bin/../lib/gcc/avr/5.4.0/../../../../avr/lib/avrxmega2/memx-const\libm.a(fp_split3.o)
 .stack.descriptors.hdr
                0x000000000000007e        0xe d:/produktivni programy/mplab/xc8/v2.41/avr/bin/../lib/gcc/avr/5.4.0/../../../../avr/lib/avrxmega2/memx-const\libm.a(fp_zero.o)
 .stack.descriptors.hdr
                0x000000000000008c        0xe d:/produktivni programy/mplab/xc8/v2.41/avr/bin/../lib/gcc/avr/5.4.0/../../../../avr/lib/avrxmega2/memx-const\libm.a(gesf2.o)
 .stack.descriptors.hdr
                0x000000000000009a        0xe d:/produktivni programy/mplab/xc8/v2.41/avr/bin/../lib/gcc/avr/5.4.0/../../../../avr/lib/avrxmega2/memx-const\libm.a(mulsf3.o)
 .stack.descriptors.hdr
                0x00000000000000a8        0xe d:/produktivni programy/mplab/xc8/v2.41/avr/bin/../lib/gcc/avr/5.4.0/../../../../avr/lib/avrxmega2/memx-const\libm.a(mulsf3x.o)
 .stack.descriptors.hdr
                0x00000000000000b6        0xe d:/produktivni programy/mplab/xc8/v2.41/avr/bin/../lib/gcc/avr/5.4.0/../../../../avr/lib/avrxmega2/memx-const\libc.a(exit.o)
 .stack.descriptors.hdr
                0x00000000000000c4        0xe d:/produktivni programy/mplab/xc8/v2.41/avr/bin/../lib/gcc/avr/5.4.0/../../../../avr/lib/avrxmega2/memx-const\libc.a(_Exit.o)
 .stack.descriptors.hdr
                0x00000000000000d2        0xe d:/produktivni programy/mplab/xc8/v2.41/avr/bin/../lib/gcc/avr/5.4.0/avrxmega2/memx-const\libgcc.a(_exit.o)

.note.GNU-stack
                0x0000000000000000        0x0
 .note.GNU-stack
                0x0000000000000000        0x0 d:/produktivni programy/mplab/xc8/v2.41/avr/bin/../lib/gcc/avr/5.4.0/../../../../avr/lib/avrxmega2/memx-const\libm.a(cmpsf2.o)
 .note.GNU-stack
                0x0000000000000000        0x0 d:/produktivni programy/mplab/xc8/v2.41/avr/bin/../lib/gcc/avr/5.4.0/../../../../avr/lib/avrxmega2/memx-const\libm.a(fixunssfsi.o)
 .note.GNU-stack
                0x0000000000000000        0x0 d:/produktivni programy/mplab/xc8/v2.41/avr/bin/../lib/gcc/avr/5.4.0/../../../../avr/lib/avrxmega2/memx-const\libm.a(fp_cmp.o)
 .note.GNU-stack
                0x0000000000000000        0x0 d:/produktivni programy/mplab/xc8/v2.41/avr/bin/../lib/gcc/avr/5.4.0/../../../../avr/lib/avrxmega2/memx-const\libm.a(fp_inf.o)
 .note.GNU-stack
                0x0000000000000000        0x0 d:/produktivni programy/mplab/xc8/v2.41/avr/bin/../lib/gcc/avr/5.4.0/../../../../avr/lib/avrxmega2/memx-const\libm.a(fp_nan.o)
 .note.GNU-stack
                0x0000000000000000        0x0 d:/produktivni programy/mplab/xc8/v2.41/avr/bin/../lib/gcc/avr/5.4.0/../../../../avr/lib/avrxmega2/memx-const\libm.a(fp_pscA.o)
 .note.GNU-stack
                0x0000000000000000        0x0 d:/produktivni programy/mplab/xc8/v2.41/avr/bin/../lib/gcc/avr/5.4.0/../../../../avr/lib/avrxmega2/memx-const\libm.a(fp_pscB.o)
 .note.GNU-stack
                0x0000000000000000        0x0 d:/produktivni programy/mplab/xc8/v2.41/avr/bin/../lib/gcc/avr/5.4.0/../../../../avr/lib/avrxmega2/memx-const\libm.a(fp_round.o)
 .note.GNU-stack
                0x0000000000000000        0x0 d:/produktivni programy/mplab/xc8/v2.41/avr/bin/../lib/gcc/avr/5.4.0/../../../../avr/lib/avrxmega2/memx-const\libm.a(fp_split3.o)
 .note.GNU-stack
                0x0000000000000000        0x0 d:/produktivni programy/mplab/xc8/v2.41/avr/bin/../lib/gcc/avr/5.4.0/../../../../avr/lib/avrxmega2/memx-const\libm.a(fp_zero.o)
 .note.GNU-stack
                0x0000000000000000        0x0 d:/produktivni programy/mplab/xc8/v2.41/avr/bin/../lib/gcc/avr/5.4.0/../../../../avr/lib/avrxmega2/memx-const\libm.a(gesf2.o)
 .note.GNU-stack
                0x0000000000000000        0x0 d:/produktivni programy/mplab/xc8/v2.41/avr/bin/../lib/gcc/avr/5.4.0/../../../../avr/lib/avrxmega2/memx-const\libm.a(mulsf3.o)
 .note.GNU-stack
                0x0000000000000000        0x0 d:/produktivni programy/mplab/xc8/v2.41/avr/bin/../lib/gcc/avr/5.4.0/../../../../avr/lib/avrxmega2/memx-const\libm.a(mulsf3x.o)
 .note.GNU-stack
                0x0000000000000000        0x0 d:/produktivni programy/mplab/xc8/v2.41/avr/bin/../lib/gcc/avr/5.4.0/../../../../avr/lib/avrxmega2/memx-const\libc.a(exit.o)
 .note.GNU-stack
                0x0000000000000000        0x0 d:/produktivni programy/mplab/xc8/v2.41/avr/bin/../lib/gcc/avr/5.4.0/../../../../avr/lib/avrxmega2/memx-const\libc.a(_Exit.o)

.note.gnu.build-id
 *(.note.gnu.build-id)

.debug
 *(.debug)

.line
 *(.line)

.debug_srcinfo
 *(.debug_srcinfo)

.debug_sfnames
 *(.debug_sfnames)

.debug_aranges  0x0000000000000000       0x40
 *(.debug_aranges)
 .debug_aranges
                0x0000000000000000       0x20 build/default/production/src/main.o
 .debug_aranges
                0x0000000000000020       0x20 build/default/production/lib/uart/uart.o

.debug_pubnames
 *(.debug_pubnames)

.debug_info     0x0000000000000000     0x32da
 *(.debug_info .gnu.linkonce.wi.*)
 .debug_info    0x0000000000000000     0x2504 D:/Produktivni programy/MPLab/v610/packs/Microchip/AVR-Dx_DFP/2.3.272/xc8/avr/lib/avrxmega2/memx-const/crtavr64da28.o
 .debug_info    0x0000000000002504      0x45f build/default/production/src/main.o
 .debug_info    0x0000000000002963      0x977 build/default/production/lib/uart/uart.o

.debug_abbrev   0x0000000000000000     0x25e0
 *(.debug_abbrev)
 .debug_abbrev  0x0000000000000000     0x230e D:/Produktivni programy/MPLab/v610/packs/Microchip/AVR-Dx_DFP/2.3.272/xc8/avr/lib/avrxmega2/memx-const/crtavr64da28.o
 .debug_abbrev  0x000000000000230e      0x11e build/default/production/src/main.o
 .debug_abbrev  0x000000000000242c      0x1b4 build/default/production/lib/uart/uart.o

.debug_line     0x0000000000000000      0x748
 *(.debug_line .debug_line.* .debug_line_end)
 .debug_line    0x0000000000000000      0x190 D:/Produktivni programy/MPLab/v610/packs/Microchip/AVR-Dx_DFP/2.3.272/xc8/avr/lib/avrxmega2/memx-const/crtavr64da28.o
 .debug_line    0x0000000000000190      0x275 build/default/production/src/main.o
 .debug_line    0x0000000000000405      0x343 build/default/production/lib/uart/uart.o

.debug_frame    0x0000000000000000      0x250
 *(.debug_frame)
 .debug_frame   0x0000000000000000       0xa4 build/default/production/src/main.o
 .debug_frame   0x00000000000000a4      0x1ac build/default/production/lib/uart/uart.o

.debug_str      0x0000000000000000      0xffc
 *(.debug_str)
 .debug_str     0x0000000000000000      0xfdc D:/Produktivni programy/MPLab/v610/packs/Microchip/AVR-Dx_DFP/2.3.272/xc8/avr/lib/avrxmega2/memx-const/crtavr64da28.o
 .debug_str     0x0000000000000fdc        0x0 build/default/production/src/main.o
 .debug_str     0x0000000000000fdc       0x20 build/default/production/lib/uart/uart.o

.debug_loc
 *(.debug_loc)

.debug_macinfo
 *(.debug_macinfo)

.debug_weaknames
 *(.debug_weaknames)

.debug_funcnames
 *(.debug_funcnames)

.debug_typenames
 *(.debug_typenames)

.debug_varnames
 *(.debug_varnames)

.debug_pubtypes
 *(.debug_pubtypes)

.debug_ranges   0x0000000000000000       0x18
 *(.debug_ranges)
 .debug_ranges  0x0000000000000000       0x18 build/default/production/src/main.o

.debug_macro
 *(.debug_macro)
OUTPUT(dist/default/production/BJT_tester.X.production.elf elf32-avr)
LOAD linker stubs
LOAD data_init

.note.gnu.avr.deviceinfo
                0x0000000000000000       0x3c
 .note.gnu.avr.deviceinfo
                0x0000000000000000       0x3c D:/Produktivni programy/MPLab/v610/packs/Microchip/AVR-Dx_DFP/2.3.272/xc8/avr/lib/avrxmega2/memx-const/crtavr64da28.o

.progmemx.data  0x0000000000000100       0x17
 .progmemx.data
                0x0000000000000100       0x17 build/default/production/src/main.o

.text           0x0000000000000118      0x438
 .text          0x0000000000000118      0x438 build/default/production/lib/uart/uart.o
                0x0000000000000118                uart0_init
                0x0000000000000172                uart0_send_byte
                0x00000000000001a8                uart0_send_string
                0x0000000000000202                uart0_receive_byte
                0x0000000000000226                uart0_data_available
                0x0000000000000242                uart0_receive_string
                0x0000000000000334                uart1_init
                0x000000000000038e                uart1_send_byte
                0x00000000000003c4                uart1_send_string
                0x000000000000041e                uart1_receive_byte
                0x0000000000000442                uart1_data_available
                0x000000000000045e                uart1_receive_string

.text           0x0000000000000550      0x3de
 .text          0x0000000000000550      0x3de build/default/production/src/main.o
                0x0000000000000550                __vector_31
                0x0000000000000730                main

.text           0x000000000000092e       0xd4
 .text          0x000000000000092e       0xd4 d:/produktivni programy/mplab/xc8/v2.41/avr/bin/../lib/gcc/avr/5.4.0/../../../../avr/lib/avrxmega2/memx-const\libm.a(mulsf3x.o)
                0x000000000000092e                __mulsf3x
                0x0000000000000954                __mulsf3_pse

.text           0x0000000000000a02       0x5e
 .text          0x0000000000000a02       0x5e d:/produktivni programy/mplab/xc8/v2.41/avr/bin/../lib/gcc/avr/5.4.0/../../../../avr/lib/avrxmega2/memx-const\libm.a(fixunssfsi.o)
                0x0000000000000a02                __fixunssfsi

.text           0x0000000000000a60       0x48
 .text          0x0000000000000a60       0x48 d:/produktivni programy/mplab/xc8/v2.41/avr/bin/../lib/gcc/avr/5.4.0/../../../../avr/lib/avrxmega2/memx-const\libm.a(fp_cmp.o)
                0x0000000000000a60                __fp_cmp

.text           0x0000000000000aa8       0x44
 .text          0x0000000000000aa8       0x44 d:/produktivni programy/mplab/xc8/v2.41/avr/bin/../lib/gcc/avr/5.4.0/../../../../avr/lib/avrxmega2/memx-const\libm.a(fp_split3.o)
                0x0000000000000aa8                __fp_split3
                0x0000000000000ab8                __fp_splitA

.text           0x0000000000000aec       0x22
 .text          0x0000000000000aec       0x22 d:/produktivni programy/mplab/xc8/v2.41/avr/bin/../lib/gcc/avr/5.4.0/../../../../avr/lib/avrxmega2/memx-const\libm.a(fp_round.o)
                0x0000000000000aec                __fp_round

.text.exit      0x0000000000000b0e       0x16
 .text.exit     0x0000000000000b0e       0x16 d:/produktivni programy/mplab/xc8/v2.41/avr/bin/../lib/gcc/avr/5.4.0/../../../../avr/lib/avrxmega2/memx-const\libc.a(exit.o)
                0x0000000000000b0e                exit

.text           0x0000000000000b24        0xe
 .text          0x0000000000000b24        0xe d:/produktivni programy/mplab/xc8/v2.41/avr/bin/../lib/gcc/avr/5.4.0/../../../../avr/lib/avrxmega2/memx-const\libm.a(fp_pscA.o)
                0x0000000000000b24                __fp_pscA

.text           0x0000000000000b32        0xe
 .text          0x0000000000000b32        0xe d:/produktivni programy/mplab/xc8/v2.41/avr/bin/../lib/gcc/avr/5.4.0/../../../../avr/lib/avrxmega2/memx-const\libm.a(fp_pscB.o)
                0x0000000000000b32                __fp_pscB

.text           0x0000000000000b40        0xe
 .text          0x0000000000000b40        0xe d:/produktivni programy/mplab/xc8/v2.41/avr/bin/../lib/gcc/avr/5.4.0/../../../../avr/lib/avrxmega2/memx-const\libm.a(fp_zero.o)
                0x0000000000000b40                __fp_zero
                0x0000000000000b42                __fp_szero

.text           0x0000000000000b4e        0xc
 .text          0x0000000000000b4e        0xc d:/produktivni programy/mplab/xc8/v2.41/avr/bin/../lib/gcc/avr/5.4.0/../../../../avr/lib/avrxmega2/memx-const\libm.a(fp_inf.o)
                0x0000000000000b4e                __fp_inf

.text           0x0000000000000b5a        0xa
 .text          0x0000000000000b5a        0xa d:/produktivni programy/mplab/xc8/v2.41/avr/bin/../lib/gcc/avr/5.4.0/../../../../avr/lib/avrxmega2/memx-const\libm.a(cmpsf2.o)
                0x0000000000000b5a                __nesf2
                0x0000000000000b5a                __eqsf2
                0x0000000000000b5a                __cmpsf2
                0x0000000000000b5a                __ltsf2
                0x0000000000000b5a                __lesf2

.text           0x0000000000000b64        0xa
 .text          0x0000000000000b64        0xa d:/produktivni programy/mplab/xc8/v2.41/avr/bin/../lib/gcc/avr/5.4.0/../../../../avr/lib/avrxmega2/memx-const\libm.a(gesf2.o)
                0x0000000000000b64                __gesf2
                0x0000000000000b64                __gtsf2

.text           0x0000000000000b6e        0x8
 .text          0x0000000000000b6e        0x8 d:/produktivni programy/mplab/xc8/v2.41/avr/bin/../lib/gcc/avr/5.4.0/../../../../avr/lib/avrxmega2/memx-const\libm.a(mulsf3.o)
                0x0000000000000b6e                __mulsf3

.text           0x0000000000000b76        0x6
 .text          0x0000000000000b76        0x6 d:/produktivni programy/mplab/xc8/v2.41/avr/bin/../lib/gcc/avr/5.4.0/../../../../avr/lib/avrxmega2/memx-const\libm.a(fp_nan.o)
                0x0000000000000b76                __fp_nan

.text           0x0000000000000b7c        0x4
 .text          0x0000000000000b7c        0x4 D:/Produktivni programy/MPLab/v610/packs/Microchip/AVR-Dx_DFP/2.3.272/xc8/avr/lib/avrxmega2/memx-const/crtavr64da28.o
                0x0000000000000b7c                __vector_38
                0x0000000000000b7c                __vector_22
                0x0000000000000b7c                __vector_28
                0x0000000000000b7c                __vector_1
                0x0000000000000b7c                __vector_32
                0x0000000000000b7c                __vector_34
                0x0000000000000b7c                __vector_24
                0x0000000000000b7c                __vector_12
                0x0000000000000b7c                __bad_interrupt
                0x0000000000000b7c                __vector_6
                0x0000000000000b7c                __vector_35
                0x0000000000000b7c                __vector_39
                0x0000000000000b7c                __vector_3
                0x0000000000000b7c                __vector_23
                0x0000000000000b7c                __vector_30
                0x0000000000000b7c                __vector_25
                0x0000000000000b7c                __vector_11
                0x0000000000000b7c                __vector_13
                0x0000000000000b7c                __vector_17
                0x0000000000000b7c                __vector_19
                0x0000000000000b7c                __vector_7
                0x0000000000000b7c                __vector_27
                0x0000000000000b7c                __vector_5
                0x0000000000000b7c                __vector_33
                0x0000000000000b7c                __vector_37
                0x0000000000000b7c                __vector_4
                0x0000000000000b7c                __vector_9
                0x0000000000000b7c                __vector_2
                0x0000000000000b7c                __vector_21
                0x0000000000000b7c                __vector_15
                0x0000000000000b7c                __vector_36
                0x0000000000000b7c                __vector_29
                0x0000000000000b7c                __vector_40
                0x0000000000000b7c                __vector_8
                0x0000000000000b7c                __vector_26
                0x0000000000000b7c                __vector_14
                0x0000000000000b7c                __vector_10
                0x0000000000000b7c                __vector_16
                0x0000000000000b7c                __vector_18
                0x0000000000000b7c                __vector_20

.text._Exit     0x0000000000000b80        0x4
 .text._Exit    0x0000000000000b80        0x4 d:/produktivni programy/mplab/xc8/v2.41/avr/bin/../lib/gcc/avr/5.4.0/../../../../avr/lib/avrxmega2/memx-const\libc.a(_Exit.o)
                0x0000000000000b80                _Exit

.text.__dummy_fini
                0x0000000000000b84        0x2
 .text.__dummy_fini
                0x0000000000000b84        0x2 d:/produktivni programy/mplab/xc8/v2.41/avr/bin/../lib/gcc/avr/5.4.0/../../../../avr/lib/avrxmega2/memx-const\libc.a(exit.o)
                0x0000000000000b84                _fini

.text.__dummy_funcs_on_exit
                0x0000000000000b86        0x2
 .text.__dummy_funcs_on_exit
                0x0000000000000b86        0x2 d:/produktivni programy/mplab/xc8/v2.41/avr/bin/../lib/gcc/avr/5.4.0/../../../../avr/lib/avrxmega2/memx-const\libc.a(exit.o)
                0x0000000000000b86                __funcs_on_exit

.text.__dummy_simulator_exit
                0x0000000000000b88        0x2
 .text.__dummy_simulator_exit
                0x0000000000000b88        0x2 d:/produktivni programy/mplab/xc8/v2.41/avr/bin/../lib/gcc/avr/5.4.0/../../../../avr/lib/avrxmega2/memx-const\libc.a(exit.o)
                0x0000000000000b88                __simulator_exit

.rodata         0x0000000000806000        0xa load address 0x0000000000000b8a
 .rodata        0x0000000000806000        0xa build/default/production/src/main.o
