Archive member included to satisfy reference by file (symbol)

d:/produktivni programy/mplab/avr8-gnu-toolchain-3.7.0.1796-win32.any.x86_64/avr8-gnu-toolchain-win32_x86_64/bin/../lib/gcc/avr/7.3.0/avrxmega2\libgcc.a(_udivmodsi4.o)
                              build/default/debug/lib/i2c/i2c.o (__udivmodsi4)
d:/produktivni programy/mplab/avr8-gnu-toolchain-3.7.0.1796-win32.any.x86_64/avr8-gnu-toolchain-win32_x86_64/bin/../lib/gcc/avr/7.3.0/avrxmega2\libgcc.a(_exit.o)
                              D:/Produktivni programy/MPLab/v610/packs/Microchip/AVR-Dx_DFP/2.3.272/gcc/dev/avr64da28/avrxmega2/crtavr64da28.o (exit)
d:/produktivni programy/mplab/avr8-gnu-toolchain-3.7.0.1796-win32.any.x86_64/avr8-gnu-toolchain-win32_x86_64/bin/../lib/gcc/avr/7.3.0/avrxmega2\libgcc.a(_copy_data.o)
                              build/default/debug/src/main.o (__do_copy_data)

Discarded input sections

 .data          0x0000000000000000        0x0 D:/Produktivni programy/MPLab/v610/packs/Microchip/AVR-Dx_DFP/2.3.272/gcc/dev/avr64da28/avrxmega2/crtavr64da28.o
 .bss           0x0000000000000000        0x0 D:/Produktivni programy/MPLab/v610/packs/Microchip/AVR-Dx_DFP/2.3.272/gcc/dev/avr64da28/avrxmega2/crtavr64da28.o
 .text          0x0000000000000000        0x0 build/default/debug/src/main.o
 .data          0x0000000000000000        0x0 build/default/debug/src/main.o
 .bss           0x0000000000000000        0x0 build/default/debug/src/main.o
 .text          0x0000000000000000        0x0 build/default/debug/lib/uart/uart.o
 .data          0x0000000000000000        0x0 build/default/debug/lib/uart/uart.o
 .bss           0x0000000000000000        0x0 build/default/debug/lib/uart/uart.o
 .text.uart0_init
                0x0000000000000000       0x22 build/default/debug/lib/uart/uart.o
 .text.uart0_send_byte
                0x0000000000000000       0x10 build/default/debug/lib/uart/uart.o
 .text.uart0_send_string
                0x0000000000000000       0x1e build/default/debug/lib/uart/uart.o
 .text.uart0_receive_byte
                0x0000000000000000       0x10 build/default/debug/lib/uart/uart.o
 .text.uart0_data_available
                0x0000000000000000        0xc build/default/debug/lib/uart/uart.o
 .text.uart0_receive_string
                0x0000000000000000       0x98 build/default/debug/lib/uart/uart.o
 .text.uart1_receive_byte
                0x0000000000000000        0x6 build/default/debug/lib/uart/uart.o
 .text          0x0000000000000000        0x0 build/default/debug/lib/i2c/i2c.o
 .data          0x0000000000000000        0x0 build/default/debug/lib/i2c/i2c.o
 .bss           0x0000000000000000        0x0 build/default/debug/lib/i2c/i2c.o
 .text.i2c_read
                0x0000000000000000       0xa2 build/default/debug/lib/i2c/i2c.o
 .text.i2c_scan
                0x0000000000000000       0x46 build/default/debug/lib/i2c/i2c.o
 .text          0x0000000000000000        0x0 build/default/debug/lib/DA_converter_MCP4728A1/mcp4728a1.o
 .data          0x0000000000000000        0x0 build/default/debug/lib/DA_converter_MCP4728A1/mcp4728a1.o
 .bss           0x0000000000000000        0x0 build/default/debug/lib/DA_converter_MCP4728A1/mcp4728a1.o
 .text.mcp4728_fast_write
                0x0000000000000000       0x52 build/default/debug/lib/DA_converter_MCP4728A1/mcp4728a1.o
 .text.mcp4728_set_all_channels
                0x0000000000000000       0x8c build/default/debug/lib/DA_converter_MCP4728A1/mcp4728a1.o
 .text.mcp4728_general_reset
                0x0000000000000000       0x24 build/default/debug/lib/DA_converter_MCP4728A1/mcp4728a1.o
 .text.mcp4728_wakeup
                0x0000000000000000       0x24 build/default/debug/lib/DA_converter_MCP4728A1/mcp4728a1.o
 .text          0x0000000000000000        0x0 d:/produktivni programy/mplab/avr8-gnu-toolchain-3.7.0.1796-win32.any.x86_64/avr8-gnu-toolchain-win32_x86_64/bin/../lib/gcc/avr/7.3.0/avrxmega2\libgcc.a(_udivmodsi4.o)
 .data          0x0000000000000000        0x0 d:/produktivni programy/mplab/avr8-gnu-toolchain-3.7.0.1796-win32.any.x86_64/avr8-gnu-toolchain-win32_x86_64/bin/../lib/gcc/avr/7.3.0/avrxmega2\libgcc.a(_udivmodsi4.o)
 .bss           0x0000000000000000        0x0 d:/produktivni programy/mplab/avr8-gnu-toolchain-3.7.0.1796-win32.any.x86_64/avr8-gnu-toolchain-win32_x86_64/bin/../lib/gcc/avr/7.3.0/avrxmega2\libgcc.a(_udivmodsi4.o)
 .text.libgcc.mul
                0x0000000000000000        0x0 d:/produktivni programy/mplab/avr8-gnu-toolchain-3.7.0.1796-win32.any.x86_64/avr8-gnu-toolchain-win32_x86_64/bin/../lib/gcc/avr/7.3.0/avrxmega2\libgcc.a(_udivmodsi4.o)
 .text.libgcc   0x0000000000000000        0x0 d:/produktivni programy/mplab/avr8-gnu-toolchain-3.7.0.1796-win32.any.x86_64/avr8-gnu-toolchain-win32_x86_64/bin/../lib/gcc/avr/7.3.0/avrxmega2\libgcc.a(_udivmodsi4.o)
 .text.libgcc.prologue
                0x0000000000000000        0x0 d:/produktivni programy/mplab/avr8-gnu-toolchain-3.7.0.1796-win32.any.x86_64/avr8-gnu-toolchain-win32_x86_64/bin/../lib/gcc/avr/7.3.0/avrxmega2\libgcc.a(_udivmodsi4.o)
 .text.libgcc.builtins
                0x0000000000000000        0x0 d:/produktivni programy/mplab/avr8-gnu-toolchain-3.7.0.1796-win32.any.x86_64/avr8-gnu-toolchain-win32_x86_64/bin/../lib/gcc/avr/7.3.0/avrxmega2\libgcc.a(_udivmodsi4.o)
 .text.libgcc.fmul
                0x0000000000000000        0x0 d:/produktivni programy/mplab/avr8-gnu-toolchain-3.7.0.1796-win32.any.x86_64/avr8-gnu-toolchain-win32_x86_64/bin/../lib/gcc/avr/7.3.0/avrxmega2\libgcc.a(_udivmodsi4.o)
 .text.libgcc.fixed
                0x0000000000000000        0x0 d:/produktivni programy/mplab/avr8-gnu-toolchain-3.7.0.1796-win32.any.x86_64/avr8-gnu-toolchain-win32_x86_64/bin/../lib/gcc/avr/7.3.0/avrxmega2\libgcc.a(_udivmodsi4.o)
 .text          0x0000000000000000        0x0 d:/produktivni programy/mplab/avr8-gnu-toolchain-3.7.0.1796-win32.any.x86_64/avr8-gnu-toolchain-win32_x86_64/bin/../lib/gcc/avr/7.3.0/avrxmega2\libgcc.a(_exit.o)
 .data          0x0000000000000000        0x0 d:/produktivni programy/mplab/avr8-gnu-toolchain-3.7.0.1796-win32.any.x86_64/avr8-gnu-toolchain-win32_x86_64/bin/../lib/gcc/avr/7.3.0/avrxmega2\libgcc.a(_exit.o)
 .bss           0x0000000000000000        0x0 d:/produktivni programy/mplab/avr8-gnu-toolchain-3.7.0.1796-win32.any.x86_64/avr8-gnu-toolchain-win32_x86_64/bin/../lib/gcc/avr/7.3.0/avrxmega2\libgcc.a(_exit.o)
 .text.libgcc.mul
                0x0000000000000000        0x0 d:/produktivni programy/mplab/avr8-gnu-toolchain-3.7.0.1796-win32.any.x86_64/avr8-gnu-toolchain-win32_x86_64/bin/../lib/gcc/avr/7.3.0/avrxmega2\libgcc.a(_exit.o)
 .text.libgcc.div
                0x0000000000000000        0x0 d:/produktivni programy/mplab/avr8-gnu-toolchain-3.7.0.1796-win32.any.x86_64/avr8-gnu-toolchain-win32_x86_64/bin/../lib/gcc/avr/7.3.0/avrxmega2\libgcc.a(_exit.o)
 .text.libgcc   0x0000000000000000        0x0 d:/produktivni programy/mplab/avr8-gnu-toolchain-3.7.0.1796-win32.any.x86_64/avr8-gnu-toolchain-win32_x86_64/bin/../lib/gcc/avr/7.3.0/avrxmega2\libgcc.a(_exit.o)
 .text.libgcc.prologue
                0x0000000000000000        0x0 d:/produktivni programy/mplab/avr8-gnu-toolchain-3.7.0.1796-win32.any.x86_64/avr8-gnu-toolchain-win32_x86_64/bin/../lib/gcc/avr/7.3.0/avrxmega2\libgcc.a(_exit.o)
 .text.libgcc.builtins
                0x0000000000000000        0x0 d:/produktivni programy/mplab/avr8-gnu-toolchain-3.7.0.1796-win32.any.x86_64/avr8-gnu-toolchain-win32_x86_64/bin/../lib/gcc/avr/7.3.0/avrxmega2\libgcc.a(_exit.o)
 .text.libgcc.fmul
                0x0000000000000000        0x0 d:/produktivni programy/mplab/avr8-gnu-toolchain-3.7.0.1796-win32.any.x86_64/avr8-gnu-toolchain-win32_x86_64/bin/../lib/gcc/avr/7.3.0/avrxmega2\libgcc.a(_exit.o)
 .text.libgcc.fixed
                0x0000000000000000        0x0 d:/produktivni programy/mplab/avr8-gnu-toolchain-3.7.0.1796-win32.any.x86_64/avr8-gnu-toolchain-win32_x86_64/bin/../lib/gcc/avr/7.3.0/avrxmega2\libgcc.a(_exit.o)
 .text          0x0000000000000000        0x0 d:/produktivni programy/mplab/avr8-gnu-toolchain-3.7.0.1796-win32.any.x86_64/avr8-gnu-toolchain-win32_x86_64/bin/../lib/gcc/avr/7.3.0/avrxmega2\libgcc.a(_copy_data.o)
 .data          0x0000000000000000        0x0 d:/produktivni programy/mplab/avr8-gnu-toolchain-3.7.0.1796-win32.any.x86_64/avr8-gnu-toolchain-win32_x86_64/bin/../lib/gcc/avr/7.3.0/avrxmega2\libgcc.a(_copy_data.o)
 .bss           0x0000000000000000        0x0 d:/produktivni programy/mplab/avr8-gnu-toolchain-3.7.0.1796-win32.any.x86_64/avr8-gnu-toolchain-win32_x86_64/bin/../lib/gcc/avr/7.3.0/avrxmega2\libgcc.a(_copy_data.o)
 .text.libgcc.mul
                0x0000000000000000        0x0 d:/produktivni programy/mplab/avr8-gnu-toolchain-3.7.0.1796-win32.any.x86_64/avr8-gnu-toolchain-win32_x86_64/bin/../lib/gcc/avr/7.3.0/avrxmega2\libgcc.a(_copy_data.o)
 .text.libgcc.div
                0x0000000000000000        0x0 d:/produktivni programy/mplab/avr8-gnu-toolchain-3.7.0.1796-win32.any.x86_64/avr8-gnu-toolchain-win32_x86_64/bin/../lib/gcc/avr/7.3.0/avrxmega2\libgcc.a(_copy_data.o)
 .text.libgcc   0x0000000000000000        0x0 d:/produktivni programy/mplab/avr8-gnu-toolchain-3.7.0.1796-win32.any.x86_64/avr8-gnu-toolchain-win32_x86_64/bin/../lib/gcc/avr/7.3.0/avrxmega2\libgcc.a(_copy_data.o)
 .text.libgcc.prologue
                0x0000000000000000        0x0 d:/produktivni programy/mplab/avr8-gnu-toolchain-3.7.0.1796-win32.any.x86_64/avr8-gnu-toolchain-win32_x86_64/bin/../lib/gcc/avr/7.3.0/avrxmega2\libgcc.a(_copy_data.o)
 .text.libgcc.builtins
                0x0000000000000000        0x0 d:/produktivni programy/mplab/avr8-gnu-toolchain-3.7.0.1796-win32.any.x86_64/avr8-gnu-toolchain-win32_x86_64/bin/../lib/gcc/avr/7.3.0/avrxmega2\libgcc.a(_copy_data.o)
 .text.libgcc.fmul
                0x0000000000000000        0x0 d:/produktivni programy/mplab/avr8-gnu-toolchain-3.7.0.1796-win32.any.x86_64/avr8-gnu-toolchain-win32_x86_64/bin/../lib/gcc/avr/7.3.0/avrxmega2\libgcc.a(_copy_data.o)
 .text.libgcc.fixed
                0x0000000000000000        0x0 d:/produktivni programy/mplab/avr8-gnu-toolchain-3.7.0.1796-win32.any.x86_64/avr8-gnu-toolchain-win32_x86_64/bin/../lib/gcc/avr/7.3.0/avrxmega2\libgcc.a(_copy_data.o)

Memory Configuration

Name             Origin             Length             Attributes
text             0x0000000000000000 0x0000000000010000 xr
data             0x0000000000806000 0x0000000000002000 rw !x
eeprom           0x0000000000810000 0x0000000000000200 rw !x
fuse             0x0000000000820000 0x0000000000000010 rw !x
lock             0x0000000000830000 0x0000000000000400 rw !x
signature        0x0000000000840000 0x0000000000000400 rw !x
user_signatures  0x0000000000850000 0x0000000000000400 rw !x
*default*        0x0000000000000000 0xffffffffffffffff

Linker script and memory map

Address of section .data set to 0x806000
                0x0000000000008000                __RODATA_PM_OFFSET__ = 0x8000
LOAD D:/Produktivni programy/MPLab/v610/packs/Microchip/AVR-Dx_DFP/2.3.272/gcc/dev/avr64da28/avrxmega2/crtavr64da28.o
LOAD build/default/debug/src/main.o
LOAD build/default/debug/lib/uart/uart.o
LOAD build/default/debug/lib/i2c/i2c.o
LOAD build/default/debug/lib/DA_converter_MCP4728A1/mcp4728a1.o
                0x0000000000000001                __MPLAB_BUILD = 0x1
                0x0000000000000001                __ICD2RAM = 0x1
                0x0000000000000001                __MPLAB_DEBUG = 0x1
                0x0000000000000001                __DEBUG = 0x1
START GROUP
LOAD d:/produktivni programy/mplab/avr8-gnu-toolchain-3.7.0.1796-win32.any.x86_64/avr8-gnu-toolchain-win32_x86_64/bin/../lib/gcc/avr/7.3.0/../../../../avr/lib/avrxmega2\libm.a
END GROUP
START GROUP
LOAD d:/produktivni programy/mplab/avr8-gnu-toolchain-3.7.0.1796-win32.any.x86_64/avr8-gnu-toolchain-win32_x86_64/bin/../lib/gcc/avr/7.3.0/avrxmega2\libgcc.a
LOAD d:/produktivni programy/mplab/avr8-gnu-toolchain-3.7.0.1796-win32.any.x86_64/avr8-gnu-toolchain-win32_x86_64/bin/../lib/gcc/avr/7.3.0/../../../../avr/lib/avrxmega2\libm.a
LOAD d:/produktivni programy/mplab/avr8-gnu-toolchain-3.7.0.1796-win32.any.x86_64/avr8-gnu-toolchain-win32_x86_64/bin/../lib/gcc/avr/7.3.0/../../../../avr/lib/avrxmega2\libc.a
LOAD D:/Produktivni programy/MPLab/v610/packs/Microchip/AVR-Dx_DFP/2.3.272/gcc/dev/avr64da28/avrxmega2\libavr64da28.a
END GROUP
                [0x0000000000000000]                __TEXT_REGION_ORIGIN__ = DEFINED (__TEXT_REGION_ORIGIN__)?__TEXT_REGION_ORIGIN__:0x0
                [0x0000000000806000]                __DATA_REGION_ORIGIN__ = DEFINED (__DATA_REGION_ORIGIN__)?__DATA_REGION_ORIGIN__:0x802000
                [0x0000000000010000]                __TEXT_REGION_LENGTH__ = DEFINED (__TEXT_REGION_LENGTH__)?__TEXT_REGION_LENGTH__:0x100000
                [0x0000000000002000]                __DATA_REGION_LENGTH__ = DEFINED (__DATA_REGION_LENGTH__)?__DATA_REGION_LENGTH__:0xffa0
                [0x0000000000000200]                __EEPROM_REGION_LENGTH__ = DEFINED (__EEPROM_REGION_LENGTH__)?__EEPROM_REGION_LENGTH__:0x10000
                [0x0000000000000010]                __FUSE_REGION_LENGTH__ = DEFINED (__FUSE_REGION_LENGTH__)?__FUSE_REGION_LENGTH__:0x400
                0x0000000000000400                __LOCK_REGION_LENGTH__ = DEFINED (__LOCK_REGION_LENGTH__)?__LOCK_REGION_LENGTH__:0x400
                0x0000000000000400                __SIGNATURE_REGION_LENGTH__ = DEFINED (__SIGNATURE_REGION_LENGTH__)?__SIGNATURE_REGION_LENGTH__:0x400
                0x0000000000000400                __USER_SIGNATURE_REGION_LENGTH__ = DEFINED (__USER_SIGNATURE_REGION_LENGTH__)?__USER_SIGNATURE_REGION_LENGTH__:0x400

.hash
 *(.hash)

.dynsym
 *(.dynsym)

.dynstr
 *(.dynstr)

.gnu.version
 *(.gnu.version)

.gnu.version_d
 *(.gnu.version_d)

.gnu.version_r
 *(.gnu.version_r)

.rel.init
 *(.rel.init)

.rela.init
 *(.rela.init)

.rel.text
 *(.rel.text)
 *(.rel.text.*)
 *(.rel.gnu.linkonce.t*)

.rela.text
 *(.rela.text)
 *(.rela.text.*)
 *(.rela.gnu.linkonce.t*)

.rel.fini
 *(.rel.fini)

.rela.fini
 *(.rela.fini)

.rel.rodata
 *(.rel.rodata)
 *(.rel.rodata.*)
 *(.rel.gnu.linkonce.r*)

.rela.rodata
 *(.rela.rodata)
 *(.rela.rodata.*)
 *(.rela.gnu.linkonce.r*)

.rel.data
 *(.rel.data)
 *(.rel.data.*)
 *(.rel.gnu.linkonce.d*)

.rela.data
 *(.rela.data)
 *(.rela.data.*)
 *(.rela.gnu.linkonce.d*)

.rel.ctors
 *(.rel.ctors)

.rela.ctors
 *(.rela.ctors)

.rel.dtors
 *(.rel.dtors)

.rela.dtors
 *(.rela.dtors)

.rel.got
 *(.rel.got)

.rela.got
 *(.rela.got)

.rel.bss
 *(.rel.bss)

.rela.bss
 *(.rela.bss)

.rel.plt
 *(.rel.plt)

.rela.plt
 *(.rela.plt)

.text           0x0000000000000000      0x4a6
 *(.vectors)
 .vectors       0x0000000000000000       0xa4 D:/Produktivni programy/MPLab/v610/packs/Microchip/AVR-Dx_DFP/2.3.272/gcc/dev/avr64da28/avrxmega2/crtavr64da28.o
                0x0000000000000000                __vector_default
                0x0000000000000000                __vectors
 *(.vectors)
 *(.progmem.gcc*)
                0x00000000000000a4                . = ALIGN (0x2)
                0x00000000000000a4                __trampolines_start = .
 *(.trampolines)
 .trampolines   0x00000000000000a4        0x0 linker stubs
 *(.trampolines*)
                0x00000000000000a4                __trampolines_end = .
 *libprintf_flt.a:*(.progmem.data)
 *libc.a:*(.progmem.data)
 *(.progmem*)
                0x00000000000000a4                . = ALIGN (0x2)
 *(.jumptables)
 *(.jumptables*)
 *(.lowtext)
 *(.lowtext*)
                0x00000000000000a4                __ctors_start = .
 *(.ctors)
                0x00000000000000a4                __ctors_end = .
                0x00000000000000a4                __dtors_start = .
 *(.dtors)
                0x00000000000000a4                __dtors_end = .
 SORT(*)(.ctors)
 SORT(*)(.dtors)
 *(.init0)
 .init0         0x00000000000000a4        0x0 D:/Produktivni programy/MPLab/v610/packs/Microchip/AVR-Dx_DFP/2.3.272/gcc/dev/avr64da28/avrxmega2/crtavr64da28.o
                0x00000000000000a4                __init
 *(.init0)
 *(.init1)
 *(.init1)
 *(.init2)
 .init2         0x00000000000000a4        0xc D:/Produktivni programy/MPLab/v610/packs/Microchip/AVR-Dx_DFP/2.3.272/gcc/dev/avr64da28/avrxmega2/crtavr64da28.o
 *(.init2)
 *(.init3)
 *(.init3)
 *(.init4)
 .init4         0x00000000000000b0       0x16 d:/produktivni programy/mplab/avr8-gnu-toolchain-3.7.0.1796-win32.any.x86_64/avr8-gnu-toolchain-win32_x86_64/bin/../lib/gcc/avr/7.3.0/avrxmega2\libgcc.a(_copy_data.o)
                0x00000000000000b0                __do_copy_data
 *(.init4)
 *(.init5)
 *(.init5)
 *(.init6)
 *(.init6)
 *(.init7)
 *(.init7)
 *(.init8)
 *(.init8)
 *(.init9)
 .init9         0x00000000000000c6        0x8 D:/Produktivni programy/MPLab/v610/packs/Microchip/AVR-Dx_DFP/2.3.272/gcc/dev/avr64da28/avrxmega2/crtavr64da28.o
 *(.init9)
 *(.text)
 .text          0x00000000000000ce        0x4 D:/Produktivni programy/MPLab/v610/packs/Microchip/AVR-Dx_DFP/2.3.272/gcc/dev/avr64da28/avrxmega2/crtavr64da28.o
                0x00000000000000ce                __vector_38
                0x00000000000000ce                __vector_22
                0x00000000000000ce                __vector_28
                0x00000000000000ce                __vector_1
                0x00000000000000ce                __vector_32
                0x00000000000000ce                __vector_34
                0x00000000000000ce                __vector_24
                0x00000000000000ce                __vector_12
                0x00000000000000ce                __bad_interrupt
                0x00000000000000ce                __vector_6
                0x00000000000000ce                __vector_35
                0x00000000000000ce                __vector_39
                0x00000000000000ce                __vector_3
                0x00000000000000ce                __vector_23
                0x00000000000000ce                __vector_30
                0x00000000000000ce                __vector_25
                0x00000000000000ce                __vector_11
                0x00000000000000ce                __vector_13
                0x00000000000000ce                __vector_17
                0x00000000000000ce                __vector_19
                0x00000000000000ce                __vector_7
                0x00000000000000ce                __vector_27
                0x00000000000000ce                __vector_5
                0x00000000000000ce                __vector_33
                0x00000000000000ce                __vector_37
                0x00000000000000ce                __vector_4
                0x00000000000000ce                __vector_9
                0x00000000000000ce                __vector_2
                0x00000000000000ce                __vector_21
                0x00000000000000ce                __vector_15
                0x00000000000000ce                __vector_36
                0x00000000000000ce                __vector_29
                0x00000000000000ce                __vector_40
                0x00000000000000ce                __vector_8
                0x00000000000000ce                __vector_26
                0x00000000000000ce                __vector_14
                0x00000000000000ce                __vector_10
                0x00000000000000ce                __vector_16
                0x00000000000000ce                __vector_18
                0x00000000000000ce                __vector_20
                0x00000000000000d2                . = ALIGN (0x2)
 *(.text.*)
 .text.__vector_31
                0x00000000000000d2       0x90 build/default/debug/src/main.o
                0x00000000000000d2                __vector_31
 .text.main     0x0000000000000162       0x8e build/default/debug/src/main.o
                0x0000000000000162                main
 .text.uart1_init
                0x00000000000001f0       0x24 build/default/debug/lib/uart/uart.o
                0x00000000000001f0                uart1_init
 .text.uart1_send_byte
                0x0000000000000214       0x10 build/default/debug/lib/uart/uart.o
                0x0000000000000214                uart1_send_byte
 .text.uart1_send_string
                0x0000000000000224       0x1e build/default/debug/lib/uart/uart.o
                0x0000000000000224                uart1_send_string
 .text.uart1_data_available
                0x0000000000000242        0xc build/default/debug/lib/uart/uart.o
                0x0000000000000242                uart1_data_available
 .text.uart1_clear_receive_buffer
                0x000000000000024e       0x1a build/default/debug/lib/uart/uart.o
                0x000000000000024e                uart1_clear_receive_buffer
 .text.uart1_receive_string
                0x0000000000000268       0x6c build/default/debug/lib/uart/uart.o
                0x0000000000000268                uart1_receive_string
 .text.i2c_init
                0x00000000000002d4       0x3a build/default/debug/lib/i2c/i2c.o
                0x00000000000002d4                i2c_init
 .text.i2c_write
                0x000000000000030e       0x9c build/default/debug/lib/i2c/i2c.o
                0x000000000000030e                i2c_write
 .text.i2c_device_available
                0x00000000000003aa       0x3a build/default/debug/lib/i2c/i2c.o
                0x00000000000003aa                i2c_device_available
 .text.mcp4728_init
                0x00000000000003e4        0xe build/default/debug/lib/DA_converter_MCP4728A1/mcp4728a1.o
                0x00000000000003e4                mcp4728_init
 .text.mcp4728_set_channel
                0x00000000000003f2       0x6c build/default/debug/lib/DA_converter_MCP4728A1/mcp4728a1.o
                0x00000000000003f2                mcp4728_set_channel
 .text.libgcc.div
                0x000000000000045e       0x44 d:/produktivni programy/mplab/avr8-gnu-toolchain-3.7.0.1796-win32.any.x86_64/avr8-gnu-toolchain-win32_x86_64/bin/../lib/gcc/avr/7.3.0/avrxmega2\libgcc.a(_udivmodsi4.o)
                0x000000000000045e                __udivmodsi4
                0x00000000000004a2                . = ALIGN (0x2)
 *(.fini9)
 .fini9         0x00000000000004a2        0x0 d:/produktivni programy/mplab/avr8-gnu-toolchain-3.7.0.1796-win32.any.x86_64/avr8-gnu-toolchain-win32_x86_64/bin/../lib/gcc/avr/7.3.0/avrxmega2\libgcc.a(_exit.o)
                0x00000000000004a2                _exit
                0x00000000000004a2                exit
 *(.fini9)
 *(.fini8)
 *(.fini8)
 *(.fini7)
 *(.fini7)
 *(.fini6)
 *(.fini6)
 *(.fini5)
 *(.fini5)
 *(.fini4)
 *(.fini4)
 *(.fini3)
 *(.fini3)
 *(.fini2)
 *(.fini2)
 *(.fini1)
 *(.fini1)
 *(.fini0)
 .fini0         0x00000000000004a2        0x4 d:/produktivni programy/mplab/avr8-gnu-toolchain-3.7.0.1796-win32.any.x86_64/avr8-gnu-toolchain-win32_x86_64/bin/../lib/gcc/avr/7.3.0/avrxmega2\libgcc.a(_exit.o)
 *(.fini0)
                0x00000000000004a6                _etext = .

.data           0x0000000000806000       0x2e load address 0x00000000000004a6
                0x0000000000806000                PROVIDE (__data_start, .)
 *(.data)
 *(.data*)
 .data._mcp4728_address
                0x0000000000806000        0x1 build/default/debug/lib/DA_converter_MCP4728A1/mcp4728a1.o
 *(.gnu.linkonce.d*)
 *(.rodata)
 *(.rodata*)
 .rodata.__vector_31.str1.1
                0x0000000000806001        0x9 build/default/debug/src/main.o
                                          0xb (size before relaxing)
 .rodata.main.str1.1
                0x000000000080600a       0x24 build/default/debug/src/main.o
 *(.gnu.linkonce.r*)
                0x000000000080602e                . = ALIGN (0x2)
                0x000000000080602e                _edata = .
                0x000000000080602e                PROVIDE (__data_end, .)

.bss            0x000000000080602e        0x0
                [!provide]                        PROVIDE (__bss_start, .)
 *(.bss)
 *(.bss*)
 *(COMMON)
                [!provide]                        PROVIDE (__bss_end, .)
                0x00000000000004a6                __data_load_start = LOADADDR (.data)
                0x00000000000004d4                __data_load_end = (__data_load_start + SIZEOF (.data))

.noinit         0x000000000080602e        0x0
                [!provide]                        PROVIDE (__noinit_start, .)
 *(.noinit*)
                [!provide]                        PROVIDE (__noinit_end, .)
                0x000000000080602e                _end = .
                [!provide]                        PROVIDE (__heap_start, .)

.eeprom         0x0000000000810000        0x0
 *(.eeprom*)
                0x0000000000810000                __eeprom_end = .

.fuse
 *(.fuse)
 *(.lfuse)
 *(.hfuse)
 *(.efuse)

.lock
 *(.lock*)

.signature
 *(.signature*)

.user_signatures
 *(.user_signatures*)

.stab
 *(.stab)

.stabstr
 *(.stabstr)

.stab.excl
 *(.stab.excl)

.stab.exclstr
 *(.stab.exclstr)

.stab.index
 *(.stab.index)

.stab.indexstr
 *(.stab.indexstr)

.comment        0x0000000000000000       0x30
 *(.comment)
 .comment       0x0000000000000000       0x30 build/default/debug/src/main.o
                                         0x31 (size before relaxing)
 .comment       0x0000000000000030       0x31 build/default/debug/lib/uart/uart.o
 .comment       0x0000000000000030       0x31 build/default/debug/lib/i2c/i2c.o
 .comment       0x0000000000000030       0x31 build/default/debug/lib/DA_converter_MCP4728A1/mcp4728a1.o

.note.gnu.avr.deviceinfo
                0x0000000000000000       0x3c
 .note.gnu.avr.deviceinfo
                0x0000000000000000       0x3c D:/Produktivni programy/MPLab/v610/packs/Microchip/AVR-Dx_DFP/2.3.272/gcc/dev/avr64da28/avrxmega2/crtavr64da28.o

.note.gnu.build-id
 *(.note.gnu.build-id)

.debug
 *(.debug)

.line
 *(.line)

.debug_srcinfo
 *(.debug_srcinfo)

.debug_sfnames
 *(.debug_sfnames)

.debug_aranges  0x0000000000000000      0x130
 *(.debug_aranges)
 .debug_aranges
                0x0000000000000000       0x28 build/default/debug/src/main.o
 .debug_aranges
                0x0000000000000028       0x80 build/default/debug/lib/uart/uart.o
 .debug_aranges
                0x00000000000000a8       0x40 build/default/debug/lib/i2c/i2c.o
 .debug_aranges
                0x00000000000000e8       0x48 build/default/debug/lib/DA_converter_MCP4728A1/mcp4728a1.o

.debug_pubnames
 *(.debug_pubnames)

.debug_info     0x0000000000000000     0x4001
 *(.debug_info .gnu.linkonce.wi.*)
 .debug_info    0x0000000000000000     0x2504 D:/Produktivni programy/MPLab/v610/packs/Microchip/AVR-Dx_DFP/2.3.272/gcc/dev/avr64da28/avrxmega2/crtavr64da28.o
 .debug_info    0x0000000000002504      0x90a build/default/debug/src/main.o
 .debug_info    0x0000000000002e0e      0x6a9 build/default/debug/lib/uart/uart.o
 .debug_info    0x00000000000034b7      0x73f build/default/debug/lib/i2c/i2c.o
 .debug_info    0x0000000000003bf6      0x40b build/default/debug/lib/DA_converter_MCP4728A1/mcp4728a1.o

.debug_abbrev   0x0000000000000000     0x2a47
 *(.debug_abbrev)
 .debug_abbrev  0x0000000000000000     0x230e D:/Produktivni programy/MPLab/v610/packs/Microchip/AVR-Dx_DFP/2.3.272/gcc/dev/avr64da28/avrxmega2/crtavr64da28.o
 .debug_abbrev  0x000000000000230e      0x236 build/default/debug/src/main.o
 .debug_abbrev  0x0000000000002544      0x204 build/default/debug/lib/uart/uart.o
 .debug_abbrev  0x0000000000002748      0x1f8 build/default/debug/lib/i2c/i2c.o
 .debug_abbrev  0x0000000000002940      0x107 build/default/debug/lib/DA_converter_MCP4728A1/mcp4728a1.o

.debug_line     0x0000000000000000      0xe12
 *(.debug_line .debug_line.* .debug_line_end)
 .debug_line    0x0000000000000000      0x18d D:/Produktivni programy/MPLab/v610/packs/Microchip/AVR-Dx_DFP/2.3.272/gcc/dev/avr64da28/avrxmega2/crtavr64da28.o
 .debug_line    0x000000000000018d      0x2c9 build/default/debug/src/main.o
 .debug_line    0x0000000000000456      0x3d8 build/default/debug/lib/uart/uart.o
 .debug_line    0x000000000000082e      0x3d0 build/default/debug/lib/i2c/i2c.o
 .debug_line    0x0000000000000bfe      0x214 build/default/debug/lib/DA_converter_MCP4728A1/mcp4728a1.o

.debug_frame    0x0000000000000000      0x388
 *(.debug_frame)
 .debug_frame   0x0000000000000000       0x8c build/default/debug/src/main.o
 .debug_frame   0x000000000000008c      0x174 build/default/debug/lib/uart/uart.o
 .debug_frame   0x0000000000000200       0xa8 build/default/debug/lib/i2c/i2c.o
 .debug_frame   0x00000000000002a8       0xe0 build/default/debug/lib/DA_converter_MCP4728A1/mcp4728a1.o

.debug_str      0x0000000000000000     0x1b0b
 *(.debug_str)
 .debug_str     0x0000000000000000      0xfdc D:/Produktivni programy/MPLab/v610/packs/Microchip/AVR-Dx_DFP/2.3.272/gcc/dev/avr64da28/avrxmega2/crtavr64da28.o
 .debug_str     0x0000000000000fdc      0x674 build/default/debug/src/main.o
                                        0x6c0 (size before relaxing)
 .debug_str     0x0000000000001650      0x1e7 build/default/debug/lib/uart/uart.o
                                        0x4d7 (size before relaxing)
 .debug_str     0x0000000000001837      0x1e6 build/default/debug/lib/i2c/i2c.o
                                        0x521 (size before relaxing)
 .debug_str     0x0000000000001a1d       0xee build/default/debug/lib/DA_converter_MCP4728A1/mcp4728a1.o
                                        0x3b6 (size before relaxing)

.debug_loc      0x0000000000000000      0xe0a
 *(.debug_loc)
 .debug_loc     0x0000000000000000      0x145 build/default/debug/src/main.o
 .debug_loc     0x0000000000000145      0x45a build/default/debug/lib/uart/uart.o
 .debug_loc     0x000000000000059f      0x567 build/default/debug/lib/i2c/i2c.o
 .debug_loc     0x0000000000000b06      0x304 build/default/debug/lib/DA_converter_MCP4728A1/mcp4728a1.o

.debug_macinfo
 *(.debug_macinfo)

.debug_weaknames
 *(.debug_weaknames)

.debug_funcnames
 *(.debug_funcnames)

.debug_typenames
 *(.debug_typenames)

.debug_varnames
 *(.debug_varnames)

.debug_pubtypes
 *(.debug_pubtypes)

.debug_ranges   0x0000000000000000      0x1b0
 *(.debug_ranges)
 .debug_ranges  0x0000000000000000       0x18 build/default/debug/src/main.o
 .debug_ranges  0x0000000000000018       0xb8 build/default/debug/lib/uart/uart.o
 .debug_ranges  0x00000000000000d0       0xa8 build/default/debug/lib/i2c/i2c.o
 .debug_ranges  0x0000000000000178       0x38 build/default/debug/lib/DA_converter_MCP4728A1/mcp4728a1.o

.debug_macro
 *(.debug_macro)
OUTPUT(dist/default/debug/BJT_tester.X.debug.elf elf32-avr)
LOAD linker stubs
